Component: ARM Compiler 5.06 update 7 (build 960) Tool: armlink [4d3601]

==============================================================================

Section Cross References

    startup_stm32f407xx.o(STACK) refers (Special) to heapauxi.o(.text) for __use_two_region_memory
    startup_stm32f407xx.o(HEAP) refers (Special) to heapauxi.o(.text) for __use_two_region_memory
    startup_stm32f407xx.o(RESET) refers (Special) to heapauxi.o(.text) for __use_two_region_memory
    startup_stm32f407xx.o(RESET) refers to startup_stm32f407xx.o(STACK) for __initial_sp
    startup_stm32f407xx.o(RESET) refers to startup_stm32f407xx.o(.text) for Reset_Handler
    startup_stm32f407xx.o(RESET) refers to stm32f4xx_it.o(i.NMI_Handler) for NMI_Handler
    startup_stm32f407xx.o(RESET) refers to stm32f4xx_it.o(i.HardFault_Handler) for HardFault_Handler
    startup_stm32f407xx.o(RESET) refers to stm32f4xx_it.o(i.MemManage_Handler) for MemManage_Handler
    startup_stm32f407xx.o(RESET) refers to stm32f4xx_it.o(i.BusFault_Handler) for BusFault_Handler
    startup_stm32f407xx.o(RESET) refers to stm32f4xx_it.o(i.UsageFault_Handler) for UsageFault_Handler
    startup_stm32f407xx.o(RESET) refers to port.o(.emb_text) for SVC_Handler
    startup_stm32f407xx.o(RESET) refers to stm32f4xx_it.o(i.DebugMon_Handler) for DebugMon_Handler
    startup_stm32f407xx.o(RESET) refers to port.o(i.SysTick_Handler) for SysTick_Handler
    startup_stm32f407xx.o(RESET) refers to stm32f4xx_it.o(i.RCC_IRQHandler) for RCC_IRQHandler
    startup_stm32f407xx.o(RESET) refers to stm32f4xx_it.o(i.EXTI9_5_IRQHandler) for EXTI9_5_IRQHandler
    startup_stm32f407xx.o(RESET) refers to stm32f4xx_it.o(i.TIM1_TRG_COM_TIM11_IRQHandler) for TIM1_TRG_COM_TIM11_IRQHandler
    startup_stm32f407xx.o(RESET) refers to stm32f4xx_it.o(i.USART2_IRQHandler) for USART2_IRQHandler
    startup_stm32f407xx.o(RESET) refers to stm32f4xx_it.o(i.TIM6_DAC_IRQHandler) for TIM6_DAC_IRQHandler
    startup_stm32f407xx.o(RESET) refers to stm32f4xx_it.o(i.TIM7_IRQHandler) for TIM7_IRQHandler
    startup_stm32f407xx.o(.text) refers (Special) to heapauxi.o(.text) for __use_two_region_memory
    startup_stm32f407xx.o(.text) refers to system_stm32f4xx.o(i.SystemInit) for SystemInit
    startup_stm32f407xx.o(.text) refers to __main.o(!!!main) for __main
    startup_stm32f407xx.o(.text) refers to startup_stm32f407xx.o(HEAP) for Heap_Mem
    startup_stm32f407xx.o(.text) refers to startup_stm32f407xx.o(STACK) for Stack_Mem
    main.o(i.HAL_TIM_PeriodElapsedCallback) refers to stm32f4xx_hal.o(i.HAL_IncTick) for HAL_IncTick
    main.o(i.HAL_TIM_PeriodElapsedCallback) refers to porttimer.o(i.prvvTIMERExpiredISR) for prvvTIMERExpiredISR
    main.o(i.HAL_TIM_PeriodElapsedCallback) refers to stm32f4xx_hal_tim.o(i.HAL_TIM_Base_Stop_IT) for HAL_TIM_Base_Stop_IT
    main.o(i.HAL_TIM_PeriodElapsedCallback) refers to bsp.o(i.reset_LED_STM) for reset_LED_STM
    main.o(i.HAL_TIM_PeriodElapsedCallback) refers to porttimer.o(.data) for counter_Timer7
    main.o(i.HAL_TIM_PeriodElapsedCallback) refers to bsp.o(.data) for update_time_value
    main.o(i.HAL_TIM_PeriodElapsedCallback) refers to stm32f4xx_it.o(.data) for impuls_mutex
    main.o(i.HAL_TIM_PeriodElapsedCallback) refers to bsp.o(.data) for counter_1
    main.o(i.HAL_TIM_PeriodElapsedCallback) refers to bsp.o(.data) for update_value_1
    main.o(i.HAL_TIM_PeriodElapsedCallback) refers to bsp.o(.data) for update_value_2
    main.o(i.HAL_TIM_PeriodElapsedCallback) refers to bsp.o(.data) for work_time
    main.o(i.HAL_TIM_PeriodElapsedCallback) refers to bsp.o(.data) for stop_flag
    main.o(i.HAL_TIM_PeriodElapsedCallback) refers to main.o(.bss) for .bss
    main.o(i.MX_GPIO_Init) refers to rt_memclr_w.o(.text) for __aeabi_memclr4
    main.o(i.MX_GPIO_Init) refers to stm32f4xx_hal_gpio.o(i.HAL_GPIO_WritePin) for HAL_GPIO_WritePin
    main.o(i.MX_GPIO_Init) refers to stm32f4xx_hal_gpio.o(i.HAL_GPIO_Init) for HAL_GPIO_Init
    main.o(i.MX_GPIO_Init) refers to stm32f4xx_hal_cortex.o(i.HAL_NVIC_SetPriority) for HAL_NVIC_SetPriority
    main.o(i.MX_GPIO_Init) refers to stm32f4xx_hal_cortex.o(i.HAL_NVIC_EnableIRQ) for HAL_NVIC_EnableIRQ
    main.o(i.ModBusFunction) refers to mb.o(i.eMBPoll) for eMBPoll
    main.o(i.ModBusFunction) refers to cmsis_os.o(i.osDelay) for osDelay
    main.o(i.StartDefaultTask) refers to cmsis_os.o(i.osDelay) for osDelay
    main.o(i.SystemClock_Config) refers to rt_memclr_w.o(.text) for __aeabi_memclr4
    main.o(i.SystemClock_Config) refers to stm32f4xx_hal_rcc.o(i.HAL_RCC_OscConfig) for HAL_RCC_OscConfig
    main.o(i.SystemClock_Config) refers to stm32f4xx_hal_rcc.o(i.HAL_RCC_ClockConfig) for HAL_RCC_ClockConfig
    main.o(i.main) refers to stm32f4xx_hal.o(i.HAL_Init) for HAL_Init
    main.o(i.main) refers to main.o(i.SystemClock_Config) for SystemClock_Config
    main.o(i.main) refers to main.o(i.MX_GPIO_Init) for MX_GPIO_Init
    main.o(i.main) refers to stm32f4xx_hal_uart.o(i.HAL_UART_Init) for HAL_UART_Init
[...]
    i.WriteParamToModbusStack                0x08001e14   Section        0  modbusdatahandler.o(i.WriteParamToModbusStack)
    i.__NVIC_SetPriority                     0x08001e7c   Section        0  stm32f4xx_hal_cortex.o(i.__NVIC_SetPriority)
    __NVIC_SetPriority                       0x08001e7d   Thumb Code    32  stm32f4xx_hal_cortex.o(i.__NVIC_SetPriority)
    i.__critical_enter                       0x08001e9c   Section        0  mbcallbacks.o(i.__critical_enter)
    i.__critical_exit                        0x08001eac   Section        0  mbcallbacks.o(i.__critical_exit)
    i.eMBEnable                              0x08001ebc   Section        0  mb.o(i.eMBEnable)
    i.eMBFuncReadCoils                       0x08001edc   Section        0  mbfunccoils.o(i.eMBFuncReadCoils)
    i.eMBFuncReadDiscreteInputs              0x08001f4e   Section        0  mbfuncdisc.o(i.eMBFuncReadDiscreteInputs)
    i.eMBFuncReadHoldingRegister             0x08001fc0   Section        0  mbfuncholding.o(i.eMBFuncReadHoldingRegister)
    i.eMBFuncReadInputRegister               0x0800201e   Section        0  mbfuncinput.o(i.eMBFuncReadInputRegister)
    i.eMBFuncReadWriteMultipleHoldingRegister 0x08002080   Section        0  mbfuncholding.o(i.eMBFuncReadWriteMultipleHoldingRegister)
    i.eMBFuncReportSlaveID                   0x0800211c   Section        0  mbfuncother.o(i.eMBFuncReportSlaveID)
    i.eMBFuncWriteCoil                       0x08002140   Section        0  mbfunccoils.o(i.eMBFuncWriteCoil)
    i.eMBFuncWriteHoldingRegister            0x08002196   Section        0  mbfuncholding.o(i.eMBFuncWriteHoldingRegister)
    i.eMBFuncWriteMultipleCoils              0x080021c8   Section        0  mbfunccoils.o(i.eMBFuncWriteMultipleCoils)
    i.eMBFuncWriteMultipleHoldingRegister    0x0800222c   Section        0  mbfuncholding.o(i.eMBFuncWriteMultipleHoldingRegister)
    i.eMBInit                                0x0800227c   Section        0  mb.o(i.eMBInit)
    i.eMBPoll                                0x080022fc   Section        0  mb.o(i.eMBPoll)
    i.eMBRTUInit                             0x080023b0   Section        0  mbrtu.o(i.eMBRTUInit)
    i.eMBRTUReceive                          0x080023fc   Section        0  mbrtu.o(i.eMBRTUReceive)
    i.eMBRTUSend                             0x08002454   Section        0  mbrtu.o(i.eMBRTUSend)
    i.eMBRTUStart                            0x080024c4   Section        0  mbrtu.o(i.eMBRTUStart)
    i.eMBRTUStop                             0x080024e8   Section        0  mbrtu.o(i.eMBRTUStop)
    i.eMBRegCoilsCB                          0x08002502   Section        0  mbcallbacks.o(i.eMBRegCoilsCB)
    i.eMBRegDiscreteCB                       0x08002506   Section        0  mbcallbacks.o(i.eMBRegDiscreteCB)
    i.eMBRegHoldingCB                        0x0800250c   Section        0  mbcallbacks.o(i.eMBRegHoldingCB)
    i.eMBRegInputCB                          0x0800258c   Section        0  mbcallbacks.o(i.eMBRegInputCB)
    i.enable_RX                              0x08002590   Section        0  bsp.o(i.enable_RX)
    i.enable_TX                              0x080025a0   Section        0  bsp.o(i.enable_TX)
    i.main                                   0x080025b0   Section        0  main.o(i.main)
    i.makeFreeRtosPriority                   0x080026b4   Section        0  cmsis_os.o(i.makeFreeRtosPriority)
    makeFreeRtosPriority                     0x080026b5   Thumb Code    12  cmsis_os.o(i.makeFreeRtosPriority)
    i.osDelay                                0x080026c0   Section        0  cmsis_os.o(i.osDelay)
    i.osKernelStart                          0x080026ce   Section        0  cmsis_os.o(i.osKernelStart)
    i.osThreadCreate                         0x080026d8   Section        0  cmsis_os.o(i.osThreadCreate)
    i.prvAddCurrentTaskToDelayedList         0x0800272c   Section        0  tasks.o(i.prvAddCurrentTaskToDelayedList)
    prvAddCurrentTaskToDelayedList           0x0800272d   Thumb Code   102  tasks.o(i.prvAddCurrentTaskToDelayedList)
    i.prvAddNewTaskToReadyList               0x0800279c   Section        0  tasks.o(i.prvAddNewTaskToReadyList)
    prvAddNewTaskToReadyList                 0x0800279d   Thumb Code   194  tasks.o(i.prvAddNewTaskToReadyList)
    i.prvDeleteTCB                           0x0800286c   Section        0  tasks.o(i.prvDeleteTCB)
    prvDeleteTCB                             0x0800286d   Thumb Code    52  tasks.o(i.prvDeleteTCB)
    i.prvHeapInit                            0x080028a0   Section        0  heap_4.o(i.prvHeapInit)
    prvHeapInit                              0x080028a1   Thumb Code    66  heap_4.o(i.prvHeapInit)
    i.prvIdleTask                            0x080028ec   Section        0  tasks.o(i.prvIdleTask)
    prvIdleTask                              0x080028ed   Thumb Code    80  tasks.o(i.prvIdleTask)
    i.prvInitialiseNewTask                   0x08002948   Section        0  tasks.o(i.prvInitialiseNewTask)
    prvInitialiseNewTask                     0x08002949   Thumb Code   152  tasks.o(i.prvInitialiseNewTask)
    i.prvInsertBlockIntoFreeList             0x080029e0   Section        0  heap_4.o(i.prvInsertBlockIntoFreeList)
    prvInsertBlockIntoFreeList               0x080029e1   Thumb Code    72  heap_4.o(i.prvInsertBlockIntoFreeList)
    i.prvResetNextTaskUnblockTime            0x08002a2c   Section        0  tasks.o(i.prvResetNextTaskUnblockTime)
    prvResetNextTaskUnblockTime              0x08002a2d   Thumb Code    26  tasks.o(i.prvResetNextTaskUnblockTime)
    i.prvTaskExitError                       0x08002a4c   Section        0  port.o(i.prvTaskExitError)
    prvTaskExitError                         0x08002a4d   Thumb Code    36  port.o(i.prvTaskExitError)
    i.prveMBError2Exception                  0x08002a74   Section        0  mbutils.o(i.prveMBError2Exception)
    i.prvvTIMERExpiredISR                    0x08002a8c   Section        0  porttimer.o(i.prvvTIMERExpiredISR)
    i.pvPortMalloc                           0x08002a98   Section        0  heap_4.o(i.pvPortMalloc)
    i.pxPortInitialiseStack                  0x08002b74   Section        0  port.o(i.pxPortInitialiseStack)
    i.reset_LED_STM                          0x08002ba0   Section        0  bsp.o(i.reset_LED_STM)
    i.reset_TEST_LED1                        0x08002bb0   Section        0  bsp.o(i.reset_TEST_LED1)
    i.reset_TEST_LED2                        0x08002bc0   Section        0  bsp.o(i.reset_TEST_LED2)
    i.set_LED_STM                            0x08002bd0   Section        0  bsp.o(i.set_LED_STM)
    i.set_TEST_LED1                          0x08002be0   Section        0  bsp.o(i.set_TEST_LED1)
    i.usMBCRC16                              0x08002bf0   Section        0  mbcrc.o(i.usMBCRC16)
    i.uxListRemove                           0x08002c1c   Section        0  list.o(i.uxListRemove)
    i.vApplicationGetIdleTaskMemory          0x08002c44   Section        0  freertos.o(i.vApplicationGetIdleTaskMemory)
    i.vListInitialise                        0x08002c58   Section        0  list.o(i.vListInitialise)
    i.vListInitialiseItem                    0x08002c6e   Section        0  list.o(i.vListInitialiseItem)
    i.vListInsert                            0x08002c74   Section        0  list.o(i.vListInsert)
    i.vListInsertEnd                         0x08002ca4   Section        0  list.o(i.vListInsertEnd)
    i.vMBPortSerialEnable                    0x08002cbc   Section        0  portserial.o(i.vMBPortSerialEnable)
    i.vMBPortTimersDisable                   0x08002cec   Section        0  porttimer.o(i.vMBPortTimersDisable)
    i.vMBPortTimersEnable                    0x08002cf8   Section        0  porttimer.o(i.vMBPortTimersEnable)
    i.vPortEnterCritical                     0x08002d0c   Section        0  port.o(i.vPortEnterCritical)
    i.vPortExitCritical                      0x08002d4c   Section        0  port.o(i.vPortExitCritical)
    i.vPortFree                              0x08002d74   Section        0  heap_4.o(i.vPortFree)
    i.vPortSetupTimerInterrupt               0x08002dd8   Section        0  port.o(i.vPortSetupTimerInterrupt)
    i.vTaskDelay                             0x08002dfc   Section        0  tasks.o(i.vTaskDelay)
    i.vTaskStartScheduler                    0x08002e48   Section        0  tasks.o(i.vTaskStartScheduler)
    i.vTaskSuspendAll                        0x08002eb4   Section        0  tasks.o(i.vTaskSuspendAll)
    i.vTaskSwitchContext                     0x08002ec4   Section        0  tasks.o(i.vTaskSwitchContext)
    i.xMBPortEventGet                        0x08002f20   Section        0  portevent.o(i.xMBPortEventGet)
    i.xMBPortEventInit                       0x08002f3c   Section        0  portevent.o(i.xMBPortEventInit)
    i.xMBPortEventPost                       0x08002f4c   Section        0  portevent.o(i.xMBPortEventPost)
    i.xMBPortSerialGetByte                   0x08002f5c   Section        0  portserial.o(i.xMBPortSerialGetByte)
    i.xMBPortSerialInit                      0x08002f74   Section        0  portserial.o(i.xMBPortSerialInit)
    i.xMBPortSerialPutByte                   0x08002fcc   Section        0  portserial.o(i.xMBPortSerialPutByte)
    i.xMBPortTimersInit                      0x08002fdc   Section        0  porttimer.o(i.xMBPortTimersInit)
    i.xMBRTUReceiveFSM                       0x08002fe8   Section        0  mbrtu.o(i.xMBRTUReceiveFSM)
    i.xMBRTUTimerT35Expired                  0x08003050   Section        0  mbrtu.o(i.xMBRTUTimerT35Expired)
    i.xMBRTUTransmitFSM                      0x08003090   Section        0  mbrtu.o(i.xMBRTUTransmitFSM)
    i.xPortStartScheduler                    0x080030f4   Section        0  port.o(i.xPortStartScheduler)
    i.xTaskCreate                            0x080031e8   Section        0  tasks.o(i.xTaskCreate)
    i.xTaskCreateStatic                      0x08003242   Section        0  tasks.o(i.xTaskCreateStatic)
    i.xTaskIncrementTick                     0x0800329c   Section        0  tasks.o(i.xTaskIncrementTick)
    i.xTaskResumeAll                         0x08003368   Section        0  tasks.o(i.xTaskResumeAll)
    x$fpl$fpinit                             0x0800342c   Section       10  fpinit.o(x$fpl$fpinit)
    $v0                                      0x0800342c   Number         0  fpinit.o(x$fpl$fpinit)
    .constdata                               0x08003438   Section       56  main.o(.constdata)
    .constdata                               0x08003470   Section       16  system_stm32f4xx.o(.constdata)
    .constdata                               0x08003480   Section        8  system_stm32f4xx.o(.constdata)
    .constdata                               0x08003488   Section      512  mbcrc.o(.constdata)
    aucCRCHi                                 0x08003488   Data         256  mbcrc.o(.constdata)
    aucCRCLo                                 0x08003588   Data         256  mbcrc.o(.constdata)
    .conststring                             0x08003688   Section       24  main.o(.conststring)
    .data                                    0x20000000   Section        8  main.o(.data)
    .data                                    0x20000008   Section        1  stm32f4xx_it.o(.data)
    .data                                    0x2000000c   Section       12  stm32f4xx_hal.o(.data)
    .data                                    0x20000018   Section        4  system_stm32f4xx.o(.data)
    .data                                    0x2000001c   Section       60  tasks.o(.data)
    uxDeletedTasksWaitingCleanUp             0x20000020   Data           4  tasks.o(.data)
    uxCurrentNumberOfTasks                   0x20000024   Data           4  tasks.o(.data)
    xTickCount                               0x20000028   Data           4  tasks.o(.data)
    uxTopReadyPriority                       0x2000002c   Data           4  tasks.o(.data)
    xSchedulerRunning                        0x20000030   Data           4  tasks.o(.data)
    xPendedTicks                             0x20000034   Data           4  tasks.o(.data)
    xYieldPending                            0x20000038   Data           4  tasks.o(.data)
    xNumOfOverflows                          0x2000003c   Data           4  tasks.o(.data)
    uxTaskNumber                             0x20000040   Data           4  tasks.o(.data)
    xNextTaskUnblockTime                     0x20000044   Data           4  tasks.o(.data)
    xIdleTaskHandle                          0x20000048   Data           4  tasks.o(.data)
    uxSchedulerSuspended                     0x2000004c   Data           4  tasks.o(.data)
    pxDelayedTaskList                        0x20000050   Data           4  tasks.o(.data)
    pxOverflowDelayedTaskList                0x20000054   Data           4  tasks.o(.data)
    .data                                    0x20000058   Section       32  heap_4.o(.data)
    pxEnd                                    0x20000058   Data           4  heap_4.o(.data)
    xFreeBytesRemaining                      0x2000005c   Data           4  heap_4.o(.data)
    xMinimumEverFreeBytesRemaining           0x20000060   Data           4  heap_4.o(.data)
    xNumberOfSuccessfulAllocations           0x20000064   Data           4  heap_4.o(.data)
    xNumberOfSuccessfulFrees                 0x20000068   Data           4  heap_4.o(.data)
    xBlockAllocatedBit                       0x2000006c   Data           4  heap_4.o(.data)
    xStart                                   0x20000070   Data           8  heap_4.o(.data)
    .data                                    0x20000078   Section       12  port.o(.data)
    ucMaxSysCallPriority                     0x20000078   Data           1  port.o(.data)
    uxCriticalNesting                        0x2000007c   Data           4  port.o(.data)
    ulMaxPRIGROUPValue                       0x20000080   Data           4  port.o(.data)
    .data                                    0x20000084   Section       12  bsp.o(.data)
    .data                                    0x20000090   Section        4  bsp.o(.data)
    .data                                    0x20000094   Section        4  bsp.o(.data)
    .data                                    0x20000098   Section        2  bsp.o(.data)
    .data                                    0x2000009c   Section        4  bsp.o(.data)
    .data                                    0x200000a0   Section        4  bsp.o(.data)
    .data                                    0x200000a4   Section        2  mbfuncother.o(.data)
    usMBSlaveIDLen                           0x200000a4   Data           2  mbfuncother.o(.data)
    .data                                    0x200000a6   Section        2  portevent.o(.data)
    eQueuedEvent                             0x200000a6   Data           1  portevent.o(.data)
    xEventInQueue                            0x200000a7   Data           1  portevent.o(.data)
    .data                                    0x200000a8   Section        4  porttimer.o(.data)
    .data                                    0x200000ac   Section       12  mbrtu.o(.data)
    eSndState                                0x200000ac   Data           1  mbrtu.o(.data)
    eRcvState                                0x200000ad   Data           1  mbrtu.o(.data)
    usSndBufferCount                         0x200000ae   Data           2  mbrtu.o(.data)
    usRcvBufferPos                           0x200000b0   Data           2  mbrtu.o(.data)
    pucSndBufferCur                          0x200000b4   Data           4  mbrtu.o(.data)
    .data                                    0x200000b8   Section      172  mb.o(.data)
    eMBState                                 0x200000b8   Data           1  mb.o(.data)
    ucRcvAddress                             0x200000b9   Data           1  mb.o(.data)
    ucFunctionCode                           0x200000ba   Data           1  mb.o(.data)
    eException                               0x200000bb   Data           1  mb.o(.data)
    ucMBAddress                              0x200000bc   Data           1  mb.o(.data)
    eMBCurrentMode                           0x200000bd   Data           1  mb.o(.data)
    usLength                                 0x200000be   Data           2  mb.o(.data)
    ucMBFrame                                0x200000c0   Data           4  mb.o(.data)
    peMBFrameSendCur                         0x200000c4   Data           4  mb.o(.data)
    pvMBFrameStartCur                        0x200000c8   Data           4  mb.o(.data)
    pvMBFrameStopCur                         0x200000cc   Data           4  mb.o(.data)
    peMBFrameReceiveCur                      0x200000d0   Data           4  mb.o(.data)
    pvMBFrameCloseCur                        0x200000d4   Data           4  mb.o(.data)
    xFuncHandlers                            0x200000e4   Data         128  mb.o(.data)
    .data                                    0x20000164   Section        4  mbcallbacks.o(.data)
    lock_nesting_count                       0x20000164   Data           4  mbcallbacks.o(.data)
    .bss                                     0x20000168   Section      212  main.o(.bss)
    .bss                                     0x2000023c   Section      596  freertos.o(.bss)
    xIdleTaskTCBBuffer                       0x2000023c   Data          84  freertos.o(.bss)
    xIdleStack                               0x20000290   Data         512  freertos.o(.bss)
    .bss                                     0x20000490   Section       72  stm32f4xx_hal_timebase_tim.o(.bss)
    .bss                                     0x200004d8   Section      240  tasks.o(.bss)
    pxReadyTasksLists                        0x200004d8   Data         140  tasks.o(.bss)
    xDelayedTaskList1                        0x20000564   Data          20  tasks.o(.bss)
    xDelayedTaskList2                        0x20000578   Data          20  tasks.o(.bss)
    xPendingReadyList                        0x2000058c   Data          20  tasks.o(.bss)
    xTasksWaitingTermination                 0x200005a0   Data          20  tasks.o(.bss)
    xSuspendedTaskList                       0x200005b4   Data          20  tasks.o(.bss)
    .bss                                     0x200005c8   Section    15360  heap_4.o(.bss)
    ucHeap                                   0x200005c8   Data       15360  heap_4.o(.bss)
    .bss                                     0x200041c8   Section       32  mbfuncother.o(.bss)
    ucMBSlaveID                              0x200041c8   Data          32  mbfuncother.o(.bss)
    .bss                                     0x200041e8   Section      256  mbrtu.o(.bss)
    .bss                                     0x200042e8   Section       16  mbcallbacks.o(.bss)
    .bss                                     0x200042f8   Section       96  libspace.o(.bss)
    HEAP                                     0x20004358   Section     8192  startup_stm32f407xx.o(HEAP)
    Heap_Mem                                 0x20004358   Data        8192  startup_stm32f407xx.o(HEAP)
    STACK                                    0x20006358   Section    16384  startup_stm32f407xx.o(STACK)
    Stack_Mem                                0x20006358   Data       16384  startup_stm32f407xx.o(STACK)
    __initial_sp                             0x2000a358   Data           0  startup_stm32f407xx.o(STACK)

    Global Symbols

    Symbol Name                              Value     Ov Type        Size  Object(Section)

    BuildAttributes$$THM_ISAv4$E$P$D$K$B$S$7EM$VFPi3$EXTD16$VFPS$VFMA$PE$A:L22UL41UL21$X:L11$S22US41US21$IEEE1$IW$USESV6$~STKCKD$USESV7$~SHL$OSPACE$ROPI$EBA8$UX$STANDARDLIB$REQ8$PRES8$EABIv2 0x00000000   Number         0  anon$$obj.o ABSOLUTE
    __ARM_use_no_argv                        0x00000000   Number         0  main.o ABSOLUTE
    __ARM_exceptions_init                     - Undefined Weak Reference
    __alloca_initialize                       - Undefined Weak Reference
    __arm_fini_                               - Undefined Weak Reference
    __arm_preinit_                            - Undefined Weak Reference
    __cpp_initialize__aeabi_                  - Undefined Weak Reference
    __cxa_finalize                            - Undefined Weak Reference
    __rt_locale                               - Undefined Weak Reference
    __sigvec_lookup                           - Undefined Weak Reference
    _atexit_init                              - Undefined Weak Reference
    _call_atexit_fns                          - Undefined Weak Reference
    _clock_init                               - Undefined Weak Reference
    _fp_trap_init                             - Undefined Weak Reference
    _fp_trap_shutdown                         - Undefined Weak Reference
    _get_lc_collate                           - Undefined Weak Reference
    _get_lc_ctype                             - Undefined Weak Reference
    _get_lc_monetary                          - Undefined Weak Reference
    _get_lc_numeric                           - Undefined Weak Reference
    _get_lc_time                              - Undefined Weak Reference
    _getenv_init                              - Undefined Weak Reference
    _handle_redirection                       - Undefined Weak Reference
    _init_alloc                               - Undefined Weak Reference
    _init_user_alloc                          - Undefined Weak Reference
    _initio                                   - Undefined Weak Reference
    _rand_init                                - Undefined Weak Reference
    _signal_finish                            - Undefined Weak Reference
    _signal_init                              - Undefined Weak Reference
    _terminate_alloc                          - Undefined Weak Reference
    _terminate_user_alloc                     - Undefined Weak Reference
    _terminateio                              - Undefined Weak Reference
    __Vectors_Size                           0x00000188   Number         0  startup_stm32f407xx.o ABSOLUTE
    __Vectors                                0x08000000   Data           4  startup_stm32f407xx.o(RESET)
    __Vectors_End                            0x08000188   Data           0  startup_stm32f407xx.o(RESET)
    __main                                   0x08000189   Thumb Code     8  __main.o(!!!main)
    __scatterload                            0x08000191   Thumb Code     0  __scatter.o(!!!scatter)
    __scatterload_rt2                        0x08000191   Thumb Code    44  __scatter.o(!!!scatter)
    __scatterload_rt2_thumb_only             0x08000191   Thumb Code     0  __scatter.o(!!!scatter)
    __scatterload_null                       0x0800019f   Thumb Code     0  __scatter.o(!!!scatter)
    __decompress                             0x080001c5   Thumb Code    90  __dczerorl2.o(!!dczerorl2)
    __decompress1                            0x080001c5   Thumb Code     0  __dczerorl2.o(!!dczerorl2)
    __scatterload_zeroinit                   0x08000221   Thumb Code    28  __scatter_zi.o(!!handler_zi)
    __rt_lib_init                            0x0800023d   Thumb Code     0  libinit.o(.ARM.Collect$$libinit$$00000000)
    __rt_lib_init_fp_1                       0x0800023f   Thumb Code     0  libinit2.o(.ARM.Collect$$libinit$$00000001)
    __rt_lib_init_alloca_1                   0x08000243   Thumb Code     0  libinit2.o(.ARM.Collect$$libinit$$0000002E)
    __rt_lib_init_argv_1                     0x08000243   Thumb Code     0  libinit2.o(.ARM.Collect$$libinit$$0000002C)
    __rt_lib_init_atexit_1                   0x08000243   Thumb Code     0  libinit2.o(.ARM.Collect$$libinit$$0000001B)
    __rt_lib_init_clock_1                    0x08000243   Thumb Code     0  libinit2.o(.ARM.Collect$$libinit$$00000021)
    __rt_lib_init_cpp_1                      0x08000243   Thumb Code     0  libinit2.o(.ARM.Collect$$libinit$$00000032)
    __rt_lib_init_exceptions_1               0x08000243   Thumb Code     0  libinit2.o(.ARM.Collect$$libinit$$00000030)
    __rt_lib_init_fp_trap_1                  0x08000243   Thumb Code     0  libinit2.o(.ARM.Collect$$libinit$$0000001F)
    __rt_lib_init_getenv_1                   0x08000243   Thumb Code     0  libinit2.o(.ARM.Collect$$libinit$$00000023)
    __rt_lib_init_heap_1                     0x08000243   Thumb Code     0  libinit2.o(.ARM.Collect$$libinit$$0000000A)
    __rt_lib_init_lc_collate_1               0x08000243   Thumb Code     0  libinit2.o(.ARM.Collect$$libinit$$00000011)
    __rt_lib_init_lc_ctype_1                 0x08000243   Thumb Code     0  libinit2.o(.ARM.Collect$$libinit$$00000013)
    __rt_lib_init_lc_monetary_1              0x08000243   Thumb Code     0  libinit2.o(.ARM.Collect$$libinit$$00000015)
    __rt_lib_init_lc_numeric_1               0x08000243   Thumb Code     0  libinit2.o(.ARM.Collect$$libinit$$00000017)
    __rt_lib_init_lc_time_1                  0x08000243   Thumb Code     0  libinit2.o(.ARM.Collect$$libinit$$00000019)
    __rt_lib_init_preinit_1                  0x08000243   Thumb Code     0  libinit2.o(.ARM.Collect$$libinit$$00000004)
    __rt_lib_init_rand_1                     0x08000243   Thumb Code     0  libinit2.o(.ARM.Collect$$libinit$$0000000E)
    __rt_lib_init_return                     0x08000243   Thumb Code     0  libinit2.o(.ARM.Collect$$libinit$$00000033)
    __rt_lib_init_signal_1                   0x08000243   Thumb Code     0  libinit2.o(.ARM.Collect$$libinit$$0000001D)
    __rt_lib_init_stdio_1                    0x08000243   Thumb Code     0  libinit2.o(.ARM.Collect$$libinit$$00000025)
    __rt_lib_init_user_alloc_1               0x08000243   Thumb Code     0  libinit2.o(.ARM.Collect$$libinit$$0000000C)
    __rt_lib_shutdown                        0x08000245   Thumb Code     0  libshutdown.o(.ARM.Collect$$libshutdown$$00000000)
    __rt_lib_shutdown_cpp_1                  0x08000247   Thumb Code     0  libshutdown2.o(.ARM.Collect$$libshutdown$$00000004)
    __rt_lib_shutdown_fini_1                 0x08000247   Thumb Code     0  libshutdown2.o(.ARM.Collect$$libshutdown$$00000002)
    __rt_lib_shutdown_fp_trap_1              0x08000247   Thumb Code     0  libshutdown2.o(.ARM.Collect$$libshutdown$$00000009)
    __rt_lib_shutdown_heap_1                 0x08000247   Thumb Code     0  libshutdown2.o(.ARM.Collect$$libshutdown$$00000011)
    __rt_lib_shutdown_return                 0x08000247   Thumb Code     0  libshutdown2.o(.ARM.Collect$$libshutdown$$00000012)
    __rt_lib_shutdown_signal_1               0x08000247   Thumb Code     0  libshutdown2.o(.ARM.Collect$$libshutdown$$0000000C)
    __rt_lib_shutdown_stdio_1                0x08000247   Thumb Code     0  libshutdown2.o(.ARM.Collect$$libshutdown$$00000006)
    __rt_lib_shutdown_user_alloc_1           0x08000247   Thumb Code     0  libshutdown2.o(.ARM.Collect$$libshutdown$$0000000E)
    __rt_entry                               0x08000249   Thumb Code     0  __rtentry.o(.ARM.Collect$$rtentry$$00000000)
    __rt_entry_presh_1                       0x08000249   Thumb Code     0  __rtentry2.o(.ARM.Collect$$rtentry$$00000002)
    __rt_entry_sh                            0x08000249   Thumb Code     0  __rtentry4.o(.ARM.Collect$$rtentry$$00000004)
    __rt_entry_li                            0x0800024f   Thumb Code     0  __rtentry2.o(.ARM.Collect$$rtentry$$0000000A)
    __rt_entry_postsh_1                      0x0800024f   Thumb Code     0  __rtentry2.o(.ARM.Collect$$rtentry$$00000009)
    __rt_entry_main                          0x08000253   Thumb Code     0  __rtentry2.o(.ARM.Collect$$rtentry$$0000000D)
    __rt_entry_postli_1                      0x08000253   Thumb Code     0  __rtentry2.o(.ARM.Collect$$rtentry$$0000000C)
    __rt_exit                                0x0800025b   Thumb Code     0  rtexit.o(.ARM.Collect$$rtexit$$00000000)
    __rt_exit_ls                             0x0800025d   Thumb Code     0  rtexit2.o(.ARM.Collect$$rtexit$$00000003)
    __rt_exit_prels_1                        0x0800025d   Thumb Code     0  rtexit2.o(.ARM.Collect$$rtexit$$00000002)
    __rt_exit_exit                           0x08000261   Thumb Code     0  rtexit2.o(.ARM.Collect$$rtexit$$00000004)
    SVC_Handler                              0x08000269   Thumb Code    28  port.o(.emb_text)
    __asm___6_port_c_39a90d8d__prvStartFirstTask 0x08000289   Thumb Code    36  port.o(.emb_text)
    __asm___6_port_c_39a90d8d__prvEnableVFP  0x080002b1   Thumb Code    16  port.o(.emb_text)
    PendSV_Handler                           0x080002c5   Thumb Code    88  port.o(.emb_text)
    vPortGetIPSR                             0x08000321   Thumb Code     6  port.o(.emb_text)
    Reset_Handler                            0x08000329   Thumb Code     8  startup_stm32f407xx.o(.text)
    ADC_IRQHandler                           0x08000343   Thumb Code     0  startup_stm32f407xx.o(.text)
    CAN1_RX0_IRQHandler                      0x08000343   Thumb Code     0  startup_stm32f407xx.o(.text)
    CAN1_RX1_IRQHandler                      0x08000343   Thumb Code     0  startup_stm32f407xx.o(.text)
    CAN1_SCE_IRQHandler                      0x08000343   Thumb Code     0  startup_stm32f407xx.o(.text)
    CAN1_TX_IRQHandler                       0x08000343   Thumb Code     0  startup_stm32f407xx.o(.text)
    CAN2_RX0_IRQHandler                      0x08000343   Thumb Code     0  startup_stm32f407xx.o(.text)
    CAN2_RX1_IRQHandler                      0x08000343   Thumb Code     0  startup_stm32f407xx.o(.text)
    CAN2_SCE_IRQHandler                      0x08000343   Thumb Code     0  startup_stm32f407xx.o(.text)
    CAN2_TX_IRQHandler                       0x08000343   Thumb Code     0  startup_stm32f407xx.o(.text)
    DCMI_IRQHandler                          0x08000343   Thumb Code     0  startup_stm32f407xx.o(.text)
    DMA1_Stream0_IRQHandler                  0x08000343   Thumb Code     0  startup_stm32f407xx.o(.text)
    DMA1_Stream1_IRQHandler                  0x08000343   Thumb Code     0  startup_stm32f407xx.o(.text)
    DMA1_Stream2_IRQHandler                  0x08000343   Thumb Code     0  startup_stm32f407xx.o(.text)
    DMA1_Stream3_IRQHandler                  0x08000343   Thumb Code     0  startup_stm32f407xx.o(.text)
    DMA1_Stream4_IRQHandler                  0x08000343   Thumb Code     0  startup_stm32f407xx.o(.text)
    DMA1_Stream5_IRQHandler                  0x08000343   Thumb Code     0  startup_stm32f407xx.o(.text)
    DMA1_Stream6_IRQHandler                  0x08000343   Thumb Code     0  startup_stm32f407xx.o(.text)
    DMA1_Stream7_IRQHandler                  0x08000343   Thumb Code     0  startup_stm32f407xx.o(.text)
    DMA2_Stream0_IRQHandler                  0x08000343   Thumb Code     0  startup_stm32f407xx.o(.text)
    DMA2_Stream1_IRQHandler                  0x08000343   Thumb Code     0  startup_stm32f407xx.o(.text)
    DMA2_Stream2_IRQHandler                  0x08000343   Thumb Code     0  startup_stm32f407xx.o(.text)
    DMA2_Stream3_IRQHandler                  0x08000343   Thumb Code     0  startup_stm32f407xx.o(.text)
    DMA2_Stream4_IRQHandler                  0x08000343   Thumb Code     0  startup_stm32f407xx.o(.text)
    DMA2_Stream5_IRQHandler                  0x08000343   Thumb Code     0  startup_stm32f407xx.o(.text)
    DMA2_Stream6_IRQHandler                  0x08000343   Thumb Code     0  startup_stm32f407xx.o(.text)
    DMA2_Stream7_IRQHandler                  0x08000343   Thumb Code     0  startup_stm32f407xx.o(.text)
    ETH_IRQHandler                           0x08000343   Thumb Code     0  startup_stm32f407xx.o(.text)
    ETH_WKUP_IRQHandler                      0x08000343   Thumb Code     0  startup_stm32f407xx.o(.text)
    EXTI0_IRQHandler                         0x08000343   Thumb Code     0  startup_stm32f407xx.o(.text)
    EXTI15_10_IRQHandler                     0x08000343   Thumb Code     0  startup_stm32f407xx.o(.text)
    EXTI1_IRQHandler                         0x08000343   Thumb Code     0  startup_stm32f407xx.o(.text)
    EXTI2_IRQHandler                         0x08000343   Thumb Code     0  startup_stm32f407xx.o(.text)
    EXTI3_IRQHandler                         0x08000343   Thumb Code     0  startup_stm32f407xx.o(.text)
    EXTI4_IRQHandler                         0x08000343   Thumb Code     0  startup_stm32f407xx.o(.text)
    FLASH_IRQHandler                         0x08000343   Thumb Code     0  startup_stm32f407xx.o(.text)
    FMC_IRQHandler                           0x08000343   Thumb Code     0  startup_stm32f407xx.o(.text)
    FPU_IRQHandler                           0x08000343   Thumb Code     0  startup_stm32f407xx.o(.text)
    HASH_RNG_IRQHandler                      0x08000343   Thumb Code     0  startup_stm32f407xx.o(.text)
    I2C1_ER_IRQHandler                       0x08000343   Thumb Code     0  startup_stm32f407xx.o(.text)
    I2C1_EV_IRQHandler                       0x08000343   Thumb Code     0  startup_stm32f407xx.o(.text)
    I2C2_ER_IRQHandler                       0x08000343   Thumb Code     0  startup_stm32f407xx.o(.text)
    I2C2_EV_IRQHandler                       0x08000343   Thumb Code     0  startup_stm32f407xx.o(.text)
    I2C3_ER_IRQHandler                       0x08000343   Thumb Code     0  startup_stm32f407xx.o(.text)
    I2C3_EV_IRQHandler                       0x08000343   Thumb Code     0  startup_stm32f407xx.o(.text)
    OTG_FS_IRQHandler                        0x08000343   Thumb Code     0  startup_stm32f407xx.o(.text)
    OTG_FS_WKUP_IRQHandler                   0x08000343   Thumb Code     0  startup_stm32f407xx.o(.text)
    OTG_HS_EP1_IN_IRQHandler                 0x08000343   Thumb Code     0  startup_stm32f407xx.o(.text)
    OTG_HS_EP1_OUT_IRQHandler                0x08000343   Thumb Code     0  startup_stm32f407xx.o(.text)
    OTG_HS_IRQHandler                        0x08000343   Thumb Code     0  startup_stm32f407xx.o(.text)
    OTG_HS_WKUP_IRQHandler                   0x08000343   Thumb Code     0  startup_stm32f407xx.o(.text)
    PVD_IRQHandler                           0x08000343   Thumb Code     0  startup_stm32f407xx.o(.text)
    RTC_Alarm_IRQHandler                     0x08000343   Thumb Code     0  startup_stm32f407xx.o(.text)
    RTC_WKUP_IRQHandler                      0x08000343   Thumb Code     0  startup_stm32f407xx.o(.text)
    SDIO_IRQHandler                          0x08000343   Thumb Code     0  startup_stm32f407xx.o(.text)
    SPI1_IRQHandler                          0x08000343   Thumb Code     0  startup_stm32f407xx.o(.text)
    SPI2_IRQHandler                          0x08000343   Thumb Code     0  startup_stm32f407xx.o(.text)
    SPI3_IRQHandler                          0x08000343   Thumb Code     0  startup_stm32f407xx.o(.text)
    TAMP_STAMP_IRQHandler                    0x08000343   Thumb Code     0  startup_stm32f407xx.o(.text)
    TIM1_BRK_TIM9_IRQHandler                 0x08000343   Thumb Code     0  startup_stm32f407xx.o(.text)
    TIM1_CC_IRQHandler                       0x08000343   Thumb Code     0  startup_stm32f407xx.o(.text)
    TIM1_UP_TIM10_IRQHandler                 0x08000343   Thumb Code     0  startup_stm32f407xx.o(.text)
    TIM2_IRQHandler                          0x08000343   Thumb Code     0  startup_stm32f407xx.o(.text)
    TIM3_IRQHandler                          0x08000343   Thumb Code     0  startup_stm32f407xx.o(.text)
    TIM4_IRQHandler                          0x08000343   Thumb Code     0  startup_stm32f407xx.o(.text)
    TIM5_IRQHandler                          0x08000343   Thumb Code     0  startup_stm32f407xx.o(.text)
    TIM8_BRK_TIM12_IRQHandler                0x08000343   Thumb Code     0  startup_stm32f407xx.o(.text)
    TIM8_CC_IRQHandler                       0x08000343   Thumb Code     0  startup_stm32f407xx.o(.text)
    TIM8_TRG_COM_TIM14_IRQHandler            0x08000343   Thumb Code     0  startup_stm32f407xx.o(.text)
    TIM8_UP_TIM13_IRQHandler                 0x08000343   Thumb Code     0  startup_stm32f407xx.o(.text)
    UART4_IRQHandler                         0x08000343   Thumb Code     0  startup_stm32f407xx.o(.text)
    UART5_IRQHandler                         0x08000343   Thumb Code     0  startup_stm32f407xx.o(.text)
    USART1_IRQHandler                        0x08000343   Thumb Code     0  startup_stm32f407xx.o(.text)
    USART3_IRQHandler                        0x08000343   Thumb Code     0  startup_stm32f407xx.o(.text)
    USART6_IRQHandler                        0x08000343   Thumb Code     0  startup_stm32f407xx.o(.text)
    WWDG_IRQHandler                          0x08000343   Thumb Code     0  startup_stm32f407xx.o(.text)
    __user_initial_stackheap                 0x08000345   Thumb Code     0  startup_stm32f407xx.o(.text)
    __aeabi_uldivmod                         0x08000369   Thumb Code     0  lludivv7m.o(.text)
    _ll_udiv                                 0x08000369   Thumb Code   238  lludivv7m.o(.text)
    abort                                    0x08000457   Thumb Code    22  abort.o(.text)
    __aeabi_memcpy                           0x0800046d   Thumb Code     0  rt_memcpy_v6.o(.text)
    __rt_memcpy                              0x0800046d   Thumb Code   138  rt_memcpy_v6.o(.text)
    _memcpy_lastbytes                        0x080004d3   Thumb Code     0  rt_memcpy_v6.o(.text)
    __aeabi_memcpy4                          0x080004f7   Thumb Code     0  rt_memcpy_w.o(.text)
    __aeabi_memcpy8                          0x080004f7   Thumb Code     0  rt_memcpy_w.o(.text)
    __rt_memcpy_w                            0x080004f7   Thumb Code   100  rt_memcpy_w.o(.text)
    _memcpy_lastbytes_aligned                0x0800053f   Thumb Code     0  rt_memcpy_w.o(.text)
    __aeabi_memclr4                          0x0800055b   Thumb Code     0  rt_memclr_w.o(.text)
    __aeabi_memclr8                          0x0800055b   Thumb Code     0  rt_memclr_w.o(.text)
    __rt_memclr_w                            0x0800055b   Thumb Code    78  rt_memclr_w.o(.text)
    _memset_w                                0x0800055f   Thumb Code     0  rt_memclr_w.o(.text)
    __use_two_region_memory                  0x080005a9   Thumb Code     2  heapauxi.o(.text)
    __rt_heap_escrow$2region                 0x080005ab   Thumb Code     2  heapauxi.o(.text)
    __rt_heap_expand$2region                 0x080005ad   Thumb Code     2  heapauxi.o(.text)
    _sys_exit                                0x080005b1   Thumb Code     8  sys_exit.o(.text)
    __rt_SIGABRT                             0x080005bd   Thumb Code    14  defsig_abrt_outer.o(.text)
    __I$use$semihosting                      0x080005cb   Thumb Code     0  use_no_semi.o(.text)
    __use_no_semihosting_swi                 0x080005cb   Thumb Code     2  use_no_semi.o(.text)
    __semihosting_library_function           0x080005cd   Thumb Code     0  indicate_semi.o(.text)
    __sig_exit                               0x080005cd   Thumb Code    10  defsig_exit.o(.text)
    __rt_SIGABRT_inner                       0x080005d9   Thumb Code    14  defsig_abrt_inner.o(.text)
    __user_setup_stackheap                   0x08000609   Thumb Code    74  sys_stackheap_outer.o(.text)
    exit                                     0x08000653   Thumb Code    18  exit.o(.text)
    __default_signal_display                 0x08000665   Thumb Code    50  defsig_general.o(.text)
    _ttywrch                                 0x08000697   Thumb Code    14  sys_wrch.o(.text)
    __user_libspace                          0x080006a5   Thumb Code     8  libspace.o(.text)
    __user_perproc_libspace                  0x080006a5   Thumb Code     0  libspace.o(.text)
    __user_perthread_libspace                0x080006a5   Thumb Code     0  libspace.o(.text)
    BusFault_Handler                         0x080006ad   Thumb Code     2  stm32f4xx_it.o(i.BusFault_Handler)
    DebugMon_Handler                         0x080006af   Thumb Code     2  stm32f4xx_it.o(i.DebugMon_Handler)
    EXTI9_5_IRQHandler                       0x080006b1   Thumb Code    28  stm32f4xx_it.o(i.EXTI9_5_IRQHandler)
    HAL_DMA_Abort                            0x080006d1   Thumb Code   146  stm32f4xx_hal_dma.o(i.HAL_DMA_Abort)
    HAL_DMA_Abort_IT                         0x08000763   Thumb Code    36  stm32f4xx_hal_dma.o(i.HAL_DMA_Abort_IT)
    HAL_GPIO_EXTI_Callback                   0x08000789   Thumb Code    94  bsp.o(i.HAL_GPIO_EXTI_Callback)
    HAL_GPIO_EXTI_IRQHandler                 0x080007f1   Thumb Code    18  stm32f4xx_hal_gpio.o(i.HAL_GPIO_EXTI_IRQHandler)
    HAL_GPIO_Init                            0x08000809   Thumb Code   418  stm32f4xx_hal_gpio.o(i.HAL_GPIO_Init)
    HAL_GPIO_ReadPin                         0x080009d9   Thumb Code    10  stm32f4xx_hal_gpio.o(i.HAL_GPIO_ReadPin)
    HAL_GPIO_WritePin                        0x080009e3   Thumb Code    10  stm32f4xx_hal_gpio.o(i.HAL_GPIO_WritePin)
    HAL_GetTick                              0x080009ed   Thumb Code     6  stm32f4xx_hal.o(i.HAL_GetTick)
    HAL_IncTick                              0x080009f9   Thumb Code    12  stm32f4xx_hal.o(i.HAL_IncTick)
    HAL_Init                                 0x08000a09   Thumb Code    48  stm32f4xx_hal.o(i.HAL_Init)
    HAL_InitTick                             0x08000a3d   Thumb Code   100  stm32f4xx_hal_timebase_tim.o(i.HAL_InitTick)
    HAL_MspInit                              0x08000ab1   Thumb Code    70  stm32f4xx_hal_msp.o(i.HAL_MspInit)
    HAL_NVIC_EnableIRQ                       0x08000afd   Thumb Code    26  stm32f4xx_hal_cortex.o(i.HAL_NVIC_EnableIRQ)
    HAL_NVIC_SetPriority                     0x08000b19   Thumb Code    60  stm32f4xx_hal_cortex.o(i.HAL_NVIC_SetPriority)
    HAL_NVIC_SetPriorityGrouping             0x08000b59   Thumb Code    26  stm32f4xx_hal_cortex.o(i.HAL_NVIC_SetPriorityGrouping)
    HAL_RCC_ClockConfig                      0x08000b7d   Thumb Code   288  stm32f4xx_hal_rcc.o(i.HAL_RCC_ClockConfig)
    HAL_RCC_GetClockConfig                   0x08000cb1   Thumb Code    54  stm32f4xx_hal_rcc.o(i.HAL_RCC_GetClockConfig)
    HAL_RCC_GetPCLK1Freq                     0x08000cf1   Thumb Code    20  stm32f4xx_hal_rcc.o(i.HAL_RCC_GetPCLK1Freq)
    HAL_RCC_GetPCLK2Freq                     0x08000d11   Thumb Code    20  stm32f4xx_hal_rcc.o(i.HAL_RCC_GetPCLK2Freq)
    HAL_RCC_GetSysClockFreq                  0x08000d31   Thumb Code    88  stm32f4xx_hal_rcc.o(i.HAL_RCC_GetSysClockFreq)
    HAL_RCC_OscConfig                        0x08000d91   Thumb Code   836  stm32f4xx_hal_rcc.o(i.HAL_RCC_OscConfig)
    HAL_TIMEx_BreakCallback                  0x080010e9   Thumb Code     2  stm32f4xx_hal_tim_ex.o(i.HAL_TIMEx_BreakCallback)
    HAL_TIMEx_CommutCallback                 0x080010eb   Thumb Code     2  stm32f4xx_hal_tim_ex.o(i.HAL_TIMEx_CommutCallback)
    HAL_TIMEx_MasterConfigSynchronization    0x080010ed   Thumb Code   116  stm32f4xx_hal_tim_ex.o(i.HAL_TIMEx_MasterConfigSynchronization)
    HAL_TIM_Base_Init                        0x0800117d   Thumb Code    90  stm32f4xx_hal_tim.o(i.HAL_TIM_Base_Init)
    HAL_TIM_Base_MspInit                     0x080011d9   Thumb Code    86  stm32f4xx_hal_msp.o(i.HAL_TIM_Base_MspInit)
    HAL_TIM_Base_Start_IT                    0x0800123d   Thumb Code   100  stm32f4xx_hal_tim.o(i.HAL_TIM_Base_Start_IT)
    HAL_TIM_Base_Stop_IT                     0x080012bd   Thumb Code    48  stm32f4xx_hal_tim.o(i.HAL_TIM_Base_Stop_IT)
    HAL_TIM_IC_CaptureCallback               0x080012ed   Thumb Code     2  stm32f4xx_hal_tim.o(i.HAL_TIM_IC_CaptureCallback)
    HAL_TIM_IRQHandler                       0x080012ef   Thumb Code   358  stm32f4xx_hal_tim.o(i.HAL_TIM_IRQHandler)
    HAL_TIM_OC_DelayElapsedCallback          0x08001455   Thumb Code     2  stm32f4xx_hal_tim.o(i.HAL_TIM_OC_DelayElapsedCallback)
    HAL_TIM_PWM_PulseFinishedCallback        0x08001457   Thumb Code     2  stm32f4xx_hal_tim.o(i.HAL_TIM_PWM_PulseFinishedCallback)
    HAL_TIM_PeriodElapsedCallback            0x08001459   Thumb Code   148  main.o(i.HAL_TIM_PeriodElapsedCallback)
    HAL_TIM_TriggerCallback                  0x08001529   Thumb Code     2  stm32f4xx_hal_tim.o(i.HAL_TIM_TriggerCallback)
    HAL_UARTEx_RxEventCallback               0x0800152b   Thumb Code     2  stm32f4xx_hal_uart.o(i.HAL_UARTEx_RxEventCallback)
    HAL_UART_ErrorCallback                   0x0800152d   Thumb Code     2  stm32f4xx_hal_uart.o(i.HAL_UART_ErrorCallback)
    HAL_UART_IRQHandler                      0x08001531   Thumb Code   610  stm32f4xx_hal_uart.o(i.HAL_UART_IRQHandler)
    HAL_UART_Init                            0x08001799   Thumb Code    98  stm32f4xx_hal_uart.o(i.HAL_UART_Init)
    HAL_UART_MspInit                         0x080017fd   Thumb Code   108  stm32f4xx_hal_msp.o(i.HAL_UART_MspInit)
    HAL_UART_RxCpltCallback                  0x08001875   Thumb Code     2  stm32f4xx_hal_uart.o(i.HAL_UART_RxCpltCallback)
    HAL_UART_TxCpltCallback                  0x08001877   Thumb Code     2  stm32f4xx_hal_uart.o(i.HAL_UART_TxCpltCallback)
    HardFault_Handler                        0x08001879   Thumb Code     2  stm32f4xx_it.o(i.HardFault_Handler)
    MemManage_Handler                        0x08001951   Thumb Code     2  stm32f4xx_it.o(i.MemManage_Handler)
    ModBusFunction                           0x08001953   Thumb Code    12  main.o(i.ModBusFunction)
    NMI_Handler                              0x0800195f   Thumb Code     2  stm32f4xx_it.o(i.NMI_Handler)
    RCC_IRQHandler                           0x08001961   Thumb Code     2  stm32f4xx_it.o(i.RCC_IRQHandler)
    ReadParamFromModbusStack                 0x08001965   Thumb Code    76  modbusdatahandler.o(i.ReadParamFromModbusStack)
    StartDefaultTask                         0x080019c1   Thumb Code    12  main.o(i.StartDefaultTask)
    SysTick_Handler                          0x080019cd   Thumb Code    38  port.o(i.SysTick_Handler)
    SystemClock_Config                       0x080019f9   Thumb Code   136  main.o(i.SystemClock_Config)
    SystemInit                               0x08001a89   Thumb Code    12  system_stm32f4xx.o(i.SystemInit)
    TIM1_TRG_COM_TIM11_IRQHandler            0x08001a99   Thumb Code     6  stm32f4xx_it.o(i.TIM1_TRG_COM_TIM11_IRQHandler)
    TIM6_DAC_IRQHandler                      0x08001aa5   Thumb Code     6  stm32f4xx_it.o(i.TIM6_DAC_IRQHandler)
    TIM7_IRQHandler                          0x08001ab1   Thumb Code     6  stm32f4xx_it.o(i.TIM7_IRQHandler)
    TIM_Base_SetConfig                       0x08001abd   Thumb Code   156  stm32f4xx_hal_tim.o(i.TIM_Base_SetConfig)
    USART2_IRQHandler                        0x08001db1   Thumb Code    18  stm32f4xx_it.o(i.USART2_IRQHandler)
    USER_UART_IRQHandler                     0x08001dc9   Thumb Code    62  portserial.o(i.USER_UART_IRQHandler)
    UsageFault_Handler                       0x08001e11   Thumb Code     2  stm32f4xx_it.o(i.UsageFault_Handler)
    WriteParamToModbusStack                  0x08001e15   Thumb Code    84  modbusdatahandler.o(i.WriteParamToModbusStack)
    __critical_enter                         0x08001e9d   Thumb Code    10  mbcallbacks.o(i.__critical_enter)
    __critical_exit                          0x08001ead   Thumb Code    10  mbcallbacks.o(i.__critical_exit)
    eMBEnable                                0x08001ebd   Thumb Code    28  mb.o(i.eMBEnable)
    eMBFuncReadCoils                         0x08001edd   Thumb Code   114  mbfunccoils.o(i.eMBFuncReadCoils)
    eMBFuncReadDiscreteInputs                0x08001f4f   Thumb Code   114  mbfuncdisc.o(i.eMBFuncReadDiscreteInputs)
    eMBFuncReadHoldingRegister               0x08001fc1   Thumb Code    94  mbfuncholding.o(i.eMBFuncReadHoldingRegister)
    eMBFuncReadInputRegister                 0x0800201f   Thumb Code    98  mbfuncinput.o(i.eMBFuncReadInputRegister)
    eMBFuncReadWriteMultipleHoldingRegister  0x08002081   Thumb Code   156  mbfuncholding.o(i.eMBFuncReadWriteMultipleHoldingRegister)
    eMBFuncReportSlaveID                     0x0800211d   Thumb Code    26  mbfuncother.o(i.eMBFuncReportSlaveID)
    eMBFuncWriteCoil                         0x08002141   Thumb Code    86  mbfunccoils.o(i.eMBFuncWriteCoil)
    eMBFuncWriteHoldingRegister              0x08002197   Thumb Code    50  mbfuncholding.o(i.eMBFuncWriteHoldingRegister)
    eMBFuncWriteMultipleCoils                0x080021c9   Thumb Code   100  mbfunccoils.o(i.eMBFuncWriteMultipleCoils)
    eMBFuncWriteMultipleHoldingRegister      0x0800222d   Thumb Code    78  mbfuncholding.o(i.eMBFuncWriteMultipleHoldingRegister)
    eMBInit                                  0x0800227d   Thumb Code    96  mb.o(i.eMBInit)
    eMBPoll                                  0x080022fd   Thumb Code   174  mb.o(i.eMBPoll)
    eMBRTUInit                               0x080023b1   Thumb Code    72  mbrtu.o(i.eMBRTUInit)
    eMBRTUReceive                            0x080023fd   Thumb Code    78  mbrtu.o(i.eMBRTUReceive)
    eMBRTUSend                               0x08002455   Thumb Code   104  mbrtu.o(i.eMBRTUSend)
    eMBRTUStart                              0x080024c5   Thumb Code    32  mbrtu.o(i.eMBRTUStart)
    eMBRTUStop                               0x080024e9   Thumb Code    26  mbrtu.o(i.eMBRTUStop)
    eMBRegCoilsCB                            0x08002503   Thumb Code     4  mbcallbacks.o(i.eMBRegCoilsCB)
    eMBRegDiscreteCB                         0x08002507   Thumb Code     4  mbcallbacks.o(i.eMBRegDiscreteCB)
    eMBRegHoldingCB                          0x0800250d   Thumb Code   124  mbcallbacks.o(i.eMBRegHoldingCB)
    eMBRegInputCB                            0x0800258d   Thumb Code     4  mbcallbacks.o(i.eMBRegInputCB)
    enable_RX                                0x08002591   Thumb Code    10  bsp.o(i.enable_RX)
    enable_TX                                0x080025a1   Thumb Code    10  bsp.o(i.enable_TX)
    main                                     0x080025b1   Thumb Code   236  main.o(i.main)
    osDelay                                  0x080026c1   Thumb Code    14  cmsis_os.o(i.osDelay)
    osKernelStart                            0x080026cf   Thumb Code    10  cmsis_os.o(i.osKernelStart)
    osThreadCreate                           0x080026d9   Thumb Code    84  cmsis_os.o(i.osThreadCreate)
    prveMBError2Exception                    0x08002a75   Thumb Code    24  mbutils.o(i.prveMBError2Exception)
    prvvTIMERExpiredISR                      0x08002a8d   Thumb Code     6  porttimer.o(i.prvvTIMERExpiredISR)
    pvPortMalloc                             0x08002a99   Thumb Code   216  heap_4.o(i.pvPortMalloc)
    pxPortInitialiseStack                    0x08002b75   Thumb Code    40  port.o(i.pxPortInitialiseStack)
    reset_LED_STM                            0x08002ba1   Thumb Code    12  bsp.o(i.reset_LED_STM)
    reset_TEST_LED1                          0x08002bb1   Thumb Code    12  bsp.o(i.reset_TEST_LED1)
    reset_TEST_LED2                          0x08002bc1   Thumb Code    12  bsp.o(i.reset_TEST_LED2)
    set_LED_STM                              0x08002bd1   Thumb Code    10  bsp.o(i.set_LED_STM)
    set_TEST_LED1                            0x08002be1   Thumb Code    10  bsp.o(i.set_TEST_LED1)
    usMBCRC16                                0x08002bf1   Thumb Code    38  mbcrc.o(i.usMBCRC16)
    uxListRemove                             0x08002c1d   Thumb Code    38  list.o(i.uxListRemove)
    vApplicationGetIdleTaskMemory            0x08002c45   Thumb Code    16  freertos.o(i.vApplicationGetIdleTaskMemory)
    vListInitialise                          0x08002c59   Thumb Code    22  list.o(i.vListInitialise)
    vListInitialiseItem                      0x08002c6f   Thumb Code     6  list.o(i.vListInitialiseItem)
    vListInsert                              0x08002c75   Thumb Code    48  list.o(i.vListInsert)
    vListInsertEnd                           0x08002ca5   Thumb Code    24  list.o(i.vListInsertEnd)
    vMBPortSerialEnable                      0x08002cbd   Thumb Code    44  portserial.o(i.vMBPortSerialEnable)
    vMBPortTimersDisable                     0x08002ced   Thumb Code     6  porttimer.o(i.vMBPortTimersDisable)
    vMBPortTimersEnable                      0x08002cf9   Thumb Code    12  porttimer.o(i.vMBPortTimersEnable)
    vPortEnterCritical                       0x08002d0d   Thumb Code    54  port.o(i.vPortEnterCritical)
    vPortExitCritical                        0x08002d4d   Thumb Code    34  port.o(i.vPortExitCritical)
    vPortFree                                0x08002d75   Thumb Code    94  heap_4.o(i.vPortFree)
    vPortSetupTimerInterrupt                 0x08002dd9   Thumb Code    32  port.o(i.vPortSetupTimerInterrupt)
    vTaskDelay                               0x08002dfd   Thumb Code    66  tasks.o(i.vTaskDelay)
    vTaskStartScheduler                      0x08002e49   Thumb Code    90  tasks.o(i.vTaskStartScheduler)
    vTaskSuspendAll                          0x08002eb5   Thumb Code    10  tasks.o(i.vTaskSuspendAll)
    vTaskSwitchContext                       0x08002ec5   Thumb Code    82  tasks.o(i.vTaskSwitchContext)
    xMBPortEventGet                          0x08002f21   Thumb Code    24  portevent.o(i.xMBPortEventGet)
    xMBPortEventInit                         0x08002f3d   Thumb Code    10  portevent.o(i.xMBPortEventInit)
    xMBPortEventPost                         0x08002f4d   Thumb Code    12  portevent.o(i.xMBPortEventPost)
    xMBPortSerialGetByte                     0x08002f5d   Thumb Code    20  portserial.o(i.xMBPortSerialGetByte)
    xMBPortSerialInit                        0x08002f75   Thumb Code    80  portserial.o(i.xMBPortSerialInit)
    xMBPortSerialPutByte                     0x08002fcd   Thumb Code    10  portserial.o(i.xMBPortSerialPutByte)
    xMBPortTimersInit                        0x08002fdd   Thumb Code     8  porttimer.o(i.xMBPortTimersInit)
    xMBRTUReceiveFSM                         0x08002fe9   Thumb Code    96  mbrtu.o(i.xMBRTUReceiveFSM)
    xMBRTUTimerT35Expired                    0x08003051   Thumb Code    58  mbrtu.o(i.xMBRTUTimerT35Expired)
    xMBRTUTransmitFSM                        0x08003091   Thumb Code    94  mbrtu.o(i.xMBRTUTransmitFSM)
    xPortStartScheduler                      0x080030f5   Thumb Code   224  port.o(i.xPortStartScheduler)
    xTaskCreate                              0x080031e9   Thumb Code    90  tasks.o(i.xTaskCreate)
    xTaskCreateStatic                        0x08003243   Thumb Code    90  tasks.o(i.xTaskCreateStatic)
    xTaskIncrementTick                       0x0800329d   Thumb Code   194  tasks.o(i.xTaskIncrementTick)
    xTaskResumeAll                           0x08003369   Thumb Code   182  tasks.o(i.xTaskResumeAll)
    _fp_init                                 0x0800342d   Thumb Code    10  fpinit.o(x$fpl$fpinit)
    __fplib_config_fpu_vfp                   0x08003435   Thumb Code     0  fpinit.o(x$fpl$fpinit)
    __fplib_config_pureend_doubles           0x08003435   Thumb Code     0  fpinit.o(x$fpl$fpinit)
    AHBPrescTable                            0x08003470   Data          16  system_stm32f4xx.o(.constdata)
    APBPrescTable                            0x08003480   Data           8  system_stm32f4xx.o(.constdata)
    Region$$Table$$Base                      0x080036a0   Number         0  anon$$obj.o(Region$$Table)
    Region$$Table$$Limit                     0x080036c0   Number         0  anon$$obj.o(Region$$Table)
    defaultTaskHandle                        0x20000000   Data           4  main.o(.data)
    ModBusTaskHandle                         0x20000004   Data           4  main.o(.data)
    impuls_mutex                             0x20000008   Data           1  stm32f4xx_it.o(.data)
    uwTickFreq                               0x2000000c   Data           1  stm32f4xx_hal.o(.data)
    uwTickPrio                               0x20000010   Data           4  stm32f4xx_hal.o(.data)
    uwTick                                   0x20000014   Data           4  stm32f4xx_hal.o(.data)
    SystemCoreClock                          0x20000018   Data           4  system_stm32f4xx.o(.data)
    pxCurrentTCB                             0x2000001c   Data           4  tasks.o(.data)
    start_flag                               0x20000084   Data           2  bsp.o(.data)
    counter_1                                0x20000088   Data           4  bsp.o(.data)
    counter_2                                0x2000008c   Data           4  bsp.o(.data)
    update_value_1                           0x20000090   Data           4  bsp.o(.data)
    update_value_2                           0x20000094   Data           4  bsp.o(.data)
    stop_flag                                0x20000098   Data           2  bsp.o(.data)
    work_time                                0x2000009c   Data           4  bsp.o(.data)
    update_time_value                        0x200000a0   Data           4  bsp.o(.data)
    timeout_Timer7                           0x200000a8   Data           2  porttimer.o(.data)
    counter_Timer7                           0x200000aa   Data           2  porttimer.o(.data)
    pxMBFrameCBByteReceived                  0x200000d8   Data           4  mb.o(.data)
    pxMBFrameCBTransmitterEmpty              0x200000dc   Data           4  mb.o(.data)
    pxMBPortCBTimerExpired                   0x200000e0   Data           4  mb.o(.data)
    htim6                                    0x20000168   Data          72  main.o(.bss)
    htim7                                    0x200001b0   Data          72  main.o(.bss)
    huart2                                   0x200001f8   Data          68  main.o(.bss)
    htim11                                   0x20000490   Data          72  stm32f4xx_hal_timebase_tim.o(.bss)
    ucRTUBuf                                 0x200041e8   Data         256  mbrtu.o(.bss)
    OutRegHoldingBuf                         0x200042e8   Data          16  mbcallbacks.o(.bss)
    __libspace_start                         0x200042f8   Data          96  libspace.o(.bss)
    __temporary_stack_top$libspace           0x20004358   Data           0  libspace.o(.bss)



==============================================================================

Memory Map of the image

  Image Entry point : 0x08000189

  Load Region LR_IROM1 (Base: 0x08000000, Size: 0x00003828, Max: 0x00100000, ABSOLUTE, COMPRESSED[0x0000370c])

    Execution Region ER_IROM1 (Exec base: 0x08000000, Load base: 0x08000000, Size: 0x000036c0, Max: 0x00100000, ABSOLUTE)

    Exec Addr    Load Addr    Size         Type   Attr      Idx    E Section Name        Object

    0x08000000   0x08000000   0x00000188   Data   RO            3    RESET               startup_stm32f407xx.o
    0x08000188   0x08000188   0x00000008   Code   RO         5015  * !!!main             c_w.l(__main.o)
    0x08000190   0x08000190   0x00000034   Code   RO         5192    !!!scatter          c_w.l(__scatter.o)
    0x080001c4   0x080001c4   0x0000005a   Code   RO         5190    !!dczerorl2         c_w.l(__dczerorl2.o)
    0x0800021e   0x0800021e   0x00000002   PAD
    0x08000220   0x08000220   0x0000001c   Code   RO         5194    !!handler_zi        c_w.l(__scatter_zi.o)
    0x0800023c   0x0800023c   0x00000002   Code   RO         5073    .ARM.Collect$$libinit$$00000000  c_w.l(libinit.o)
    0x0800023e   0x0800023e   0x00000004   Code   RO         5085    .ARM.Collect$$libinit$$00000001  c_w.l(libinit2.o)
    0x08000242   0x08000242   0x00000000   Code   RO         5088    .ARM.Collect$$libinit$$00000004  c_w.l(libinit2.o)
    0x08000242   0x08000242   0x00000000   Code   RO         5091    .ARM.Collect$$libinit$$0000000A  c_w.l(libinit2.o)
    0x08000242   0x08000242   0x00000000   Code   RO         5093    .ARM.Collect$$libinit$$0000000C  c_w.l(libinit2.o)
    0x08000242   0x08000242   0x00000000   Code   RO         5095    .ARM.Collect$$libinit$$0000000E  c_w.l(libinit2.o)
    0x08000242   0x08000242   0x00000000   Code   RO         5098    .ARM.Collect$$libinit$$00000011  c_w.l(libinit2.o)
    0x08000242   0x08000242   0x00000000   Code   RO         5100    .ARM.Collect$$libinit$$00000013  c_w.l(libinit2.o)
    0x08000242   0x08000242   0x00000000   Code   RO         5102    .ARM.Collect$$libinit$$00000015  c_w.l(libinit2.o)
    0x08000242   0x08000242   0x00000000   Code   RO         5104    .ARM.Collect$$libinit$$00000017  c_w.l(libinit2.o)
    0x08000242   0x08000242   0x00000000   Code   RO         5106    .ARM.Collect$$libinit$$00000019  c_w.l(libinit2.o)
    0x08000242   0x08000242   0x00000000   Code   RO         5108    .ARM.Collect$$libinit$$0000001B  c_w.l(libinit2.o)
    0x08000242   0x08000242   0x00000000   Code   RO         5110    .ARM.Collect$$libinit$$0000001D  c_w.l(libinit2.o)
    0x08000242   0x08000242   0x00000000   Code   RO         5112    .ARM.Collect$$libinit$$0000001F  c_w.l(libinit2.o)
    0x08000242   0x08000242   0x00000000   Code   RO         5114    .ARM.Collect$$libinit$$00000021  c_w.l(libinit2.o)
    0x08000242   0x08000242   0x00000000   Code   RO         5116    .ARM.Collect$$libinit$$00000023  c_w.l(libinit2.o)
    0x08000242   0x08000242   0x00000000   Code   RO         5118    .ARM.Collect$$libinit$$00000025  c_w.l(libinit2.o)
    0x08000242   0x08000242   0x00000000   Code   RO         5122    .ARM.Collect$$libinit$$0000002C  c_w.l(libinit2.o)
    0x08000242   0x08000242   0x00000000   Code   RO         5124    .ARM.Collect$$libinit$$0000002E  c_w.l(libinit2.o)
    0x08000242   0x08000242   0x00000000   Code   RO         5126    .ARM.Collect$$libinit$$00000030  c_w.l(libinit2.o)
    0x08000242   0x08000242   0x00000000   Code   RO         5128    .ARM.Collect$$libinit$$00000032  c_w.l(libinit2.o)
    0x08000242   0x08000242   0x00000002   Code   RO         5129    .ARM.Collect$$libinit$$00000033  c_w.l(libinit2.o)
    0x08000244   0x08000244   0x00000002   Code   RO         5161    .ARM.Collect$$libshutdown$$00000000  c_w.l(libshutdown.o)
    0x08000246   0x08000246   0x00000000   Code   RO         5171    .ARM.Collect$$libshutdown$$00000002  c_w.l(libshutdown2.o)
    0x08000246   0x08000246   0x00000000   Code   RO         5173    .ARM.Collect$$libshutdown$$00000004  c_w.l(libshutdown2.o)
    0x08000246   0x08000246   0x00000000   Code   RO         5175    .ARM.Collect$$libshutdown$$00000006  c_w.l(libshutdown2.o)
    0x08000246   0x08000246   0x00000000   Code   RO         5178    .ARM.Collect$$libshutdown$$00000009  c_w.l(libshutdown2.o)
    0x08000246   0x08000246   0x00000000   Code   RO         5181    .ARM.Collect$$libshutdown$$0000000C  c_w.l(libshutdown2.o)
    0x08000246   0x08000246   0x00000000   Code   RO         5183    .ARM.Collect$$libshutdown$$0000000E  c_w.l(libshutdown2.o)
    0x08000246   0x08000246   0x00000000   Code   RO         5186    .ARM.Collect$$libshutdown$$00000011  c_w.l(libshutdown2.o)
    0x08000246   0x08000246   0x00000002   Code   RO         5187    .ARM.Collect$$libshutdown$$00000012  c_w.l(libshutdown2.o)
    0x08000248   0x08000248   0x00000000   Code   RO         5019    .ARM.Collect$$rtentry$$00000000  c_w.l(__rtentry.o)
    0x08000248   0x08000248   0x00000000   Code   RO         5034    .ARM.Collect$$rtentry$$00000002  c_w.l(__rtentry2.o)
    0x08000248   0x08000248   0x00000006   Code   RO         5046    .ARM.Collect$$rtentry$$00000004  c_w.l(__rtentry4.o)
    0x0800024e   0x0800024e   0x00000000   Code   RO         5036    .ARM.Collect$$rtentry$$00000009  c_w.l(__rtentry2.o)
    0x0800024e   0x0800024e   0x00000004   Code   RO         5037    .ARM.Collect$$rtentry$$0000000A  c_w.l(__rtentry2.o)
    0x08000252   0x08000252   0x00000000   Code   RO         5039    .ARM.Collect$$rtentry$$0000000C  c_w.l(__rtentry2.o)
    0x08000252   0x08000252   0x00000008   Code   RO         5040    .ARM.Collect$$rtentry$$0000000D  c_w.l(__rtentry2.o)
    0x0800025a   0x0800025a   0x00000002   Code   RO         5079    .ARM.Collect$$rtexit$$00000000  c_w.l(rtexit.o)
    0x0800025c   0x0800025c   0x00000000   Code   RO         5131    .ARM.Collect$$rtexit$$00000002  c_w.l(rtexit2.o)
    0x0800025c   0x0800025c   0x00000004   Code   RO         5132    .ARM.Collect$$rtexit$$00000003  c_w.l(rtexit2.o)
    0x08000260   0x08000260   0x00000006   Code   RO         5133    .ARM.Collect$$rtexit$$00000004  c_w.l(rtexit2.o)
    0x08000266   0x08000266   0x00000002   PAD
    0x08000268   0x08000268   0x000000be   Code   RO         4187    .emb_text           port.o
    0x08000326   0x08000326   0x00000002   PAD
    0x08000328   0x08000328   0x00000040   Code   RO            4    .text               startup_stm32f407xx.o
    0x08000368   0x08000368   0x000000ee   Code   RO         5001    .text               c_w.l(lludivv7m.o)
    0x08000456   0x08000456   0x00000016   Code   RO         5003    .text               c_w.l(abort.o)
    0x0800046c   0x0800046c   0x0000008a   Code   RO         5005    .text               c_w.l(rt_memcpy_v6.o)
    0x080004f6   0x080004f6   0x00000064   Code   RO         5007    .text               c_w.l(rt_memcpy_w.o)
    0x0800055a   0x0800055a   0x0000004e   Code   RO         5011    .text               c_w.l(rt_memclr_w.o)
    0x080005a8   0x080005a8   0x00000006   Code   RO         5013    .text               c_w.l(heapauxi.o)
    0x080005ae   0x080005ae   0x00000002   PAD
    0x080005b0   0x080005b0   0x0000000c   Code   RO         5017    .text               c_w.l(sys_exit.o)
    0x080005bc   0x080005bc   0x0000000e   Code   RO         5024    .text               c_w.l(defsig_abrt_outer.o)
    0x080005ca   0x080005ca   0x00000002   Code   RO         5030    .text               c_w.l(use_no_semi.o)
    0x080005cc   0x080005cc   0x00000000   Code   RO         5032    .text               c_w.l(indicate_semi.o)
    0x080005cc   0x080005cc   0x0000000a   Code   RO         5052    .text               c_w.l(defsig_exit.o)
    0x080005d6   0x080005d6   0x00000002   PAD
    0x080005d8   0x080005d8   0x00000030   Code   RO         5054    .text               c_w.l(defsig_abrt_inner.o)
    0x08000608   0x08000608   0x0000004a   Code   RO         5056    .text               c_w.l(sys_stackheap_outer.o)
    0x08000652   0x08000652   0x00000012   Code   RO         5058    .text               c_w.l(exit.o)
    0x08000664   0x08000664   0x00000032   Code   RO         5062    .text               c_w.l(defsig_general.o)
    0x08000696   0x08000696   0x0000000e   Code   RO         5074    .text               c_w.l(sys_wrch.o)
    0x080006a4   0x080006a4   0x00000008   Code   RO         5076    .text               c_w.l(libspace.o)
    0x080006ac   0x080006ac   0x00000002   Code   RO          286    i.BusFault_Handler  stm32f4xx_it.o
    0x080006ae   0x080006ae   0x00000002   Code   RO          287    i.DebugMon_Handler  stm32f4xx_it.o
    0x080006b0   0x080006b0   0x00000020   Code   RO          288    i.EXTI9_5_IRQHandler  stm32f4xx_it.o
    0x080006d0   0x080006d0   0x00000092   Code   RO          932    i.HAL_DMA_Abort     stm32f4xx_hal_dma.o
    0x08000762   0x08000762   0x00000024   Code   RO          933    i.HAL_DMA_Abort_IT  stm32f4xx_hal_dma.o
    0x08000786   0x08000786   0x00000002   PAD
    0x08000788   0x08000788   0x00000068   Code   RO         4267    i.HAL_GPIO_EXTI_Callback  bsp.o
    0x080007f0   0x080007f0   0x00000018   Code   RO          824    i.HAL_GPIO_EXTI_IRQHandler  stm32f4xx_hal_gpio.o
    0x08000808   0x08000808   0x000001d0   Code   RO          825    i.HAL_GPIO_Init     stm32f4xx_hal_gpio.o
    0x080009d8   0x080009d8   0x0000000a   Code   RO          827    i.HAL_GPIO_ReadPin  stm32f4xx_hal_gpio.o
    0x080009e2   0x080009e2   0x0000000a   Code   RO          829    i.HAL_GPIO_WritePin  stm32f4xx_hal_gpio.o
    0x080009ec   0x080009ec   0x0000000c   Code   RO         1357    i.HAL_GetTick       stm32f4xx_hal.o
    0x080009f8   0x080009f8   0x00000010   Code   RO         1363    i.HAL_IncTick       stm32f4xx_hal.o
    0x08000a08   0x08000a08   0x00000034   Code   RO         1364    i.HAL_Init          stm32f4xx_hal.o
    0x08000a3c   0x08000a3c   0x00000074   Code   RO          431    i.HAL_InitTick      stm32f4xx_hal_timebase_tim.o
    0x08000ab0   0x08000ab0   0x0000004c   Code   RO          383    i.HAL_MspInit       stm32f4xx_hal_msp.o
    0x08000afc   0x08000afc   0x0000001a   Code   RO         1214    i.HAL_NVIC_EnableIRQ  stm32f4xx_hal_cortex.o
    0x08000b16   0x08000b16   0x00000002   PAD
    0x08000b18   0x08000b18   0x00000040   Code   RO         1220    i.HAL_NVIC_SetPriority  stm32f4xx_hal_cortex.o
    0x08000b58   0x08000b58   0x00000024   Code   RO         1221    i.HAL_NVIC_SetPriorityGrouping  stm32f4xx_hal_cortex.o
    0x08000b7c   0x08000b7c   0x00000134   Code   RO          471    i.HAL_RCC_ClockConfig  stm32f4xx_hal_rcc.o
    0x08000cb0   0x08000cb0   0x00000040   Code   RO          475    i.HAL_RCC_GetClockConfig  stm32f4xx_hal_rcc.o
    0x08000cf0   0x08000cf0   0x00000020   Code   RO          478    i.HAL_RCC_GetPCLK1Freq  stm32f4xx_hal_rcc.o
    0x08000d10   0x08000d10   0x00000020   Code   RO          479    i.HAL_RCC_GetPCLK2Freq  stm32f4xx_hal_rcc.o
    0x08000d30   0x08000d30   0x00000060   Code   RO          480    i.HAL_RCC_GetSysClockFreq  stm32f4xx_hal_rcc.o
    0x08000d90   0x08000d90   0x00000358   Code   RO          483    i.HAL_RCC_OscConfig  stm32f4xx_hal_rcc.o
    0x080010e8   0x080010e8   0x00000002   Code   RO         2308    i.HAL_TIMEx_BreakCallback  stm32f4xx_hal_tim_ex.o
    0x080010ea   0x080010ea   0x00000002   Code   RO         2309    i.HAL_TIMEx_CommutCallback  stm32f4xx_hal_tim_ex.o
    0x080010ec   0x080010ec   0x00000090   Code   RO         2327    i.HAL_TIMEx_MasterConfigSynchronization  stm32f4xx_hal_tim_ex.o
    0x0800117c   0x0800117c   0x0000005a   Code   RO         1604    i.HAL_TIM_Base_Init  stm32f4xx_hal_tim.o
    0x080011d6   0x080011d6   0x00000002   PAD
    0x080011d8   0x080011d8   0x00000064   Code   RO          385    i.HAL_TIM_Base_MspInit  stm32f4xx_hal_msp.o
    0x0800123c   0x0800123c   0x00000080   Code   RO         1609    i.HAL_TIM_Base_Start_IT  stm32f4xx_hal_tim.o
    0x080012bc   0x080012bc   0x00000030   Code   RO         1612    i.HAL_TIM_Base_Stop_IT  stm32f4xx_hal_tim.o
    0x080012ec   0x080012ec   0x00000002   Code   RO         1638    i.HAL_TIM_IC_CaptureCallback  stm32f4xx_hal_tim.o
    0x080012ee   0x080012ee   0x00000166   Code   RO         1652    i.HAL_TIM_IRQHandler  stm32f4xx_hal_tim.o
    0x08001454   0x08001454   0x00000002   Code   RO         1655    i.HAL_TIM_OC_DelayElapsedCallback  stm32f4xx_hal_tim.o
    0x08001456   0x08001456   0x00000002   Code   RO         1682    i.HAL_TIM_PWM_PulseFinishedCallback  stm32f4xx_hal_tim.o
    0x08001458   0x08001458   0x000000d0   Code   RO           14    i.HAL_TIM_PeriodElapsedCallback  main.o
    0x08001528   0x08001528   0x00000002   Code   RO         1695    i.HAL_TIM_TriggerCallback  stm32f4xx_hal_tim.o
    0x0800152a   0x0800152a   0x00000002   Code   RO         2586    i.HAL_UARTEx_RxEventCallback  stm32f4xx_hal_uart.o
    0x0800152c   0x0800152c   0x00000002   Code   RO         2600    i.HAL_UART_ErrorCallback  stm32f4xx_hal_uart.o
    0x0800152e   0x0800152e   0x00000002   PAD
    0x08001530   0x08001530   0x00000268   Code   RO         2603    i.HAL_UART_IRQHandler  stm32f4xx_hal_uart.o
    0x08001798   0x08001798   0x00000062   Code   RO         2604    i.HAL_UART_Init     stm32f4xx_hal_uart.o
    0x080017fa   0x080017fa   0x00000002   PAD
    0x080017fc   0x080017fc   0x00000078   Code   RO          387    i.HAL_UART_MspInit  stm32f4xx_hal_msp.o
    0x08001874   0x08001874   0x00000002   Code   RO         2610    i.HAL_UART_RxCpltCallback  stm32f4xx_hal_uart.o
    0x08001876   0x08001876   0x00000002   Code   RO         2615    i.HAL_UART_TxCpltCallback  stm32f4xx_hal_uart.o
    0x08001878   0x08001878   0x00000002   Code   RO          289    i.HardFault_Handler  stm32f4xx_it.o
    0x0800187a   0x0800187a   0x00000002   PAD
    0x0800187c   0x0800187c   0x000000d4   Code   RO           15    i.MX_GPIO_Init      main.o
    0x08001950   0x08001950   0x00000002   Code   RO          290    i.MemManage_Handler  stm32f4xx_it.o
    0x08001952   0x08001952   0x0000000c   Code   RO           16    i.ModBusFunction    main.o
    0x0800195e   0x0800195e   0x00000002   Code   RO          291    i.NMI_Handler       stm32f4xx_it.o
    0x08001960   0x08001960   0x00000002   Code   RO          292    i.RCC_IRQHandler    stm32f4xx_it.o
    0x08001962   0x08001962   0x00000002   PAD
    0x08001964   0x08001964   0x0000005c   Code   RO         4945    i.ReadParamFromModbusStack  modbusdatahandler.o
    0x080019c0   0x080019c0   0x0000000c   Code   RO           17    i.StartDefaultTask  main.o
    0x080019cc   0x080019cc   0x0000002c   Code   RO         4188    i.SysTick_Handler   port.o
    0x080019f8   0x080019f8   0x00000090   Code   RO           18    i.SystemClock_Config  main.o
    0x08001a88   0x08001a88   0x00000010   Code   RO         2933    i.SystemInit        system_stm32f4xx.o
    0x08001a98   0x08001a98   0x0000000c   Code   RO          293    i.TIM1_TRG_COM_TIM11_IRQHandler  stm32f4xx_it.o
    0x08001aa4   0x08001aa4   0x0000000c   Code   RO          294    i.TIM6_DAC_IRQHandler  stm32f4xx_it.o
    0x08001ab0   0x08001ab0   0x0000000c   Code   RO          295    i.TIM7_IRQHandler   stm32f4xx_it.o
    0x08001abc   0x08001abc   0x000000c8   Code   RO         1697    i.TIM_Base_SetConfig  stm32f4xx_hal_tim.o
    0x08001b84   0x08001b84   0x00000010   Code   RO         2617    i.UART_DMAAbortOnError  stm32f4xx_hal_uart.o
    0x08001b94   0x08001b94   0x0000004e   Code   RO         2627    i.UART_EndRxTransfer  stm32f4xx_hal_uart.o
    0x08001be2   0x08001be2   0x000000c0   Code   RO         2629    i.UART_Receive_IT   stm32f4xx_hal_uart.o
    0x08001ca2   0x08001ca2   0x00000002   PAD
    0x08001ca4   0x08001ca4   0x0000010c   Code   RO         2630    i.UART_SetConfig    stm32f4xx_hal_uart.o
    0x08001db0   0x08001db0   0x00000018   Code   RO          296    i.USART2_IRQHandler  stm32f4xx_it.o
    0x08001dc8   0x08001dc8   0x00000048   Code   RO         4612    i.USER_UART_IRQHandler  portserial.o
    0x08001e10   0x08001e10   0x00000002   Code   RO          297    i.UsageFault_Handler  stm32f4xx_it.o
    0x08001e12   0x08001e12   0x00000002   PAD
    0x08001e14   0x08001e14   0x00000068   Code   RO         4946    i.WriteParamToModbusStack  modbusdatahandler.o
    0x08001e7c   0x08001e7c   0x00000020   Code   RO         1227    i.__NVIC_SetPriority  stm32f4xx_hal_cortex.o
    0x08001e9c   0x08001e9c   0x00000010   Code   RO         4878    i.__critical_enter  mbcallbacks.o
    0x08001eac   0x08001eac   0x00000010   Code   RO         4879    i.__critical_exit   mbcallbacks.o
    0x08001ebc   0x08001ebc   0x00000020   Code   RO         4815    i.eMBEnable         mb.o
    0x08001edc   0x08001edc   0x00000072   Code   RO         4348    i.eMBFuncReadCoils  mbfunccoils.o
    0x08001f4e   0x08001f4e   0x00000072   Code   RO         4409    i.eMBFuncReadDiscreteInputs  mbfuncdisc.o
    0x08001fc0   0x08001fc0   0x0000005e   Code   RO         4433    i.eMBFuncReadHoldingRegister  mbfuncholding.o
    0x0800201e   0x0800201e   0x00000062   Code   RO         4475    i.eMBFuncReadInputRegister  mbfuncinput.o
    0x08002080   0x08002080   0x0000009c   Code   RO         4434    i.eMBFuncReadWriteMultipleHoldingRegister  mbfuncholding.o
    0x0800211c   0x0800211c   0x00000024   Code   RO         4499    i.eMBFuncReportSlaveID  mbfuncother.o
    0x08002140   0x08002140   0x00000056   Code   RO         4349    i.eMBFuncWriteCoil  mbfunccoils.o
    0x08002196   0x08002196   0x00000032   Code   RO         4435    i.eMBFuncWriteHoldingRegister  mbfuncholding.o
    0x080021c8   0x080021c8   0x00000064   Code   RO         4350    i.eMBFuncWriteMultipleCoils  mbfunccoils.o
    0x0800222c   0x0800222c   0x0000004e   Code   RO         4436    i.eMBFuncWriteMultipleHoldingRegister  mbfuncholding.o
    0x0800227a   0x0800227a   0x00000002   PAD
    0x0800227c   0x0800227c   0x00000080   Code   RO         4816    i.eMBInit           mb.o
    0x080022fc   0x080022fc   0x000000b4   Code   RO         4817    i.eMBPoll           mb.o
    0x080023b0   0x080023b0   0x0000004c   Code   RO         4733    i.eMBRTUInit        mbrtu.o
    0x080023fc   0x080023fc   0x00000058   Code   RO         4734    i.eMBRTUReceive     mbrtu.o
    0x08002454   0x08002454   0x00000070   Code   RO         4735    i.eMBRTUSend        mbrtu.o
    0x080024c4   0x080024c4   0x00000024   Code   RO         4736    i.eMBRTUStart       mbrtu.o
    0x080024e8   0x080024e8   0x0000001a   Code   RO         4737    i.eMBRTUStop        mbrtu.o
    0x08002502   0x08002502   0x00000004   Code   RO         4880    i.eMBRegCoilsCB     mbcallbacks.o
    0x08002506   0x08002506   0x00000004   Code   RO         4881    i.eMBRegDiscreteCB  mbcallbacks.o
    0x0800250a   0x0800250a   0x00000002   PAD
    0x0800250c   0x0800250c   0x00000080   Code   RO         4882    i.eMBRegHoldingCB   mbcallbacks.o
    0x0800258c   0x0800258c   0x00000004   Code   RO         4883    i.eMBRegInputCB     mbcallbacks.o
    0x08002590   0x08002590   0x00000010   Code   RO         4268    i.enable_RX         bsp.o
    0x080025a0   0x080025a0   0x00000010   Code   RO         4269    i.enable_TX         bsp.o
    0x080025b0   0x080025b0   0x00000104   Code   RO           19    i.main              main.o
    0x080026b4   0x080026b4   0x0000000c   Code   RO         3753    i.makeFreeRtosPriority  cmsis_os.o
    0x080026c0   0x080026c0   0x0000000e   Code   RO         3755    i.osDelay           cmsis_os.o
    0x080026ce   0x080026ce   0x0000000a   Code   RO         3758    i.osKernelStart     cmsis_os.o
    0x080026d8   0x080026d8   0x00000054   Code   RO         3792    i.osThreadCreate    cmsis_os.o
    0x0800272c   0x0800272c   0x00000070   Code   RO         3435    i.prvAddCurrentTaskToDelayedList  tasks.o
    0x0800279c   0x0800279c   0x000000d0   Code   RO         3436    i.prvAddNewTaskToReadyList  tasks.o
    0x0800286c   0x0800286c   0x00000034   Code   RO         3437    i.prvDeleteTCB      tasks.o
    0x080028a0   0x080028a0   0x0000004c   Code   RO         4120    i.prvHeapInit       heap_4.o
    0x080028ec   0x080028ec   0x0000005c   Code   RO         3438    i.prvIdleTask       tasks.o
    0x08002948   0x08002948   0x00000098   Code   RO         3439    i.prvInitialiseNewTask  tasks.o
    0x080029e0   0x080029e0   0x0000004c   Code   RO         4121    i.prvInsertBlockIntoFreeList  heap_4.o
    0x08002a2c   0x08002a2c   0x00000020   Code   RO         3440    i.prvResetNextTaskUnblockTime  tasks.o
    0x08002a4c   0x08002a4c   0x00000028   Code   RO         4189    i.prvTaskExitError  port.o
    0x08002a74   0x08002a74   0x00000018   Code   RO         4532    i.prveMBError2Exception  mbutils.o
    0x08002a8c   0x08002a8c   0x0000000c   Code   RO         4661    i.prvvTIMERExpiredISR  porttimer.o
    0x08002a98   0x08002a98   0x000000dc   Code   RO         4122    i.pvPortMalloc      heap_4.o
    0x08002b74   0x08002b74   0x0000002c   Code   RO         4190    i.pxPortInitialiseStack  port.o
    0x08002ba0   0x08002ba0   0x00000010   Code   RO         4270    i.reset_LED_STM     bsp.o
    0x08002bb0   0x08002bb0   0x00000010   Code   RO         4271    i.reset_TEST_LED1   bsp.o
    0x08002bc0   0x08002bc0   0x00000010   Code   RO         4272    i.reset_TEST_LED2   bsp.o
    0x08002bd0   0x08002bd0   0x00000010   Code   RO         4273    i.set_LED_STM       bsp.o
    0x08002be0   0x08002be0   0x00000010   Code   RO         4274    i.set_TEST_LED1     bsp.o
    0x08002bf0   0x08002bf0   0x0000002c   Code   RO         4707    i.usMBCRC16         mbcrc.o
    0x08002c1c   0x08002c1c   0x00000026   Code   RO         3071    i.uxListRemove      list.o
    0x08002c42   0x08002c42   0x00000002   PAD
    0x08002c44   0x08002c44   0x00000014   Code   RO          252    i.vApplicationGetIdleTaskMemory  freertos.o
    0x08002c58   0x08002c58   0x00000016   Code   RO         3072    i.vListInitialise   list.o
    0x08002c6e   0x08002c6e   0x00000006   Code   RO         3073    i.vListInitialiseItem  list.o
    0x08002c74   0x08002c74   0x00000030   Code   RO         3074    i.vListInsert       list.o
    0x08002ca4   0x08002ca4   0x00000018   Code   RO         3075    i.vListInsertEnd    list.o
    0x08002cbc   0x08002cbc   0x00000030   Code   RO         4613    i.vMBPortSerialEnable  portserial.o
    0x08002cec   0x08002cec   0x0000000c   Code   RO         4694    i.vMBPortTimersDisable  porttimer.o
    0x08002cf8   0x08002cf8   0x00000014   Code   RO         4688    i.vMBPortTimersEnable  porttimer.o
    0x08002d0c   0x08002d0c   0x00000040   Code   RO         4192    i.vPortEnterCritical  port.o
    0x08002d4c   0x08002d4c   0x00000028   Code   RO         4193    i.vPortExitCritical  port.o
    0x08002d74   0x08002d74   0x00000064   Code   RO         4123    i.vPortFree         heap_4.o
    0x08002dd8   0x08002dd8   0x00000024   Code   RO         4194    i.vPortSetupTimerInterrupt  port.o
    0x08002dfc   0x08002dfc   0x0000004c   Code   RO         3449    i.vTaskDelay        tasks.o
    0x08002e48   0x08002e48   0x0000006c   Code   RO         3462    i.vTaskStartScheduler  tasks.o
    0x08002eb4   0x08002eb4   0x00000010   Code   RO         3464    i.vTaskSuspendAll   tasks.o
    0x08002ec4   0x08002ec4   0x0000005c   Code   RO         3465    i.vTaskSwitchContext  tasks.o
    0x08002f20   0x08002f20   0x0000001c   Code   RO         4568    i.xMBPortEventGet   portevent.o
    0x08002f3c   0x08002f3c   0x00000010   Code   RO         4569    i.xMBPortEventInit  portevent.o
    0x08002f4c   0x08002f4c   0x00000010   Code   RO         4570    i.xMBPortEventPost  portevent.o
    0x08002f5c   0x08002f5c   0x00000018   Code   RO         4614    i.xMBPortSerialGetByte  portserial.o
    0x08002f74   0x08002f74   0x00000058   Code   RO         4615    i.xMBPortSerialInit  portserial.o
    0x08002fcc   0x08002fcc   0x00000010   Code   RO         4616    i.xMBPortSerialPutByte  portserial.o
    0x08002fdc   0x08002fdc   0x0000000c   Code   RO         4662    i.xMBPortTimersInit  porttimer.o
    0x08002fe8   0x08002fe8   0x00000068   Code   RO         4738    i.xMBRTUReceiveFSM  mbrtu.o
    0x08003050   0x08003050   0x00000040   Code   RO         4739    i.xMBRTUTimerT35Expired  mbrtu.o
    0x08003090   0x08003090   0x00000064   Code   RO         4740    i.xMBRTUTransmitFSM  mbrtu.o
    0x080030f4   0x080030f4   0x000000f4   Code   RO         4196    i.xPortStartScheduler  port.o
    0x080031e8   0x080031e8   0x0000005a   Code   RO         3468    i.xTaskCreate       tasks.o
    0x08003242   0x08003242   0x0000005a   Code   RO         3469    i.xTaskCreateStatic  tasks.o
    0x0800329c   0x0800329c   0x000000cc   Code   RO         3476    i.xTaskIncrementTick  tasks.o
    0x08003368   0x08003368   0x000000c4   Code   RO         3482    i.xTaskResumeAll    tasks.o
    0x0800342c   0x0800342c   0x0000000a   Code   RO         5153    x$fpl$fpinit        fz_wm.l(fpinit.o)
    0x08003436   0x08003436   0x00000002   PAD
    0x08003438   0x08003438   0x00000038   Data   RO           21    .constdata          main.o
    0x08003470   0x08003470   0x00000010   Data   RO         2934    .constdata          system_stm32f4xx.o
    0x08003480   0x08003480   0x00000008   Data   RO         2935    .constdata          system_stm32f4xx.o
    0x08003488   0x08003488   0x00000200   Data   RO         4708    .constdata          mbcrc.o
    0x08003688   0x08003688   0x00000018   Data   RO           22    .conststring        main.o
    0x080036a0   0x080036a0   0x00000020   Data   RO         5188    Region$$Table       anon$$obj.o


    Execution Region RW_IRAM1 (Exec base: 0x20000000, Load base: 0x080036c0, Size: 0x0000a358, Max: 0x0001c000, ABSOLUTE, COMPRESSED[0x0000004c])

    Exec Addr    Load Addr    Size         Type   Attr      Idx    E Section Name        Object

    0x20000000   COMPRESSED   0x00000008   Data   RW           23    .data               main.o
    0x20000008   COMPRESSED   0x00000001   Data   RW          298    .data               stm32f4xx_it.o
    0x20000009   COMPRESSED   0x00000003   PAD
    0x2000000c   COMPRESSED   0x0000000c   Data   RW         1371    .data               stm32f4xx_hal.o
    0x20000018   COMPRESSED   0x00000004   Data   RW         2936    .data               system_stm32f4xx.o
    0x2000001c   COMPRESSED   0x0000003c   Data   RW         3485    .data               tasks.o
    0x20000058   COMPRESSED   0x00000020   Data   RW         4129    .data               heap_4.o
    0x20000078   COMPRESSED   0x0000000c   Data   RW         4197    .data               port.o
    0x20000084   COMPRESSED   0x0000000c   Data   RW         4276    .data               bsp.o
    0x20000090   COMPRESSED   0x00000004   Data   RW         4277    .data               bsp.o
    0x20000094   COMPRESSED   0x00000004   Data   RW         4278    .data               bsp.o
    0x20000098   COMPRESSED   0x00000002   Data   RW         4279    .data               bsp.o
    0x2000009a   COMPRESSED   0x00000002   PAD
    0x2000009c   COMPRESSED   0x00000004   Data   RW         4280    .data               bsp.o
    0x200000a0   COMPRESSED   0x00000004   Data   RW         4281    .data               bsp.o
    0x200000a4   COMPRESSED   0x00000002   Data   RW         4502    .data               mbfuncother.o
    0x200000a6   COMPRESSED   0x00000002   Data   RW         4571    .data               portevent.o
    0x200000a8   COMPRESSED   0x00000004   Data   RW         4663    .data               porttimer.o
    0x200000ac   COMPRESSED   0x0000000c   Data   RW         4742    .data               mbrtu.o
    0x200000b8   COMPRESSED   0x000000ac   Data   RW         4819    .data               mb.o
    0x20000164   COMPRESSED   0x00000004   Data   RW         4887    .data               mbcallbacks.o
    0x20000168        -       0x000000d4   Zero   RW           20    .bss                main.o
    0x2000023c        -       0x00000254   Zero   RW          253    .bss                freertos.o
    0x20000490        -       0x00000048   Zero   RW          434    .bss                stm32f4xx_hal_timebase_tim.o
    0x200004d8        -       0x000000f0   Zero   RW         3484    .bss                tasks.o
    0x200005c8        -       0x00003c00   Zero   RW         4128    .bss                heap_4.o
    0x200041c8        -       0x00000020   Zero   RW         4501    .bss                mbfuncother.o
    0x200041e8        -       0x00000100   Zero   RW         4741    .bss                mbrtu.o
    0x200042e8        -       0x00000010   Zero   RW         4884    .bss                mbcallbacks.o
    0x200042f8        -       0x00000060   Zero   RW         5077    .bss                c_w.l(libspace.o)
    0x20004358        -       0x00002000   Zero   RW            2    HEAP                startup_stm32f407xx.o
    0x20006358        -       0x00004000   Zero   RW            1    STACK               startup_stm32f407xx.o


    Execution Region RW_IRAM2 (Exec base: 0x2001c000, Load base: 0x0800370c, Size: 0x00000000, Max: 0x00004000, ABSOLUTE)

    **** No section assigned to this execution region ****


==============================================================================

Image component sizes


      Code (inc. data)   RO Data    RW Data    ZI Data      Debug   Object Name

       216         46          0         30          0       5050   bsp.o
       120          0          0          0          0      23521   cmsis_os.o
         0          0          0          0          0      16988   event_groups.o
        20          4          0          0        596       1316   freertos.o
       472         24          0         32      15360       7675   heap_4.o
       138          0          0          0          0       3702   list.o
       848        110         80          8        212     728597   main.o
       340         42          0        172          0       4228   mb.o
       172         16          0          4         16       4633   mbcallbacks.o
        44          6        512          0          0       1272   mbcrc.o
       300          0          0          0          0       7955   mbfunccoils.o
       114          0          0          0          0       1696   mbfuncdisc.o
       378          0          0          0          0       5655   mbfuncholding.o
        98          0          0          0          0       1655   mbfuncinput.o
        36         10          0          2         32       1411   mbfuncother.o
       606         46          0         12        256       6691   mbrtu.o
        24          0          0          0          0        664   mbutils.o
       196         50          0          0          0       1705   modbusdatahandler.o
       702         70          0         12          0      11272   port.o
        60         14          0          2          0       2276   portevent.o
       248         32          0          0          0       3952   portserial.o
        56         24          0          4          0       2827   porttimer.o
        64         26        392          0      24576        868   startup_stm32f407xx.o
        80         14          0         12          0       8234   stm32f4xx_hal.o
       158         14          0          0          0      33250   stm32f4xx_hal_cortex.o
       182          0          0          0          0       2175   stm32f4xx_hal_dma.o
       508         52          0          0          0       3710   stm32f4xx_hal_gpio.o
       296         32          0          0          0       2424   stm32f4xx_hal_msp.o
      1388         82          0          0          0       6221   stm32f4xx_hal_rcc.o
       832         72          0          0          0       7840   stm32f4xx_hal_tim.o
       148         28          0          0          0       2645   stm32f4xx_hal_tim_ex.o
       116         16          0          0         72       1500   stm32f4xx_hal_timebase_tim.o
      1276         16          0          0          0       8688   stm32f4xx_hal_uart.o
       106         28          0          1          0       6270   stm32f4xx_it.o
         0          0          0          0          0        392   stream_buffer.o
        16          4         24          4          0       1207   system_stm32f4xx.o
      1520        110          0         60        240      19962   tasks.o

    ----------------------------------------------------------------------
     11904        988       1040        360      41360     950127   Object Totals
         0          0         32          0          0          0   (incl. Generated)
        26          0          0          5          0          0   (incl. Padding)

    ----------------------------------------------------------------------

      Code (inc. data)   RO Data    RW Data    ZI Data      Debug   Library Member Name

        90          0          0          0          0          0   __dczerorl2.o
         8          0          0          0          0         68   __main.o
         0          0          0          0          0          0   __rtentry.o
        12          0          0          0          0          0   __rtentry2.o
         6          0          0          0          0          0   __rtentry4.o
        52          8          0          0          0          0   __scatter.o
        28          0          0          0          0          0   __scatter_zi.o
        22          0          0          0          0         80   abort.o
        48         34          0          0          0         76   defsig_abrt_inner.o
        14          0          0          0          0         80   defsig_abrt_outer.o
        10          0          0          0          0         68   defsig_exit.o
        50          0          0          0          0         88   defsig_general.o
        18          0          0          0          0         80   exit.o
         6          0          0          0          0        152   heapauxi.o
         0          0          0          0          0          0   indicate_semi.o
         2          0          0          0          0          0   libinit.o
         6          0          0          0          0          0   libinit2.o
         2          0          0          0          0          0   libshutdown.o
         2          0          0          0          0          0   libshutdown2.o
         8          4          0          0         96         68   libspace.o
       238          0          0          0          0        100   lludivv7m.o
        78          0          0          0          0         80   rt_memclr_w.o
       138          0          0          0          0         68   rt_memcpy_v6.o
       100          0          0          0          0         80   rt_memcpy_w.o
         2          0          0          0          0          0   rtexit.o
        10          0          0          0          0          0   rtexit2.o
        12          4          0          0          0         68   sys_exit.o
        74          0          0          0          0         80   sys_stackheap_outer.o
        14          0          0          0          0         76   sys_wrch.o
         2          0          0          0          0         68   use_no_semi.o
        10          0          0          0          0        116   fpinit.o

    ----------------------------------------------------------------------
      1072         50          0          0         96       1496   Library Totals
        10          0          0          0          0          0   (incl. Padding)

    ----------------------------------------------------------------------

      Code (inc. data)   RO Data    RW Data    ZI Data      Debug   Library Name

      1052         50          0          0         96       1380   c_w.l
        10          0          0          0          0        116   fz_wm.l

    ----------------------------------------------------------------------
      1072         50          0          0         96       1496   Library Totals

    ----------------------------------------------------------------------

==============================================================================


      Code (inc. data)   RO Data    RW Data    ZI Data      Debug   

     12976       1038       1040        360      41456     936547   Grand Totals
     12976       1038       1040         76      41456     936547   ELF Image Totals (compressed)
     12976       1038       1040         76          0          0   ROM Totals

==============================================================================

    Total RO  Size (Code + RO Data)                14016 (  13.69kB)
    Total RW  Size (RW Data + ZI Data)             41816 (  40.84kB)
    Total ROM Size (Code + RO Data + RW Data)      14092 (  13.76kB)

==============================================================================

