Component: ARM Compiler 5.06 update 7 (build 960) Tool: armlink [4d3601]

==============================================================================

Section Cross References

    startup_stm32f407xx.o(STACK) refers (Special) to heapauxi.o(.text) for __use_two_region_memory
    startup_stm32f407xx.o(HEAP) refers (Special) to heapauxi.o(.text) for __use_two_region_memory
    startup_stm32f407xx.o(RESET) refers (Special) to heapauxi.o(.text) for __use_two_region_memory
    startup_stm32f407xx.o(RESET) refers to startup_stm32f407xx.o(STACK) for __initial_sp
    startup_stm32f407xx.o(RESET) refers to startup_stm32f407xx.o(.text) for Reset_Handler
    startup_stm32f407xx.o(RESET) refers to stm32f4xx_it.o(i.NMI_Handler) for NMI_Handler
    startup_stm32f407xx.o(RESET) refers to stm32f4xx_it.o(i.HardFault_Handler) for HardFault_Handler
    startup_stm32f407xx.o(RESET) refers to stm32f4xx_it.o(i.MemManage_Handler) for MemManage_Handler
    startup_stm32f407xx.o(RESET) refers to stm32f4xx_it.o(i.BusFault_Handler) for BusFault_Handler
    startup_stm32f407xx.o(RESET) refers to stm32f4xx_it.o(i.UsageFault_Handler) for UsageFault_Handler
    startup_stm32f407xx.o(RESET) refers to port.o(.emb_text) for SVC_Handler
    startup_stm32f407xx.o(RESET) refers to stm32f4xx_it.o(i.DebugMon_Handler) for DebugMon_Handler
    startup_stm32f407xx.o(RESET) refers to port.o(i.SysTick_Handler) for SysTick_Handler
    startup_stm32f407xx.o(RESET) refers to stm32f4xx_it.o(i.RCC_IRQHandler) for RCC_IRQHandler
    startup_stm32f407xx.o(RESET) refers to stm32f4xx_it.o(i.EXTI9_5_IRQHandler) for EXTI9_5_IRQHandler
    startup_stm32f407xx.o(RESET) refers to stm32f4xx_it.o(i.TIM1_TRG_COM_TIM11_IRQHandler) for TIM1_TRG_COM_TIM11_IRQHandler
    startup_stm32f407xx.o(RESET) refers to stm32f4xx_it.o(i.USART2_IRQHandler) for USART2_IRQHandler
    startup_stm32f407xx.o(RESET) refers to stm32f4xx_it.o(i.TIM6_DAC_IRQHandler) for TIM6_DAC_IRQHandler
    startup_stm32f407xx.o(RESET) refers to stm32f4xx_it.o(i.TIM7_IRQHandler) for TIM7_IRQHandler
    startup_stm32f407xx.o(.text) refers (Special) to heapauxi.o(.text) for __use_two_region_memory
    startup_stm32f407xx.o(.text) refers to system_stm32f4xx.o(i.SystemInit) for SystemInit
    startup_stm32f407xx.o(.text) refers to __main.o(!!!main) for __main
    startup_stm32f407xx.o(.text) refers to startup_stm32f407xx.o(HEAP) for Heap_Mem
    startup_stm32f407xx.o(.text) refers to startup_stm32f407xx.o(STACK) for Stack_Mem
    main.o(i.HAL_TIM_PeriodElapsedCallback) refers to stm32f4xx_hal.o(i.HAL_IncTick) for HAL_IncTick
    main.o(i.HAL_TIM_PeriodElapsedCallback) refers to porttimer.o(i.prvvTIMERExpiredISR) for prvvTIMERExpiredISR
    main.o(i.HAL_TIM_PeriodElapsedCallback) refers to stm32f4xx_hal_tim.o(i.HAL_TIM_Base_Stop_IT) for HAL_TIM_Base_Stop_IT
    main.o(i.HAL_TIM_PeriodElapsedCallback) refers to porttimer.o(.data) for counter_Timer7
    main.o(i.HAL_TIM_PeriodElapsedCallback) refers to bsp.o(.data) for update_time_value
    main.o(i.HAL_TIM_PeriodElapsedCallback) refers to bsp.o(.data) for work_time
    main.o(i.HAL_TIM_PeriodElapsedCallback) refers to bsp.o(.data) for start_flag
    main.o(i.HAL_TIM_PeriodElapsedCallback) refers to bsp.o(.data) for stop_flag
    main.o(i.HAL_TIM_PeriodElapsedCallback) refers to main.o(.bss) for .bss
    main.o(i.HAL_TIM_PeriodElapsedCallback) refers to bsp.o(.data) for counter_1
    main.o(i.HAL_TIM_PeriodElapsedCallback) refers to bsp.o(.data) for update_value_1
    main.o(i.HAL_TIM_PeriodElapsedCallback) refers to bsp.o(.data) for update_value_2
    main.o(i.MX_GPIO_Init) refers to rt_memclr_w.o(.text) for __aeabi_memclr4
    main.o(i.MX_GPIO_Init) refers to stm32f4xx_hal_gpio.o(i.HAL_GPIO_WritePin) for HAL_GPIO_WritePin
    main.o(i.MX_GPIO_Init) refers to stm32f4xx_hal_gpio.o(i.HAL_GPIO_Init) for HAL_GPIO_Init
    main.o(i.MX_GPIO_Init) refers to stm32f4xx_hal_cortex.o(i.HAL_NVIC_SetPriority) for HAL_NVIC_SetPriority
    main.o(i.MX_GPIO_Init) refers to stm32f4xx_hal_cortex.o(i.HAL_NVIC_EnableIRQ) for HAL_NVIC_EnableIRQ
    main.o(i.ModBusFunction) refers to mb.o(i.eMBPoll) for eMBPoll
    main.o(i.ModBusFunction) refers to cmsis_os.o(i.osDelay) for osDelay
    main.o(i.ProcessTaskFunction) refers to cmsis_os.o(i.osDelay) for osDelay
    main.o(i.StartDefaultTask) refers to cmsis_os.o(i.osDelay) for osDelay
    main.o(i.SystemClock_Config) refers to rt_memclr_w.o(.text) for __aeabi_memclr4
    main.o(i.SystemClock_Config) refers to stm32f4xx_hal_rcc.o(i.HAL_RCC_OscConfig) for HAL_RCC_OscConfig
    main.o(i.SystemClock_Config) refers to stm32f4xx_hal_rcc.o(i.HAL_RCC_ClockConfig) for HAL_RCC_ClockConfig
    main.o(i.init_TEST_LEDS) refers to rt_memclr_w.o(.text) for __aeabi_memclr4
    main.o(i.init_TEST_LEDS) refers to stm32f4xx_hal_gpio.o(i.HAL_GPIO_WritePin) for HAL_GPIO_WritePin
    main.o(i.init_TEST_LEDS) refers to stm32f4xx_hal_gpio.o(i.HAL_GPIO_Init) for HAL_GPIO_Init
    main.o(i.main) refers to stm32f4xx_hal.o(i.HAL_Init) for HAL_Init
[...]
    UART_DMAAbortOnError                     0x08001ba1   Thumb Code    16  stm32f4xx_hal_uart.o(i.UART_DMAAbortOnError)
    i.UART_EndRxTransfer                     0x08001bb0   Section        0  stm32f4xx_hal_uart.o(i.UART_EndRxTransfer)
    UART_EndRxTransfer                       0x08001bb1   Thumb Code    78  stm32f4xx_hal_uart.o(i.UART_EndRxTransfer)
    i.UART_Receive_IT                        0x08001bfe   Section        0  stm32f4xx_hal_uart.o(i.UART_Receive_IT)
    UART_Receive_IT                          0x08001bff   Thumb Code   192  stm32f4xx_hal_uart.o(i.UART_Receive_IT)
    i.UART_SetConfig                         0x08001cc0   Section        0  stm32f4xx_hal_uart.o(i.UART_SetConfig)
    UART_SetConfig                           0x08001cc1   Thumb Code   258  stm32f4xx_hal_uart.o(i.UART_SetConfig)
    i.USART2_IRQHandler                      0x08001dcc   Section        0  stm32f4xx_it.o(i.USART2_IRQHandler)
    i.USER_UART_IRQHandler                   0x08001de4   Section        0  portserial.o(i.USER_UART_IRQHandler)
    i.UsageFault_Handler                     0x08001e2c   Section        0  stm32f4xx_it.o(i.UsageFault_Handler)
    i.WriteParamToModbusStack                0x08001e30   Section        0  modbusdatahandler.o(i.WriteParamToModbusStack)
    i.__NVIC_SetPriority                     0x08001e98   Section        0  stm32f4xx_hal_cortex.o(i.__NVIC_SetPriority)
    __NVIC_SetPriority                       0x08001e99   Thumb Code    32  stm32f4xx_hal_cortex.o(i.__NVIC_SetPriority)
    i.__critical_enter                       0x08001eb8   Section        0  mbcallbacks.o(i.__critical_enter)
    i.__critical_exit                        0x08001ec8   Section        0  mbcallbacks.o(i.__critical_exit)
    i.eMBEnable                              0x08001ed8   Section        0  mb.o(i.eMBEnable)
    i.eMBFuncReadCoils                       0x08001ef8   Section        0  mbfunccoils.o(i.eMBFuncReadCoils)
    i.eMBFuncReadDiscreteInputs              0x08001f6a   Section        0  mbfuncdisc.o(i.eMBFuncReadDiscreteInputs)
    i.eMBFuncReadHoldingRegister             0x08001fdc   Section        0  mbfuncholding.o(i.eMBFuncReadHoldingRegister)
    i.eMBFuncReadInputRegister               0x0800203a   Section        0  mbfuncinput.o(i.eMBFuncReadInputRegister)
    i.eMBFuncReadWriteMultipleHoldingRegister 0x0800209c   Section        0  mbfuncholding.o(i.eMBFuncReadWriteMultipleHoldingRegister)
    i.eMBFuncReportSlaveID                   0x08002138   Section        0  mbfuncother.o(i.eMBFuncReportSlaveID)
    i.eMBFuncWriteCoil                       0x0800215c   Section        0  mbfunccoils.o(i.eMBFuncWriteCoil)
    i.eMBFuncWriteHoldingRegister            0x080021b2   Section        0  mbfuncholding.o(i.eMBFuncWriteHoldingRegister)
    i.eMBFuncWriteMultipleCoils              0x080021e4   Section        0  mbfunccoils.o(i.eMBFuncWriteMultipleCoils)
    i.eMBFuncWriteMultipleHoldingRegister    0x08002248   Section        0  mbfuncholding.o(i.eMBFuncWriteMultipleHoldingRegister)
    i.eMBInit                                0x08002298   Section        0  mb.o(i.eMBInit)
    i.eMBPoll                                0x08002318   Section        0  mb.o(i.eMBPoll)
    i.eMBRTUInit                             0x080023cc   Section        0  mbrtu.o(i.eMBRTUInit)
    i.eMBRTUReceive                          0x08002418   Section        0  mbrtu.o(i.eMBRTUReceive)
    i.eMBRTUSend                             0x08002470   Section        0  mbrtu.o(i.eMBRTUSend)
    i.eMBRTUStart                            0x080024dc   Section        0  mbrtu.o(i.eMBRTUStart)
    i.eMBRTUStop                             0x08002500   Section        0  mbrtu.o(i.eMBRTUStop)
    i.eMBRegCoilsCB                          0x0800251a   Section        0  mbcallbacks.o(i.eMBRegCoilsCB)
    i.eMBRegDiscreteCB                       0x0800251e   Section        0  mbcallbacks.o(i.eMBRegDiscreteCB)
    i.eMBRegHoldingCB                        0x08002524   Section        0  mbcallbacks.o(i.eMBRegHoldingCB)
    i.eMBRegInputCB                          0x0800259c   Section        0  mbcallbacks.o(i.eMBRegInputCB)
    i.enable_RX                              0x080025a0   Section        0  bsp.o(i.enable_RX)
    i.enable_TX                              0x080025b0   Section        0  bsp.o(i.enable_TX)
    i.init_TEST_LEDS                         0x080025c0   Section        0  main.o(i.init_TEST_LEDS)
    i.main                                   0x08002604   Section        0  main.o(i.main)
    i.makeFreeRtosPriority                   0x0800270c   Section        0  cmsis_os.o(i.makeFreeRtosPriority)
    makeFreeRtosPriority                     0x0800270d   Thumb Code    12  cmsis_os.o(i.makeFreeRtosPriority)
    i.osDelay                                0x08002718   Section        0  cmsis_os.o(i.osDelay)
    i.osKernelStart                          0x08002726   Section        0  cmsis_os.o(i.osKernelStart)
    i.osThreadCreate                         0x08002730   Section        0  cmsis_os.o(i.osThreadCreate)
    i.prvAddCurrentTaskToDelayedList         0x08002784   Section        0  tasks.o(i.prvAddCurrentTaskToDelayedList)
    prvAddCurrentTaskToDelayedList           0x08002785   Thumb Code   102  tasks.o(i.prvAddCurrentTaskToDelayedList)
    i.prvAddNewTaskToReadyList               0x080027f4   Section        0  tasks.o(i.prvAddNewTaskToReadyList)
    prvAddNewTaskToReadyList                 0x080027f5   Thumb Code   194  tasks.o(i.prvAddNewTaskToReadyList)
    i.prvDeleteTCB                           0x080028c4   Section        0  tasks.o(i.prvDeleteTCB)
    prvDeleteTCB                             0x080028c5   Thumb Code    52  tasks.o(i.prvDeleteTCB)
    i.prvHeapInit                            0x080028f8   Section        0  heap_4.o(i.prvHeapInit)
    prvHeapInit                              0x080028f9   Thumb Code    66  heap_4.o(i.prvHeapInit)
    i.prvIdleTask                            0x08002944   Section        0  tasks.o(i.prvIdleTask)
    prvIdleTask                              0x08002945   Thumb Code    82  tasks.o(i.prvIdleTask)
    i.prvInitialiseNewTask                   0x080029a4   Section        0  tasks.o(i.prvInitialiseNewTask)
    prvInitialiseNewTask                     0x080029a5   Thumb Code   152  tasks.o(i.prvInitialiseNewTask)
    i.prvInsertBlockIntoFreeList             0x08002a3c   Section        0  heap_4.o(i.prvInsertBlockIntoFreeList)
    prvInsertBlockIntoFreeList               0x08002a3d   Thumb Code    72  heap_4.o(i.prvInsertBlockIntoFreeList)
    i.prvResetNextTaskUnblockTime            0x08002a88   Section        0  tasks.o(i.prvResetNextTaskUnblockTime)
    prvResetNextTaskUnblockTime              0x08002a89   Thumb Code    26  tasks.o(i.prvResetNextTaskUnblockTime)
    i.prvTaskExitError                       0x08002aa8   Section        0  port.o(i.prvTaskExitError)
    prvTaskExitError                         0x08002aa9   Thumb Code    36  port.o(i.prvTaskExitError)
    i.prveMBError2Exception                  0x08002ad0   Section        0  mbutils.o(i.prveMBError2Exception)
    i.prvvTIMERExpiredISR                    0x08002ae8   Section        0  porttimer.o(i.prvvTIMERExpiredISR)
    i.pvPortMalloc                           0x08002af4   Section        0  heap_4.o(i.pvPortMalloc)
    i.pxPortInitialiseStack                  0x08002bd0   Section        0  port.o(i.pxPortInitialiseStack)
    i.usMBCRC16                              0x08002bfc   Section        0  mbcrc.o(i.usMBCRC16)
    i.uxListRemove                           0x08002c28   Section        0  list.o(i.uxListRemove)
    i.vApplicationGetIdleTaskMemory          0x08002c50   Section        0  freertos.o(i.vApplicationGetIdleTaskMemory)
    i.vListInitialise                        0x08002c64   Section        0  list.o(i.vListInitialise)
    i.vListInitialiseItem                    0x08002c7a   Section        0  list.o(i.vListInitialiseItem)
    i.vListInsert                            0x08002c80   Section        0  list.o(i.vListInsert)
    i.vListInsertEnd                         0x08002cb0   Section        0  list.o(i.vListInsertEnd)
    i.vMBPortSerialEnable                    0x08002cc8   Section        0  portserial.o(i.vMBPortSerialEnable)
    i.vMBPortTimersDisable                   0x08002cf8   Section        0  porttimer.o(i.vMBPortTimersDisable)
    i.vMBPortTimersEnable                    0x08002d04   Section        0  porttimer.o(i.vMBPortTimersEnable)
    i.vPortEnterCritical                     0x08002d18   Section        0  port.o(i.vPortEnterCritical)
    i.vPortExitCritical                      0x08002d58   Section        0  port.o(i.vPortExitCritical)
    i.vPortFree                              0x08002d80   Section        0  heap_4.o(i.vPortFree)
    i.vPortSetupTimerInterrupt               0x08002de4   Section        0  port.o(i.vPortSetupTimerInterrupt)
    i.vTaskDelay                             0x08002e08   Section        0  tasks.o(i.vTaskDelay)
    i.vTaskStartScheduler                    0x08002e54   Section        0  tasks.o(i.vTaskStartScheduler)
    i.vTaskSuspendAll                        0x08002ec0   Section        0  tasks.o(i.vTaskSuspendAll)
    i.vTaskSwitchContext                     0x08002ed0   Section        0  tasks.o(i.vTaskSwitchContext)
    i.xMBPortEventGet                        0x08002f2c   Section        0  portevent.o(i.xMBPortEventGet)
    i.xMBPortEventInit                       0x08002f48   Section        0  portevent.o(i.xMBPortEventInit)
    i.xMBPortEventPost                       0x08002f58   Section        0  portevent.o(i.xMBPortEventPost)
    i.xMBPortSerialGetByte                   0x08002f68   Section        0  portserial.o(i.xMBPortSerialGetByte)
    i.xMBPortSerialInit                      0x08002f80   Section        0  portserial.o(i.xMBPortSerialInit)
    i.xMBPortSerialPutByte                   0x08002fd8   Section        0  portserial.o(i.xMBPortSerialPutByte)
    i.xMBPortTimersInit                      0x08002fe8   Section        0  porttimer.o(i.xMBPortTimersInit)
    i.xMBRTUReceiveFSM                       0x08002ff4   Section        0  mbrtu.o(i.xMBRTUReceiveFSM)
    i.xMBRTUTimerT35Expired                  0x0800305c   Section        0  mbrtu.o(i.xMBRTUTimerT35Expired)
    i.xMBRTUTransmitFSM                      0x0800309c   Section        0  mbrtu.o(i.xMBRTUTransmitFSM)
    i.xPortStartScheduler                    0x08003100   Section        0  port.o(i.xPortStartScheduler)
    i.xTaskCreate                            0x080031f4   Section        0  tasks.o(i.xTaskCreate)
    i.xTaskCreateStatic                      0x0800324e   Section        0  tasks.o(i.xTaskCreateStatic)
    i.xTaskIncrementTick                     0x080032a4   Section        0  tasks.o(i.xTaskIncrementTick)
    i.xTaskResumeAll                         0x08003370   Section        0  tasks.o(i.xTaskResumeAll)
    x$fpl$fpinit                             0x08003434   Section       10  fpinit.o(x$fpl$fpinit)
    $v0                                      0x08003434   Number         0  fpinit.o(x$fpl$fpinit)
    .constdata                               0x08003440   Section       56  main.o(.constdata)
    .constdata                               0x08003478   Section       16  system_stm32f4xx.o(.constdata)
    .constdata                               0x08003488   Section        8  system_stm32f4xx.o(.constdata)
    .constdata                               0x08003490   Section      512  mbcrc.o(.constdata)
    aucCRCHi                                 0x08003490   Data         256  mbcrc.o(.constdata)
    aucCRCLo                                 0x08003590   Data         256  mbcrc.o(.constdata)
    .conststring                             0x08003690   Section       24  main.o(.conststring)
    .data                                    0x20000000   Section        8  main.o(.data)
    .data                                    0x20000008   Section       12  stm32f4xx_hal.o(.data)
    .data                                    0x20000014   Section        4  system_stm32f4xx.o(.data)
    .data                                    0x20000018   Section       60  tasks.o(.data)
    uxDeletedTasksWaitingCleanUp             0x2000001c   Data           4  tasks.o(.data)
    uxCurrentNumberOfTasks                   0x20000020   Data           4  tasks.o(.data)
    xTickCount                               0x20000024   Data           4  tasks.o(.data)
    uxTopReadyPriority                       0x20000028   Data           4  tasks.o(.data)
    xSchedulerRunning                        0x2000002c   Data           4  tasks.o(.data)
    xPendedTicks                             0x20000030   Data           4  tasks.o(.data)
    xYieldPending                            0x20000034   Data           4  tasks.o(.data)
    xNumOfOverflows                          0x20000038   Data           4  tasks.o(.data)
    uxTaskNumber                             0x2000003c   Data           4  tasks.o(.data)
    xNextTaskUnblockTime                     0x20000040   Data           4  tasks.o(.data)
    xIdleTaskHandle                          0x20000044   Data           4  tasks.o(.data)
    uxSchedulerSuspended                     0x20000048   Data           4  tasks.o(.data)
    pxDelayedTaskList                        0x2000004c   Data           4  tasks.o(.data)
    pxOverflowDelayedTaskList                0x20000050   Data           4  tasks.o(.data)
    .data                                    0x20000054   Section       32  heap_4.o(.data)
    pxEnd                                    0x20000054   Data           4  heap_4.o(.data)
    xFreeBytesRemaining                      0x20000058   Data           4  heap_4.o(.data)
    xMinimumEverFreeBytesRemaining           0x2000005c   Data           4  heap_4.o(.data)
    xNumberOfSuccessfulAllocations           0x20000060   Data           4  heap_4.o(.data)
    xNumberOfSuccessfulFrees                 0x20000064   Data           4  heap_4.o(.data)
    xBlockAllocatedBit                       0x20000068   Data           4  heap_4.o(.data)
    xStart                                   0x2000006c   Data           8  heap_4.o(.data)
    .data                                    0x20000074   Section       12  port.o(.data)
    ucMaxSysCallPriority                     0x20000074   Data           1  port.o(.data)
    uxCriticalNesting                        0x20000078   Data           4  port.o(.data)
    ulMaxPRIGROUPValue                       0x2000007c   Data           4  port.o(.data)
    .data                                    0x20000080   Section        4  bsp.o(.data)
    .data                                    0x20000084   Section        4  bsp.o(.data)
    .data                                    0x20000088   Section        4  bsp.o(.data)
    .data                                    0x2000008c   Section        4  bsp.o(.data)
    .data                                    0x20000090   Section        2  bsp.o(.data)
    .data                                    0x20000092   Section        2  bsp.o(.data)
    .data                                    0x20000094   Section        4  bsp.o(.data)
    .data                                    0x20000098   Section        4  bsp.o(.data)
    .data                                    0x2000009c   Section        2  mbfuncother.o(.data)
    usMBSlaveIDLen                           0x2000009c   Data           2  mbfuncother.o(.data)
    .data                                    0x2000009e   Section        2  portevent.o(.data)
    eQueuedEvent                             0x2000009e   Data           1  portevent.o(.data)
    xEventInQueue                            0x2000009f   Data           1  portevent.o(.data)
    .data                                    0x200000a0   Section        4  porttimer.o(.data)
    .data                                    0x200000a4   Section       12  mbrtu.o(.data)
    eSndState                                0x200000a4   Data           1  mbrtu.o(.data)
    eRcvState                                0x200000a5   Data           1  mbrtu.o(.data)
    usSndBufferCount                         0x200000a6   Data           2  mbrtu.o(.data)
    usRcvBufferPos                           0x200000a8   Data           2  mbrtu.o(.data)
    pucSndBufferCur                          0x200000ac   Data           4  mbrtu.o(.data)
    .data                                    0x200000b0   Section      172  mb.o(.data)
    eMBState                                 0x200000b0   Data           1  mb.o(.data)
    ucRcvAddress                             0x200000b1   Data           1  mb.o(.data)
    ucFunctionCode                           0x200000b2   Data           1  mb.o(.data)
    eException                               0x200000b3   Data           1  mb.o(.data)
    ucMBAddress                              0x200000b4   Data           1  mb.o(.data)
    eMBCurrentMode                           0x200000b5   Data           1  mb.o(.data)
    usLength                                 0x200000b6   Data           2  mb.o(.data)
    ucMBFrame                                0x200000b8   Data           4  mb.o(.data)
    peMBFrameSendCur                         0x200000bc   Data           4  mb.o(.data)
    pvMBFrameStartCur                        0x200000c0   Data           4  mb.o(.data)
    pvMBFrameStopCur                         0x200000c4   Data           4  mb.o(.data)
    peMBFrameReceiveCur                      0x200000c8   Data           4  mb.o(.data)
    pvMBFrameCloseCur                        0x200000cc   Data           4  mb.o(.data)
    xFuncHandlers                            0x200000dc   Data         128  mb.o(.data)
    .data                                    0x2000015c   Section        4  mbcallbacks.o(.data)
    lock_nesting_count                       0x2000015c   Data           4  mbcallbacks.o(.data)
    .bss                                     0x20000160   Section      212  main.o(.bss)
    .bss                                     0x20000234   Section      596  freertos.o(.bss)
    xIdleTaskTCBBuffer                       0x20000234   Data          84  freertos.o(.bss)
    xIdleStack                               0x20000288   Data         512  freertos.o(.bss)
    .bss                                     0x20000488   Section       72  stm32f4xx_hal_timebase_tim.o(.bss)
    .bss                                     0x200004d0   Section      240  tasks.o(.bss)
    pxReadyTasksLists                        0x200004d0   Data         140  tasks.o(.bss)
    xDelayedTaskList1                        0x2000055c   Data          20  tasks.o(.bss)
    xDelayedTaskList2                        0x20000570   Data          20  tasks.o(.bss)
    xPendingReadyList                        0x20000584   Data          20  tasks.o(.bss)
    xTasksWaitingTermination                 0x20000598   Data          20  tasks.o(.bss)
    xSuspendedTaskList                       0x200005ac   Data          20  tasks.o(.bss)
    .bss                                     0x200005c0   Section    15360  heap_4.o(.bss)
    ucHeap                                   0x200005c0   Data       15360  heap_4.o(.bss)
    .bss                                     0x200041c0   Section       32  mbfuncother.o(.bss)
    ucMBSlaveID                              0x200041c0   Data          32  mbfuncother.o(.bss)
    .bss                                     0x200041e0   Section      256  mbrtu.o(.bss)
    .bss                                     0x200042e0   Section       16  mbcallbacks.o(.bss)
    .bss                                     0x200042f0   Section       96  libspace.o(.bss)
    HEAP                                     0x20004350   Section     8192  startup_stm32f407xx.o(HEAP)
    Heap_Mem                                 0x20004350   Data        8192  startup_stm32f407xx.o(HEAP)
    STACK                                    0x20006350   Section    16384  startup_stm32f407xx.o(STACK)
    Stack_Mem                                0x20006350   Data       16384  startup_stm32f407xx.o(STACK)
    __initial_sp                             0x2000a350   Data           0  startup_stm32f407xx.o(STACK)

    Global Symbols

    Symbol Name                              Value     Ov Type        Size  Object(Section)

    BuildAttributes$$THM_ISAv4$E$P$D$K$B$S$7EM$VFPi3$EXTD16$VFPS$VFMA$PE$A:L22UL41UL21$X:L11$S22US41US21$IEEE1$IW$USESV6$~STKCKD$USESV7$~SHL$OSPACE$ROPI$EBA8$UX$STANDARDLIB$REQ8$PRES8$EABIv2 0x00000000   Number         0  anon$$obj.o ABSOLUTE
    __ARM_use_no_argv                        0x00000000   Number         0  main.o ABSOLUTE
    __ARM_exceptions_init                     - Undefined Weak Reference
    __alloca_initialize                       - Undefined Weak Reference
    __arm_fini_                               - Undefined Weak Reference
    __arm_preinit_                            - Undefined Weak Reference
    __cpp_initialize__aeabi_                  - Undefined Weak Reference
    __cxa_finalize                            - Undefined Weak Reference
    __rt_locale                               - Undefined Weak Reference
    __sigvec_lookup                           - Undefined Weak Reference
    _atexit_init                              - Undefined Weak Reference
    _call_atexit_fns                          - Undefined Weak Reference
    _clock_init                               - Undefined Weak Reference
    _fp_trap_init                             - Undefined Weak Reference
    _fp_trap_shutdown                         - Undefined Weak Reference
    _get_lc_collate                           - Undefined Weak Reference
    _get_lc_ctype                             - Undefined Weak Reference
    _get_lc_monetary                          - Undefined Weak Reference
    _get_lc_numeric                           - Undefined Weak Reference
    _get_lc_time                              - Undefined Weak Reference
    _getenv_init                              - Undefined Weak Reference
    _handle_redirection                       - Undefined Weak Reference
    _init_alloc                               - Undefined Weak Reference
    _init_user_alloc                          - Undefined Weak Reference
    _initio                                   - Undefined Weak Reference
    _rand_init                                - Undefined Weak Reference
    _signal_finish                            - Undefined Weak Reference
    _signal_init                              - Undefined Weak Reference
    _terminate_alloc                          - Undefined Weak Reference
    _terminate_user_alloc                     - Undefined Weak Reference
    _terminateio                              - Undefined Weak Reference
    __Vectors_Size                           0x00000188   Number         0  startup_stm32f407xx.o ABSOLUTE
    __Vectors                                0x08000000   Data           4  startup_stm32f407xx.o(RESET)
    __Vectors_End                            0x08000188   Data           0  startup_stm32f407xx.o(RESET)
    __main                                   0x08000189   Thumb Code     8  __main.o(!!!main)
    __scatterload                            0x08000191   Thumb Code     0  __scatter.o(!!!scatter)
    __scatterload_rt2                        0x08000191   Thumb Code    44  __scatter.o(!!!scatter)
    __scatterload_rt2_thumb_only             0x08000191   Thumb Code     0  __scatter.o(!!!scatter)
    __scatterload_null                       0x0800019f   Thumb Code     0  __scatter.o(!!!scatter)
    __decompress                             0x080001c5   Thumb Code    90  __dczerorl2.o(!!dczerorl2)
    __decompress1                            0x080001c5   Thumb Code     0  __dczerorl2.o(!!dczerorl2)
    __scatterload_zeroinit                   0x08000221   Thumb Code    28  __scatter_zi.o(!!handler_zi)
    __rt_lib_init                            0x0800023d   Thumb Code     0  libinit.o(.ARM.Collect$$libinit$$00000000)
    __rt_lib_init_fp_1                       0x0800023f   Thumb Code     0  libinit2.o(.ARM.Collect$$libinit$$00000001)
    __rt_lib_init_alloca_1                   0x08000243   Thumb Code     0  libinit2.o(.ARM.Collect$$libinit$$0000002E)
    __rt_lib_init_argv_1                     0x08000243   Thumb Code     0  libinit2.o(.ARM.Collect$$libinit$$0000002C)
    __rt_lib_init_atexit_1                   0x08000243   Thumb Code     0  libinit2.o(.ARM.Collect$$libinit$$0000001B)
    __rt_lib_init_clock_1                    0x08000243   Thumb Code     0  libinit2.o(.ARM.Collect$$libinit$$00000021)
    __rt_lib_init_cpp_1                      0x08000243   Thumb Code     0  libinit2.o(.ARM.Collect$$libinit$$00000032)
    __rt_lib_init_exceptions_1               0x08000243   Thumb Code     0  libinit2.o(.ARM.Collect$$libinit$$00000030)
    __rt_lib_init_fp_trap_1                  0x08000243   Thumb Code     0  libinit2.o(.ARM.Collect$$libinit$$0000001F)
    __rt_lib_init_getenv_1                   0x08000243   Thumb Code     0  libinit2.o(.ARM.Collect$$libinit$$00000023)
    __rt_lib_init_heap_1                     0x08000243   Thumb Code     0  libinit2.o(.ARM.Collect$$libinit$$0000000A)
    __rt_lib_init_lc_collate_1               0x08000243   Thumb Code     0  libinit2.o(.ARM.Collect$$libinit$$00000011)
    __rt_lib_init_lc_ctype_1                 0x08000243   Thumb Code     0  libinit2.o(.ARM.Collect$$libinit$$00000013)
    __rt_lib_init_lc_monetary_1              0x08000243   Thumb Code     0  libinit2.o(.ARM.Collect$$libinit$$00000015)
    __rt_lib_init_lc_numeric_1               0x08000243   Thumb Code     0  libinit2.o(.ARM.Collect$$libinit$$00000017)
    __rt_lib_init_lc_time_1                  0x08000243   Thumb Code     0  libinit2.o(.ARM.Collect$$libinit$$00000019)
    __rt_lib_init_preinit_1                  0x08000243   Thumb Code     0  libinit2.o(.ARM.Collect$$libinit$$00000004)
    __rt_lib_init_rand_1                     0x08000243   Thumb Code     0  libinit2.o(.ARM.Collect$$libinit$$0000000E)
    __rt_lib_init_return                     0x08000243   Thumb Code     0  libinit2.o(.ARM.Collect$$libinit$$00000033)
    __rt_lib_init_signal_1                   0x08000243   Thumb Code     0  libinit2.o(.ARM.Collect$$libinit$$0000001D)
    __rt_lib_init_stdio_1                    0x08000243   Thumb Code     0  libinit2.o(.ARM.Collect$$libinit$$00000025)
    __rt_lib_init_user_alloc_1               0x08000243   Thumb Code     0  libinit2.o(.ARM.Collect$$libinit$$0000000C)
    __rt_lib_shutdown                        0x08000245   Thumb Code     0  libshutdown.o(.ARM.Collect$$libshutdown$$00000000)
    __rt_lib_shutdown_cpp_1                  0x08000247   Thumb Code     0  libshutdown2.o(.ARM.Collect$$libshutdown$$00000004)
    __rt_lib_shutdown_fini_1                 0x08000247   Thumb Code     0  libshutdown2.o(.ARM.Collect$$libshutdown$$00000002)
    __rt_lib_shutdown_fp_trap_1              0x08000247   Thumb Code     0  libshutdown2.o(.ARM.Collect$$libshutdown$$00000009)
    __rt_lib_shutdown_heap_1                 0x08000247   Thumb Code     0  libshutdown2.o(.ARM.Collect$$libshutdown$$00000011)
    __rt_lib_shutdown_return                 0x08000247   Thumb Code     0  libshutdown2.o(.ARM.Collect$$libshutdown$$00000012)
    __rt_lib_shutdown_signal_1               0x08000247   Thumb Code     0  libshutdown2.o(.ARM.Collect$$libshutdown$$0000000C)
    __rt_lib_shutdown_stdio_1                0x08000247   Thumb Code     0  libshutdown2.o(.ARM.Collect$$libshutdown$$00000006)
    __rt_lib_shutdown_user_alloc_1           0x08000247   Thumb Code     0  libshutdown2.o(.ARM.Collect$$libshutdown$$0000000E)
    __rt_entry                               0x08000249   Thumb Code     0  __rtentry.o(.ARM.Collect$$rtentry$$00000000)
    __rt_entry_presh_1                       0x08000249   Thumb Code     0  __rtentry2.o(.ARM.Collect$$rtentry$$00000002)
    __rt_entry_sh                            0x08000249   Thumb Code     0  __rtentry4.o(.ARM.Collect$$rtentry$$00000004)
    __rt_entry_li                            0x0800024f   Thumb Code     0  __rtentry2.o(.ARM.Collect$$rtentry$$0000000A)
    __rt_entry_postsh_1                      0x0800024f   Thumb Code     0  __rtentry2.o(.ARM.Collect$$rtentry$$00000009)
    __rt_entry_main                          0x08000253   Thumb Code     0  __rtentry2.o(.ARM.Collect$$rtentry$$0000000D)
    __rt_entry_postli_1                      0x08000253   Thumb Code     0  __rtentry2.o(.ARM.Collect$$rtentry$$0000000C)
    __rt_exit                                0x0800025b   Thumb Code     0  rtexit.o(.ARM.Collect$$rtexit$$00000000)
    __rt_exit_ls                             0x0800025d   Thumb Code     0  rtexit2.o(.ARM.Collect$$rtexit$$00000003)
    __rt_exit_prels_1                        0x0800025d   Thumb Code     0  rtexit2.o(.ARM.Collect$$rtexit$$00000002)
    __rt_exit_exit                           0x08000261   Thumb Code     0  rtexit2.o(.ARM.Collect$$rtexit$$00000004)
    SVC_Handler                              0x08000269   Thumb Code    28  port.o(.emb_text)
    __asm___6_port_c_39a90d8d__prvStartFirstTask 0x08000289   Thumb Code    36  port.o(.emb_text)
    __asm___6_port_c_39a90d8d__prvEnableVFP  0x080002b1   Thumb Code    16  port.o(.emb_text)
    PendSV_Handler                           0x080002c5   Thumb Code    88  port.o(.emb_text)
    vPortGetIPSR                             0x08000321   Thumb Code     6  port.o(.emb_text)
    Reset_Handler                            0x08000329   Thumb Code     8  startup_stm32f407xx.o(.text)
    ADC_IRQHandler                           0x08000343   Thumb Code     0  startup_stm32f407xx.o(.text)
    CAN1_RX0_IRQHandler                      0x08000343   Thumb Code     0  startup_stm32f407xx.o(.text)
    CAN1_RX1_IRQHandler                      0x08000343   Thumb Code     0  startup_stm32f407xx.o(.text)
    CAN1_SCE_IRQHandler                      0x08000343   Thumb Code     0  startup_stm32f407xx.o(.text)
    CAN1_TX_IRQHandler                       0x08000343   Thumb Code     0  startup_stm32f407xx.o(.text)
    CAN2_RX0_IRQHandler                      0x08000343   Thumb Code     0  startup_stm32f407xx.o(.text)
    CAN2_RX1_IRQHandler                      0x08000343   Thumb Code     0  startup_stm32f407xx.o(.text)
    CAN2_SCE_IRQHandler                      0x08000343   Thumb Code     0  startup_stm32f407xx.o(.text)
    CAN2_TX_IRQHandler                       0x08000343   Thumb Code     0  startup_stm32f407xx.o(.text)
    DCMI_IRQHandler                          0x08000343   Thumb Code     0  startup_stm32f407xx.o(.text)
    DMA1_Stream0_IRQHandler                  0x08000343   Thumb Code     0  startup_stm32f407xx.o(.text)
    DMA1_Stream1_IRQHandler                  0x08000343   Thumb Code     0  startup_stm32f407xx.o(.text)
    DMA1_Stream2_IRQHandler                  0x08000343   Thumb Code     0  startup_stm32f407xx.o(.text)
    DMA1_Stream3_IRQHandler                  0x08000343   Thumb Code     0  startup_stm32f407xx.o(.text)
    DMA1_Stream4_IRQHandler                  0x08000343   Thumb Code     0  startup_stm32f407xx.o(.text)
    DMA1_Stream5_IRQHandler                  0x08000343   Thumb Code     0  startup_stm32f407xx.o(.text)
    DMA1_Stream6_IRQHandler                  0x08000343   Thumb Code     0  startup_stm32f407xx.o(.text)
    DMA1_Stream7_IRQHandler                  0x08000343   Thumb Code     0  startup_stm32f407xx.o(.text)
    DMA2_Stream0_IRQHandler                  0x08000343   Thumb Code     0  startup_stm32f407xx.o(.text)
    DMA2_Stream1_IRQHandler                  0x08000343   Thumb Code     0  startup_stm32f407xx.o(.text)
    DMA2_Stream2_IRQHandler                  0x08000343   Thumb Code     0  startup_stm32f407xx.o(.text)
    DMA2_Stream3_IRQHandler                  0x08000343   Thumb Code     0  startup_stm32f407xx.o(.text)
    DMA2_Stream4_IRQHandler                  0x08000343   Thumb Code     0  startup_stm32f407xx.o(.text)
    DMA2_Stream5_IRQHandler                  0x08000343   Thumb Code     0  startup_stm32f407xx.o(.text)
    DMA2_Stream6_IRQHandler                  0x08000343   Thumb Code     0  startup_stm32f407xx.o(.text)
    DMA2_Stream7_IRQHandler                  0x08000343   Thumb Code     0  startup_stm32f407xx.o(.text)
    ETH_IRQHandler                           0x08000343   Thumb Code     0  startup_stm32f407xx.o(.text)
    ETH_WKUP_IRQHandler                      0x08000343   Thumb Code     0  startup_stm32f407xx.o(.text)
    EXTI0_IRQHandler                         0x08000343   Thumb Code     0  startup_stm32f407xx.o(.text)
    EXTI15_10_IRQHandler                     0x08000343   Thumb Code     0  startup_stm32f407xx.o(.text)
    EXTI1_IRQHandler                         0x08000343   Thumb Code     0  startup_stm32f407xx.o(.text)
    EXTI2_IRQHandler                         0x08000343   Thumb Code     0  startup_stm32f407xx.o(.text)
    EXTI3_IRQHandler                         0x08000343   Thumb Code     0  startup_stm32f407xx.o(.text)
    EXTI4_IRQHandler                         0x08000343   Thumb Code     0  startup_stm32f407xx.o(.text)
    FLASH_IRQHandler                         0x08000343   Thumb Code     0  startup_stm32f407xx.o(.text)
    FMC_IRQHandler                           0x08000343   Thumb Code     0  startup_stm32f407xx.o(.text)
    FPU_IRQHandler                           0x08000343   Thumb Code     0  startup_stm32f407xx.o(.text)
    HASH_RNG_IRQHandler                      0x08000343   Thumb Code     0  startup_stm32f407xx.o(.text)
    I2C1_ER_IRQHandler                       0x08000343   Thumb Code     0  startup_stm32f407xx.o(.text)
    I2C1_EV_IRQHandler                       0x08000343   Thumb Code     0  startup_stm32f407xx.o(.text)
    I2C2_ER_IRQHandler                       0x08000343   Thumb Code     0  startup_stm32f407xx.o(.text)
    I2C2_EV_IRQHandler                       0x08000343   Thumb Code     0  startup_stm32f407xx.o(.text)
    I2C3_ER_IRQHandler                       0x08000343   Thumb Code     0  startup_stm32f407xx.o(.text)
    I2C3_EV_IRQHandler                       0x08000343   Thumb Code     0  startup_stm32f407xx.o(.text)
    OTG_FS_IRQHandler                        0x08000343   Thumb Code     0  startup_stm32f407xx.o(.text)
    OTG_FS_WKUP_IRQHandler                   0x08000343   Thumb Code     0  startup_stm32f407xx.o(.text)
    OTG_HS_EP1_IN_IRQHandler                 0x08000343   Thumb Code     0  startup_stm32f407xx.o(.text)
    OTG_HS_EP1_OUT_IRQHandler                0x08000343   Thumb Code     0  startup_stm32f407xx.o(.text)
    OTG_HS_IRQHandler                        0x08000343   Thumb Code     0  startup_stm32f407xx.o(.text)
    OTG_HS_WKUP_IRQHandler                   0x08000343   Thumb Code     0  startup_stm32f407xx.o(.text)
    PVD_IRQHandler                           0x08000343   Thumb Code     0  startup_stm32f407xx.o(.text)
    RTC_Alarm_IRQHandler                     0x08000343   Thumb Code     0  startup_stm32f407xx.o(.text)
    RTC_WKUP_IRQHandler                      0x08000343   Thumb Code     0  startup_stm32f407xx.o(.text)
    SDIO_IRQHandler                          0x08000343   Thumb Code     0  startup_stm32f407xx.o(.text)
    SPI1_IRQHandler                          0x08000343   Thumb Code     0  startup_stm32f407xx.o(.text)
    SPI2_IRQHandler                          0x08000343   Thumb Code     0  startup_stm32f407xx.o(.text)
    SPI3_IRQHandler                          0x08000343   Thumb Code     0  startup_stm32f407xx.o(.text)
    TAMP_STAMP_IRQHandler                    0x08000343   Thumb Code     0  startup_stm32f407xx.o(.text)
    TIM1_BRK_TIM9_IRQHandler                 0x08000343   Thumb Code     0  startup_stm32f407xx.o(.text)
    TIM1_CC_IRQHandler                       0x08000343   Thumb Code     0  startup_stm32f407xx.o(.text)
    TIM1_UP_TIM10_IRQHandler                 0x08000343   Thumb Code     0  startup_stm32f407xx.o(.text)
    TIM2_IRQHandler                          0x08000343   Thumb Code     0  startup_stm32f407xx.o(.text)
    TIM3_IRQHandler                          0x08000343   Thumb Code     0  startup_stm32f407xx.o(.text)
    TIM4_IRQHandler                          0x08000343   Thumb Code     0  startup_stm32f407xx.o(.text)
    TIM5_IRQHandler                          0x08000343   Thumb Code     0  startup_stm32f407xx.o(.text)
    TIM8_BRK_TIM12_IRQHandler                0x08000343   Thumb Code     0  startup_stm32f407xx.o(.text)
    TIM8_CC_IRQHandler                       0x08000343   Thumb Code     0  startup_stm32f407xx.o(.text)
    TIM8_TRG_COM_TIM14_IRQHandler            0x08000343   Thumb Code     0  startup_stm32f407xx.o(.text)
    TIM8_UP_TIM13_IRQHandler                 0x08000343   Thumb Code     0  startup_stm32f407xx.o(.text)
    UART4_IRQHandler                         0x08000343   Thumb Code     0  startup_stm32f407xx.o(.text)
    UART5_IRQHandler                         0x08000343   Thumb Code     0  startup_stm32f407xx.o(.text)
    USART1_IRQHandler                        0x08000343   Thumb Code     0  startup_stm32f407xx.o(.text)
    USART3_IRQHandler                        0x08000343   Thumb Code     0  startup_stm32f407xx.o(.text)
    USART6_IRQHandler                        0x08000343   Thumb Code     0  startup_stm32f407xx.o(.text)
    WWDG_IRQHandler                          0x08000343   Thumb Code     0  startup_stm32f407xx.o(.text)
    __user_initial_stackheap                 0x08000345   Thumb Code     0  startup_stm32f407xx.o(.text)
    __aeabi_uldivmod                         0x08000369   Thumb Code     0  lludivv7m.o(.text)
    _ll_udiv                                 0x08000369   Thumb Code   238  lludivv7m.o(.text)
    abort                                    0x08000457   Thumb Code    22  abort.o(.text)
    __aeabi_memcpy                           0x0800046d   Thumb Code     0  rt_memcpy_v6.o(.text)
    __rt_memcpy                              0x0800046d   Thumb Code   138  rt_memcpy_v6.o(.text)
    _memcpy_lastbytes                        0x080004d3   Thumb Code     0  rt_memcpy_v6.o(.text)
    __aeabi_memcpy4                          0x080004f7   Thumb Code     0  rt_memcpy_w.o(.text)
    __aeabi_memcpy8                          0x080004f7   Thumb Code     0  rt_memcpy_w.o(.text)
    __rt_memcpy_w                            0x080004f7   Thumb Code   100  rt_memcpy_w.o(.text)
    _memcpy_lastbytes_aligned                0x0800053f   Thumb Code     0  rt_memcpy_w.o(.text)
    __aeabi_memclr4                          0x0800055b   Thumb Code     0  rt_memclr_w.o(.text)
    __aeabi_memclr8                          0x0800055b   Thumb Code     0  rt_memclr_w.o(.text)
    __rt_memclr_w                            0x0800055b   Thumb Code    78  rt_memclr_w.o(.text)
    _memset_w                                0x0800055f   Thumb Code     0  rt_memclr_w.o(.text)
    __use_two_region_memory                  0x080005a9   Thumb Code     2  heapauxi.o(.text)
    __rt_heap_escrow$2region                 0x080005ab   Thumb Code     2  heapauxi.o(.text)
    __rt_heap_expand$2region                 0x080005ad   Thumb Code     2  heapauxi.o(.text)
    _sys_exit                                0x080005b1   Thumb Code     8  sys_exit.o(.text)
    __rt_SIGABRT                             0x080005bd   Thumb Code    14  defsig_abrt_outer.o(.text)
    __I$use$semihosting                      0x080005cb   Thumb Code     0  use_no_semi.o(.text)
    __use_no_semihosting_swi                 0x080005cb   Thumb Code     2  use_no_semi.o(.text)
    __semihosting_library_function           0x080005cd   Thumb Code     0  indicate_semi.o(.text)
    __sig_exit                               0x080005cd   Thumb Code    10  defsig_exit.o(.text)
    __rt_SIGABRT_inner                       0x080005d9   Thumb Code    14  defsig_abrt_inner.o(.text)
    __user_setup_stackheap                   0x08000609   Thumb Code    74  sys_stackheap_outer.o(.text)
    exit                                     0x08000653   Thumb Code    18  exit.o(.text)
    __default_signal_display                 0x08000665   Thumb Code    50  defsig_general.o(.text)
    _ttywrch                                 0x08000697   Thumb Code    14  sys_wrch.o(.text)
    __user_libspace                          0x080006a5   Thumb Code     8  libspace.o(.text)
    __user_perproc_libspace                  0x080006a5   Thumb Code     0  libspace.o(.text)
    __user_perthread_libspace                0x080006a5   Thumb Code     0  libspace.o(.text)
    BusFault_Handler                         0x080006ad   Thumb Code     2  stm32f4xx_it.o(i.BusFault_Handler)
    DebugMon_Handler                         0x080006af   Thumb Code     2  stm32f4xx_it.o(i.DebugMon_Handler)
    EXTI9_5_IRQHandler                       0x080006b1   Thumb Code    72  stm32f4xx_it.o(i.EXTI9_5_IRQHandler)
    HAL_DMA_Abort                            0x08000709   Thumb Code   146  stm32f4xx_hal_dma.o(i.HAL_DMA_Abort)
    HAL_DMA_Abort_IT                         0x0800079b   Thumb Code    36  stm32f4xx_hal_dma.o(i.HAL_DMA_Abort_IT)
    HAL_GPIO_EXTI_Callback                   0x080007bf   Thumb Code     2  stm32f4xx_hal_gpio.o(i.HAL_GPIO_EXTI_Callback)
    HAL_GPIO_EXTI_IRQHandler                 0x080007c1   Thumb Code    18  stm32f4xx_hal_gpio.o(i.HAL_GPIO_EXTI_IRQHandler)
    HAL_GPIO_Init                            0x080007d9   Thumb Code   450  stm32f4xx_hal_gpio.o(i.HAL_GPIO_Init)
    HAL_GPIO_ReadPin                         0x080009c9   Thumb Code    10  stm32f4xx_hal_gpio.o(i.HAL_GPIO_ReadPin)
    HAL_GPIO_WritePin                        0x080009d3   Thumb Code    10  stm32f4xx_hal_gpio.o(i.HAL_GPIO_WritePin)
    HAL_GetTick                              0x080009dd   Thumb Code     6  stm32f4xx_hal.o(i.HAL_GetTick)
    HAL_IncTick                              0x080009e9   Thumb Code    12  stm32f4xx_hal.o(i.HAL_IncTick)
    HAL_Init                                 0x080009f9   Thumb Code    48  stm32f4xx_hal.o(i.HAL_Init)
    HAL_InitTick                             0x08000a2d   Thumb Code   100  stm32f4xx_hal_timebase_tim.o(i.HAL_InitTick)
    HAL_MspInit                              0x08000aa1   Thumb Code    70  stm32f4xx_hal_msp.o(i.HAL_MspInit)
    HAL_NVIC_EnableIRQ                       0x08000aed   Thumb Code    26  stm32f4xx_hal_cortex.o(i.HAL_NVIC_EnableIRQ)
    HAL_NVIC_SetPriority                     0x08000b09   Thumb Code    60  stm32f4xx_hal_cortex.o(i.HAL_NVIC_SetPriority)
    HAL_NVIC_SetPriorityGrouping             0x08000b49   Thumb Code    26  stm32f4xx_hal_cortex.o(i.HAL_NVIC_SetPriorityGrouping)
    HAL_RCC_ClockConfig                      0x08000b6d   Thumb Code   288  stm32f4xx_hal_rcc.o(i.HAL_RCC_ClockConfig)
    HAL_RCC_GetClockConfig                   0x08000ca1   Thumb Code    54  stm32f4xx_hal_rcc.o(i.HAL_RCC_GetClockConfig)
    HAL_RCC_GetPCLK1Freq                     0x08000ce1   Thumb Code    20  stm32f4xx_hal_rcc.o(i.HAL_RCC_GetPCLK1Freq)
    HAL_RCC_GetPCLK2Freq                     0x08000d01   Thumb Code    20  stm32f4xx_hal_rcc.o(i.HAL_RCC_GetPCLK2Freq)
    HAL_RCC_GetSysClockFreq                  0x08000d21   Thumb Code    88  stm32f4xx_hal_rcc.o(i.HAL_RCC_GetSysClockFreq)
    HAL_RCC_OscConfig                        0x08000d81   Thumb Code   856  stm32f4xx_hal_rcc.o(i.HAL_RCC_OscConfig)
    HAL_TIMEx_BreakCallback                  0x080010ed   Thumb Code     2  stm32f4xx_hal_tim_ex.o(i.HAL_TIMEx_BreakCallback)
    HAL_TIMEx_CommutCallback                 0x080010ef   Thumb Code     2  stm32f4xx_hal_tim_ex.o(i.HAL_TIMEx_CommutCallback)
    HAL_TIMEx_MasterConfigSynchronization    0x080010f1   Thumb Code   116  stm32f4xx_hal_tim_ex.o(i.HAL_TIMEx_MasterConfigSynchronization)
    HAL_TIM_Base_Init                        0x08001181   Thumb Code    90  stm32f4xx_hal_tim.o(i.HAL_TIM_Base_Init)
    HAL_TIM_Base_MspInit                     0x080011dd   Thumb Code    86  stm32f4xx_hal_msp.o(i.HAL_TIM_Base_MspInit)
    HAL_TIM_Base_Start_IT                    0x08001241   Thumb Code   100  stm32f4xx_hal_tim.o(i.HAL_TIM_Base_Start_IT)
    HAL_TIM_Base_Stop_IT                     0x080012c1   Thumb Code    48  stm32f4xx_hal_tim.o(i.HAL_TIM_Base_Stop_IT)
    HAL_TIM_IC_CaptureCallback               0x080012f1   Thumb Code     2  stm32f4xx_hal_tim.o(i.HAL_TIM_IC_CaptureCallback)
    HAL_TIM_IRQHandler                       0x080012f3   Thumb Code   358  stm32f4xx_hal_tim.o(i.HAL_TIM_IRQHandler)
    HAL_TIM_OC_DelayElapsedCallback          0x08001459   Thumb Code     2  stm32f4xx_hal_tim.o(i.HAL_TIM_OC_DelayElapsedCallback)
    HAL_TIM_PWM_PulseFinishedCallback        0x0800145b   Thumb Code     2  stm32f4xx_hal_tim.o(i.HAL_TIM_PWM_PulseFinishedCallback)
    HAL_TIM_PeriodElapsedCallback            0x0800145d   Thumb Code   110  main.o(i.HAL_TIM_PeriodElapsedCallback)
    HAL_TIM_TriggerCallback                  0x08001501   Thumb Code     2  stm32f4xx_hal_tim.o(i.HAL_TIM_TriggerCallback)
    HAL_UARTEx_RxEventCallback               0x08001503   Thumb Code     2  stm32f4xx_hal_uart.o(i.HAL_UARTEx_RxEventCallback)
    HAL_UART_ErrorCallback                   0x08001505   Thumb Code     2  stm32f4xx_hal_uart.o(i.HAL_UART_ErrorCallback)
    HAL_UART_IRQHandler                      0x08001509   Thumb Code   610  stm32f4xx_hal_uart.o(i.HAL_UART_IRQHandler)
    HAL_UART_Init                            0x08001771   Thumb Code    98  stm32f4xx_hal_uart.o(i.HAL_UART_Init)
    HAL_UART_MspInit                         0x080017d5   Thumb Code   108  stm32f4xx_hal_msp.o(i.HAL_UART_MspInit)
    HAL_UART_RxCpltCallback                  0x0800184d   Thumb Code     2  stm32f4xx_hal_uart.o(i.HAL_UART_RxCpltCallback)
    HAL_UART_TxCpltCallback                  0x0800184f   Thumb Code     2  stm32f4xx_hal_uart.o(i.HAL_UART_TxCpltCallback)
    HardFault_Handler                        0x08001851   Thumb Code     2  stm32f4xx_it.o(i.HardFault_Handler)
    MemManage_Handler                        0x08001929   Thumb Code     2  stm32f4xx_it.o(i.MemManage_Handler)
    ModBusFunction                           0x0800192b   Thumb Code    12  main.o(i.ModBusFunction)
    NMI_Handler                              0x08001937   Thumb Code     2  stm32f4xx_it.o(i.NMI_Handler)
    RCC_IRQHandler                           0x08001939   Thumb Code     2  stm32f4xx_it.o(i.RCC_IRQHandler)
    ReadParamFromModbusStack                 0x0800193d   Thumb Code   132  modbusdatahandler.o(i.ReadParamFromModbusStack)
    StartDefaultTask                         0x080019e1   Thumb Code     8  main.o(i.StartDefaultTask)
    SysTick_Handler                          0x080019e9   Thumb Code    38  port.o(i.SysTick_Handler)
    SystemClock_Config                       0x08001a15   Thumb Code   136  main.o(i.SystemClock_Config)
    SystemInit                               0x08001aa5   Thumb Code    12  system_stm32f4xx.o(i.SystemInit)
    TIM1_TRG_COM_TIM11_IRQHandler            0x08001ab5   Thumb Code     6  stm32f4xx_it.o(i.TIM1_TRG_COM_TIM11_IRQHandler)
    TIM6_DAC_IRQHandler                      0x08001ac1   Thumb Code     6  stm32f4xx_it.o(i.TIM6_DAC_IRQHandler)
    TIM7_IRQHandler                          0x08001acd   Thumb Code     6  stm32f4xx_it.o(i.TIM7_IRQHandler)
    TIM_Base_SetConfig                       0x08001ad9   Thumb Code   156  stm32f4xx_hal_tim.o(i.TIM_Base_SetConfig)
    USART2_IRQHandler                        0x08001dcd   Thumb Code    18  stm32f4xx_it.o(i.USART2_IRQHandler)
    USER_UART_IRQHandler                     0x08001de5   Thumb Code    62  portserial.o(i.USER_UART_IRQHandler)
    UsageFault_Handler                       0x08001e2d   Thumb Code     2  stm32f4xx_it.o(i.UsageFault_Handler)
    WriteParamToModbusStack                  0x08001e31   Thumb Code    84  modbusdatahandler.o(i.WriteParamToModbusStack)
    __critical_enter                         0x08001eb9   Thumb Code    10  mbcallbacks.o(i.__critical_enter)
    __critical_exit                          0x08001ec9   Thumb Code    10  mbcallbacks.o(i.__critical_exit)
    eMBEnable                                0x08001ed9   Thumb Code    28  mb.o(i.eMBEnable)
    eMBFuncReadCoils                         0x08001ef9   Thumb Code   114  mbfunccoils.o(i.eMBFuncReadCoils)
    eMBFuncReadDiscreteInputs                0x08001f6b   Thumb Code   114  mbfuncdisc.o(i.eMBFuncReadDiscreteInputs)
    eMBFuncReadHoldingRegister               0x08001fdd   Thumb Code    94  mbfuncholding.o(i.eMBFuncReadHoldingRegister)
    eMBFuncReadInputRegister                 0x0800203b   Thumb Code    98  mbfuncinput.o(i.eMBFuncReadInputRegister)
    eMBFuncReadWriteMultipleHoldingRegister  0x0800209d   Thumb Code   156  mbfuncholding.o(i.eMBFuncReadWriteMultipleHoldingRegister)
    eMBFuncReportSlaveID                     0x08002139   Thumb Code    26  mbfuncother.o(i.eMBFuncReportSlaveID)
    eMBFuncWriteCoil                         0x0800215d   Thumb Code    86  mbfunccoils.o(i.eMBFuncWriteCoil)
    eMBFuncWriteHoldingRegister              0x080021b3   Thumb Code    50  mbfuncholding.o(i.eMBFuncWriteHoldingRegister)
    eMBFuncWriteMultipleCoils                0x080021e5   Thumb Code   100  mbfunccoils.o(i.eMBFuncWriteMultipleCoils)
    eMBFuncWriteMultipleHoldingRegister      0x08002249   Thumb Code    78  mbfuncholding.o(i.eMBFuncWriteMultipleHoldingRegister)
    eMBInit                                  0x08002299   Thumb Code    96  mb.o(i.eMBInit)
    eMBPoll                                  0x08002319   Thumb Code   176  mb.o(i.eMBPoll)
    eMBRTUInit                               0x080023cd   Thumb Code    72  mbrtu.o(i.eMBRTUInit)
    eMBRTUReceive                            0x08002419   Thumb Code    80  mbrtu.o(i.eMBRTUReceive)
    eMBRTUSend                               0x08002471   Thumb Code    98  mbrtu.o(i.eMBRTUSend)
    eMBRTUStart                              0x080024dd   Thumb Code    32  mbrtu.o(i.eMBRTUStart)
    eMBRTUStop                               0x08002501   Thumb Code    26  mbrtu.o(i.eMBRTUStop)
    eMBRegCoilsCB                            0x0800251b   Thumb Code     4  mbcallbacks.o(i.eMBRegCoilsCB)
    eMBRegDiscreteCB                         0x0800251f   Thumb Code     4  mbcallbacks.o(i.eMBRegDiscreteCB)
    eMBRegHoldingCB                          0x08002525   Thumb Code   114  mbcallbacks.o(i.eMBRegHoldingCB)
    eMBRegInputCB                            0x0800259d   Thumb Code     4  mbcallbacks.o(i.eMBRegInputCB)
    enable_RX                                0x080025a1   Thumb Code    10  bsp.o(i.enable_RX)
    enable_TX                                0x080025b1   Thumb Code    10  bsp.o(i.enable_TX)
    init_TEST_LEDS                           0x080025c1   Thumb Code    62  main.o(i.init_TEST_LEDS)
    main                                     0x08002605   Thumb Code   240  main.o(i.main)
    osDelay                                  0x08002719   Thumb Code    14  cmsis_os.o(i.osDelay)
    osKernelStart                            0x08002727   Thumb Code    10  cmsis_os.o(i.osKernelStart)
    osThreadCreate                           0x08002731   Thumb Code    84  cmsis_os.o(i.osThreadCreate)
    prveMBError2Exception                    0x08002ad1   Thumb Code    24  mbutils.o(i.prveMBError2Exception)
    prvvTIMERExpiredISR                      0x08002ae9   Thumb Code     6  porttimer.o(i.prvvTIMERExpiredISR)
    pvPortMalloc                             0x08002af5   Thumb Code   216  heap_4.o(i.pvPortMalloc)
    pxPortInitialiseStack                    0x08002bd1   Thumb Code    40  port.o(i.pxPortInitialiseStack)
    usMBCRC16                                0x08002bfd   Thumb Code    40  mbcrc.o(i.usMBCRC16)
    uxListRemove                             0x08002c29   Thumb Code    38  list.o(i.uxListRemove)
    vApplicationGetIdleTaskMemory            0x08002c51   Thumb Code    16  freertos.o(i.vApplicationGetIdleTaskMemory)
    vListInitialise                          0x08002c65   Thumb Code    22  list.o(i.vListInitialise)
    vListInitialiseItem                      0x08002c7b   Thumb Code     6  list.o(i.vListInitialiseItem)
    vListInsert                              0x08002c81   Thumb Code    48  list.o(i.vListInsert)
    vListInsertEnd                           0x08002cb1   Thumb Code    24  list.o(i.vListInsertEnd)
    vMBPortSerialEnable                      0x08002cc9   Thumb Code    44  portserial.o(i.vMBPortSerialEnable)
    vMBPortTimersDisable                     0x08002cf9   Thumb Code     6  porttimer.o(i.vMBPortTimersDisable)
    vMBPortTimersEnable                      0x08002d05   Thumb Code    12  porttimer.o(i.vMBPortTimersEnable)
    vPortEnterCritical                       0x08002d19   Thumb Code    54  port.o(i.vPortEnterCritical)
    vPortExitCritical                        0x08002d59   Thumb Code    34  port.o(i.vPortExitCritical)
    vPortFree                                0x08002d81   Thumb Code    94  heap_4.o(i.vPortFree)
    vPortSetupTimerInterrupt                 0x08002de5   Thumb Code    32  port.o(i.vPortSetupTimerInterrupt)
    vTaskDelay                               0x08002e09   Thumb Code    66  tasks.o(i.vTaskDelay)
    vTaskStartScheduler                      0x08002e55   Thumb Code    90  tasks.o(i.vTaskStartScheduler)
    vTaskSuspendAll                          0x08002ec1   Thumb Code    10  tasks.o(i.vTaskSuspendAll)
    vTaskSwitchContext                       0x08002ed1   Thumb Code    82  tasks.o(i.vTaskSwitchContext)
    xMBPortEventGet                          0x08002f2d   Thumb Code    24  portevent.o(i.xMBPortEventGet)
    xMBPortEventInit                         0x08002f49   Thumb Code    10  portevent.o(i.xMBPortEventInit)
    xMBPortEventPost                         0x08002f59   Thumb Code    12  portevent.o(i.xMBPortEventPost)
    xMBPortSerialGetByte                     0x08002f69   Thumb Code    20  portserial.o(i.xMBPortSerialGetByte)
    xMBPortSerialInit                        0x08002f81   Thumb Code    80  portserial.o(i.xMBPortSerialInit)
    xMBPortSerialPutByte                     0x08002fd9   Thumb Code    10  portserial.o(i.xMBPortSerialPutByte)
    xMBPortTimersInit                        0x08002fe9   Thumb Code     8  porttimer.o(i.xMBPortTimersInit)
    xMBRTUReceiveFSM                         0x08002ff5   Thumb Code    96  mbrtu.o(i.xMBRTUReceiveFSM)
    xMBRTUTimerT35Expired                    0x0800305d   Thumb Code    58  mbrtu.o(i.xMBRTUTimerT35Expired)
    xMBRTUTransmitFSM                        0x0800309d   Thumb Code    94  mbrtu.o(i.xMBRTUTransmitFSM)
    xPortStartScheduler                      0x08003101   Thumb Code   222  port.o(i.xPortStartScheduler)
    xTaskCreate                              0x080031f5   Thumb Code    90  tasks.o(i.xTaskCreate)
    xTaskCreateStatic                        0x0800324f   Thumb Code    86  tasks.o(i.xTaskCreateStatic)
    xTaskIncrementTick                       0x080032a5   Thumb Code   194  tasks.o(i.xTaskIncrementTick)
    xTaskResumeAll                           0x08003371   Thumb Code   182  tasks.o(i.xTaskResumeAll)
    _fp_init                                 0x08003435   Thumb Code    10  fpinit.o(x$fpl$fpinit)
    __fplib_config_fpu_vfp                   0x0800343d   Thumb Code     0  fpinit.o(x$fpl$fpinit)
    __fplib_config_pureend_doubles           0x0800343d   Thumb Code     0  fpinit.o(x$fpl$fpinit)
    AHBPrescTable                            0x08003478   Data          16  system_stm32f4xx.o(.constdata)
    APBPrescTable                            0x08003488   Data           8  system_stm32f4xx.o(.constdata)
    Region$$Table$$Base                      0x080036a8   Number         0  anon$$obj.o(Region$$Table)
    Region$$Table$$Limit                     0x080036c8   Number         0  anon$$obj.o(Region$$Table)
    defaultTaskHandle                        0x20000000   Data           4  main.o(.data)
    ModBusTaskHandle                         0x20000004   Data           4  main.o(.data)
    uwTickFreq                               0x20000008   Data           1  stm32f4xx_hal.o(.data)
    uwTickPrio                               0x2000000c   Data           4  stm32f4xx_hal.o(.data)
    uwTick                                   0x20000010   Data           4  stm32f4xx_hal.o(.data)
    SystemCoreClock                          0x20000014   Data           4  system_stm32f4xx.o(.data)
    pxCurrentTCB                             0x20000018   Data           4  tasks.o(.data)
    counter_1                                0x20000080   Data           4  bsp.o(.data)
    counter_2                                0x20000084   Data           4  bsp.o(.data)
    update_value_1                           0x20000088   Data           4  bsp.o(.data)
    update_value_2                           0x2000008c   Data           4  bsp.o(.data)
    start_flag                               0x20000090   Data           2  bsp.o(.data)
    stop_flag                                0x20000092   Data           2  bsp.o(.data)
    work_time                                0x20000094   Data           4  bsp.o(.data)
    update_time_value                        0x20000098   Data           4  bsp.o(.data)
    timeout_Timer7                           0x200000a0   Data           2  porttimer.o(.data)
    counter_Timer7                           0x200000a2   Data           2  porttimer.o(.data)
    pxMBFrameCBByteReceived                  0x200000d0   Data           4  mb.o(.data)
    pxMBFrameCBTransmitterEmpty              0x200000d4   Data           4  mb.o(.data)
    pxMBPortCBTimerExpired                   0x200000d8   Data           4  mb.o(.data)
    htim6                                    0x20000160   Data          72  main.o(.bss)
    htim7                                    0x200001a8   Data          72  main.o(.bss)
    huart2                                   0x200001f0   Data          68  main.o(.bss)
    htim11                                   0x20000488   Data          72  stm32f4xx_hal_timebase_tim.o(.bss)
    ucRTUBuf                                 0x200041e0   Data         256  mbrtu.o(.bss)
    OutRegHoldingBuf                         0x200042e0   Data          16  mbcallbacks.o(.bss)
    __libspace_start                         0x200042f0   Data          96  libspace.o(.bss)
    __temporary_stack_top$libspace           0x20004350   Data           0  libspace.o(.bss)



==============================================================================

Memory Map of the image

  Image Entry point : 0x08000189

  Load Region LR_IROM1 (Base: 0x08000000, Size: 0x00003828, Max: 0x00100000, ABSOLUTE, COMPRESSED[0x00003714])

    Execution Region ER_IROM1 (Exec base: 0x08000000, Load base: 0x08000000, Size: 0x000036c8, Max: 0x00100000, ABSOLUTE)

    Exec Addr    Load Addr    Size         Type   Attr      Idx    E Section Name        Object

    0x08000000   0x08000000   0x00000188   Data   RO            3    RESET               startup_stm32f407xx.o
    0x08000188   0x08000188   0x00000008   Code   RO         4998  * !!!main             c_w.l(__main.o)
    0x08000190   0x08000190   0x00000034   Code   RO         5175    !!!scatter          c_w.l(__scatter.o)
    0x080001c4   0x080001c4   0x0000005a   Code   RO         5173    !!dczerorl2         c_w.l(__dczerorl2.o)
    0x0800021e   0x0800021e   0x00000002   PAD
    0x08000220   0x08000220   0x0000001c   Code   RO         5177    !!handler_zi        c_w.l(__scatter_zi.o)
    0x0800023c   0x0800023c   0x00000002   Code   RO         5056    .ARM.Collect$$libinit$$00000000  c_w.l(libinit.o)
    0x0800023e   0x0800023e   0x00000004   Code   RO         5068    .ARM.Collect$$libinit$$00000001  c_w.l(libinit2.o)
    0x08000242   0x08000242   0x00000000   Code   RO         5071    .ARM.Collect$$libinit$$00000004  c_w.l(libinit2.o)
    0x08000242   0x08000242   0x00000000   Code   RO         5074    .ARM.Collect$$libinit$$0000000A  c_w.l(libinit2.o)
    0x08000242   0x08000242   0x00000000   Code   RO         5076    .ARM.Collect$$libinit$$0000000C  c_w.l(libinit2.o)
    0x08000242   0x08000242   0x00000000   Code   RO         5078    .ARM.Collect$$libinit$$0000000E  c_w.l(libinit2.o)
    0x08000242   0x08000242   0x00000000   Code   RO         5081    .ARM.Collect$$libinit$$00000011  c_w.l(libinit2.o)
    0x08000242   0x08000242   0x00000000   Code   RO         5083    .ARM.Collect$$libinit$$00000013  c_w.l(libinit2.o)
    0x08000242   0x08000242   0x00000000   Code   RO         5085    .ARM.Collect$$libinit$$00000015  c_w.l(libinit2.o)
    0x08000242   0x08000242   0x00000000   Code   RO         5087    .ARM.Collect$$libinit$$00000017  c_w.l(libinit2.o)
    0x08000242   0x08000242   0x00000000   Code   RO         5089    .ARM.Collect$$libinit$$00000019  c_w.l(libinit2.o)
    0x08000242   0x08000242   0x00000000   Code   RO         5091    .ARM.Collect$$libinit$$0000001B  c_w.l(libinit2.o)
    0x08000242   0x08000242   0x00000000   Code   RO         5093    .ARM.Collect$$libinit$$0000001D  c_w.l(libinit2.o)
    0x08000242   0x08000242   0x00000000   Code   RO         5095    .ARM.Collect$$libinit$$0000001F  c_w.l(libinit2.o)
    0x08000242   0x08000242   0x00000000   Code   RO         5097    .ARM.Collect$$libinit$$00000021  c_w.l(libinit2.o)
    0x08000242   0x08000242   0x00000000   Code   RO         5099    .ARM.Collect$$libinit$$00000023  c_w.l(libinit2.o)
    0x08000242   0x08000242   0x00000000   Code   RO         5101    .ARM.Collect$$libinit$$00000025  c_w.l(libinit2.o)
    0x08000242   0x08000242   0x00000000   Code   RO         5105    .ARM.Collect$$libinit$$0000002C  c_w.l(libinit2.o)
    0x08000242   0x08000242   0x00000000   Code   RO         5107    .ARM.Collect$$libinit$$0000002E  c_w.l(libinit2.o)
    0x08000242   0x08000242   0x00000000   Code   RO         5109    .ARM.Collect$$libinit$$00000030  c_w.l(libinit2.o)
    0x08000242   0x08000242   0x00000000   Code   RO         5111    .ARM.Collect$$libinit$$00000032  c_w.l(libinit2.o)
    0x08000242   0x08000242   0x00000002   Code   RO         5112    .ARM.Collect$$libinit$$00000033  c_w.l(libinit2.o)
    0x08000244   0x08000244   0x00000002   Code   RO         5144    .ARM.Collect$$libshutdown$$00000000  c_w.l(libshutdown.o)
    0x08000246   0x08000246   0x00000000   Code   RO         5154    .ARM.Collect$$libshutdown$$00000002  c_w.l(libshutdown2.o)
    0x08000246   0x08000246   0x00000000   Code   RO         5156    .ARM.Collect$$libshutdown$$00000004  c_w.l(libshutdown2.o)
    0x08000246   0x08000246   0x00000000   Code   RO         5158    .ARM.Collect$$libshutdown$$00000006  c_w.l(libshutdown2.o)
    0x08000246   0x08000246   0x00000000   Code   RO         5161    .ARM.Collect$$libshutdown$$00000009  c_w.l(libshutdown2.o)
    0x08000246   0x08000246   0x00000000   Code   RO         5164    .ARM.Collect$$libshutdown$$0000000C  c_w.l(libshutdown2.o)
    0x08000246   0x08000246   0x00000000   Code   RO         5166    .ARM.Collect$$libshutdown$$0000000E  c_w.l(libshutdown2.o)
    0x08000246   0x08000246   0x00000000   Code   RO         5169    .ARM.Collect$$libshutdown$$00000011  c_w.l(libshutdown2.o)
    0x08000246   0x08000246   0x00000002   Code   RO         5170    .ARM.Collect$$libshutdown$$00000012  c_w.l(libshutdown2.o)
    0x08000248   0x08000248   0x00000000   Code   RO         5002    .ARM.Collect$$rtentry$$00000000  c_w.l(__rtentry.o)
    0x08000248   0x08000248   0x00000000   Code   RO         5017    .ARM.Collect$$rtentry$$00000002  c_w.l(__rtentry2.o)
    0x08000248   0x08000248   0x00000006   Code   RO         5029    .ARM.Collect$$rtentry$$00000004  c_w.l(__rtentry4.o)
    0x0800024e   0x0800024e   0x00000000   Code   RO         5019    .ARM.Collect$$rtentry$$00000009  c_w.l(__rtentry2.o)
    0x0800024e   0x0800024e   0x00000004   Code   RO         5020    .ARM.Collect$$rtentry$$0000000A  c_w.l(__rtentry2.o)
    0x08000252   0x08000252   0x00000000   Code   RO         5022    .ARM.Collect$$rtentry$$0000000C  c_w.l(__rtentry2.o)
    0x08000252   0x08000252   0x00000008   Code   RO         5023    .ARM.Collect$$rtentry$$0000000D  c_w.l(__rtentry2.o)
    0x0800025a   0x0800025a   0x00000002   Code   RO         5062    .ARM.Collect$$rtexit$$00000000  c_w.l(rtexit.o)
    0x0800025c   0x0800025c   0x00000000   Code   RO         5114    .ARM.Collect$$rtexit$$00000002  c_w.l(rtexit2.o)
    0x0800025c   0x0800025c   0x00000004   Code   RO         5115    .ARM.Collect$$rtexit$$00000003  c_w.l(rtexit2.o)
    0x08000260   0x08000260   0x00000006   Code   RO         5116    .ARM.Collect$$rtexit$$00000004  c_w.l(rtexit2.o)
    0x08000266   0x08000266   0x00000002   PAD
    0x08000268   0x08000268   0x000000be   Code   RO         4208    .emb_text           port.o
    0x08000326   0x08000326   0x00000002   PAD
    0x08000328   0x08000328   0x00000040   Code   RO            4    .text               startup_stm32f407xx.o
    0x08000368   0x08000368   0x000000ee   Code   RO         4984    .text               c_w.l(lludivv7m.o)
    0x08000456   0x08000456   0x00000016   Code   RO         4986    .text               c_w.l(abort.o)
    0x0800046c   0x0800046c   0x0000008a   Code   RO         4988    .text               c_w.l(rt_memcpy_v6.o)
    0x080004f6   0x080004f6   0x00000064   Code   RO         4990    .text               c_w.l(rt_memcpy_w.o)
    0x0800055a   0x0800055a   0x0000004e   Code   RO         4994    .text               c_w.l(rt_memclr_w.o)
    0x080005a8   0x080005a8   0x00000006   Code   RO         4996    .text               c_w.l(heapauxi.o)
    0x080005ae   0x080005ae   0x00000002   PAD
    0x080005b0   0x080005b0   0x0000000c   Code   RO         5000    .text               c_w.l(sys_exit.o)
    0x080005bc   0x080005bc   0x0000000e   Code   RO         5007    .text               c_w.l(defsig_abrt_outer.o)
    0x080005ca   0x080005ca   0x00000002   Code   RO         5013    .text               c_w.l(use_no_semi.o)
    0x080005cc   0x080005cc   0x00000000   Code   RO         5015    .text               c_w.l(indicate_semi.o)
    0x080005cc   0x080005cc   0x0000000a   Code   RO         5035    .text               c_w.l(defsig_exit.o)
    0x080005d6   0x080005d6   0x00000002   PAD
    0x080005d8   0x080005d8   0x00000030   Code   RO         5037    .text               c_w.l(defsig_abrt_inner.o)
    0x08000608   0x08000608   0x0000004a   Code   RO         5039    .text               c_w.l(sys_stackheap_outer.o)
    0x08000652   0x08000652   0x00000012   Code   RO         5041    .text               c_w.l(exit.o)
    0x08000664   0x08000664   0x00000032   Code   RO         5045    .text               c_w.l(defsig_general.o)
    0x08000696   0x08000696   0x0000000e   Code   RO         5057    .text               c_w.l(sys_wrch.o)
    0x080006a4   0x080006a4   0x00000008   Code   RO         5059    .text               c_w.l(libspace.o)
    0x080006ac   0x080006ac   0x00000002   Code   RO          310    i.BusFault_Handler  stm32f4xx_it.o
    0x080006ae   0x080006ae   0x00000002   Code   RO          311    i.DebugMon_Handler  stm32f4xx_it.o
    0x080006b0   0x080006b0   0x00000058   Code   RO          312    i.EXTI9_5_IRQHandler  stm32f4xx_it.o
    0x08000708   0x08000708   0x00000092   Code   RO          953    i.HAL_DMA_Abort     stm32f4xx_hal_dma.o
    0x0800079a   0x0800079a   0x00000024   Code   RO          954    i.HAL_DMA_Abort_IT  stm32f4xx_hal_dma.o
    0x080007be   0x080007be   0x00000002   Code   RO          844    i.HAL_GPIO_EXTI_Callback  stm32f4xx_hal_gpio.o
    0x080007c0   0x080007c0   0x00000018   Code   RO          845    i.HAL_GPIO_EXTI_IRQHandler  stm32f4xx_hal_gpio.o
    0x080007d8   0x080007d8   0x000001f0   Code   RO          846    i.HAL_GPIO_Init     stm32f4xx_hal_gpio.o
    0x080009c8   0x080009c8   0x0000000a   Code   RO          848    i.HAL_GPIO_ReadPin  stm32f4xx_hal_gpio.o
    0x080009d2   0x080009d2   0x0000000a   Code   RO          850    i.HAL_GPIO_WritePin  stm32f4xx_hal_gpio.o
    0x080009dc   0x080009dc   0x0000000c   Code   RO         1378    i.HAL_GetTick       stm32f4xx_hal.o
    0x080009e8   0x080009e8   0x00000010   Code   RO         1384    i.HAL_IncTick       stm32f4xx_hal.o
    0x080009f8   0x080009f8   0x00000034   Code   RO         1385    i.HAL_Init          stm32f4xx_hal.o
    0x08000a2c   0x08000a2c   0x00000074   Code   RO          452    i.HAL_InitTick      stm32f4xx_hal_timebase_tim.o
    0x08000aa0   0x08000aa0   0x0000004c   Code   RO          404    i.HAL_MspInit       stm32f4xx_hal_msp.o
    0x08000aec   0x08000aec   0x0000001a   Code   RO         1235    i.HAL_NVIC_EnableIRQ  stm32f4xx_hal_cortex.o
    0x08000b06   0x08000b06   0x00000002   PAD
    0x08000b08   0x08000b08   0x00000040   Code   RO         1241    i.HAL_NVIC_SetPriority  stm32f4xx_hal_cortex.o
    0x08000b48   0x08000b48   0x00000024   Code   RO         1242    i.HAL_NVIC_SetPriorityGrouping  stm32f4xx_hal_cortex.o
    0x08000b6c   0x08000b6c   0x00000134   Code   RO          492    i.HAL_RCC_ClockConfig  stm32f4xx_hal_rcc.o
    0x08000ca0   0x08000ca0   0x00000040   Code   RO          496    i.HAL_RCC_GetClockConfig  stm32f4xx_hal_rcc.o
    0x08000ce0   0x08000ce0   0x00000020   Code   RO          499    i.HAL_RCC_GetPCLK1Freq  stm32f4xx_hal_rcc.o
    0x08000d00   0x08000d00   0x00000020   Code   RO          500    i.HAL_RCC_GetPCLK2Freq  stm32f4xx_hal_rcc.o
    0x08000d20   0x08000d20   0x00000060   Code   RO          501    i.HAL_RCC_GetSysClockFreq  stm32f4xx_hal_rcc.o
    0x08000d80   0x08000d80   0x0000036c   Code   RO          504    i.HAL_RCC_OscConfig  stm32f4xx_hal_rcc.o
    0x080010ec   0x080010ec   0x00000002   Code   RO         2329    i.HAL_TIMEx_BreakCallback  stm32f4xx_hal_tim_ex.o
    0x080010ee   0x080010ee   0x00000002   Code   RO         2330    i.HAL_TIMEx_CommutCallback  stm32f4xx_hal_tim_ex.o
    0x080010f0   0x080010f0   0x00000090   Code   RO         2348    i.HAL_TIMEx_MasterConfigSynchronization  stm32f4xx_hal_tim_ex.o
    0x08001180   0x08001180   0x0000005a   Code   RO         1625    i.HAL_TIM_Base_Init  stm32f4xx_hal_tim.o
    0x080011da   0x080011da   0x00000002   PAD
    0x080011dc   0x080011dc   0x00000064   Code   RO          406    i.HAL_TIM_Base_MspInit  stm32f4xx_hal_msp.o
    0x08001240   0x08001240   0x00000080   Code   RO         1630    i.HAL_TIM_Base_Start_IT  stm32f4xx_hal_tim.o
    0x080012c0   0x080012c0   0x00000030   Code   RO         1633    i.HAL_TIM_Base_Stop_IT  stm32f4xx_hal_tim.o
    0x080012f0   0x080012f0   0x00000002   Code   RO         1659    i.HAL_TIM_IC_CaptureCallback  stm32f4xx_hal_tim.o
    0x080012f2   0x080012f2   0x00000166   Code   RO         1673    i.HAL_TIM_IRQHandler  stm32f4xx_hal_tim.o
    0x08001458   0x08001458   0x00000002   Code   RO         1676    i.HAL_TIM_OC_DelayElapsedCallback  stm32f4xx_hal_tim.o
    0x0800145a   0x0800145a   0x00000002   Code   RO         1703    i.HAL_TIM_PWM_PulseFinishedCallback  stm32f4xx_hal_tim.o
    0x0800145c   0x0800145c   0x000000a4   Code   RO           14    i.HAL_TIM_PeriodElapsedCallback  main.o
    0x08001500   0x08001500   0x00000002   Code   RO         1716    i.HAL_TIM_TriggerCallback  stm32f4xx_hal_tim.o
    0x08001502   0x08001502   0x00000002   Code   RO         2607    i.HAL_UARTEx_RxEventCallback  stm32f4xx_hal_uart.o
    0x08001504   0x08001504   0x00000002   Code   RO         2621    i.HAL_UART_ErrorCallback  stm32f4xx_hal_uart.o
    0x08001506   0x08001506   0x00000002   PAD
    0x08001508   0x08001508   0x00000268   Code   RO         2624    i.HAL_UART_IRQHandler  stm32f4xx_hal_uart.o
    0x08001770   0x08001770   0x00000062   Code   RO         2625    i.HAL_UART_Init     stm32f4xx_hal_uart.o
    0x080017d2   0x080017d2   0x00000002   PAD
    0x080017d4   0x080017d4   0x00000078   Code   RO          408    i.HAL_UART_MspInit  stm32f4xx_hal_msp.o
    0x0800184c   0x0800184c   0x00000002   Code   RO         2631    i.HAL_UART_RxCpltCallback  stm32f4xx_hal_uart.o
    0x0800184e   0x0800184e   0x00000002   Code   RO         2636    i.HAL_UART_TxCpltCallback  stm32f4xx_hal_uart.o
    0x08001850   0x08001850   0x00000002   Code   RO          313    i.HardFault_Handler  stm32f4xx_it.o
    0x08001852   0x08001852   0x00000002   PAD
    0x08001854   0x08001854   0x000000d4   Code   RO           15    i.MX_GPIO_Init      main.o
    0x08001928   0x08001928   0x00000002   Code   RO          314    i.MemManage_Handler  stm32f4xx_it.o
    0x0800192a   0x0800192a   0x0000000c   Code   RO           16    i.ModBusFunction    main.o
    0x08001936   0x08001936   0x00000002   Code   RO          315    i.NMI_Handler       stm32f4xx_it.o
    0x08001938   0x08001938   0x00000002   Code   RO          316    i.RCC_IRQHandler    stm32f4xx_it.o
    0x0800193a   0x0800193a   0x00000002   PAD
    0x0800193c   0x0800193c   0x000000a4   Code   RO         4928    i.ReadParamFromModbusStack  modbusdatahandler.o
    0x080019e0   0x080019e0   0x00000008   Code   RO           18    i.StartDefaultTask  main.o
    0x080019e8   0x080019e8   0x0000002c   Code   RO         4209    i.SysTick_Handler   port.o
    0x08001a14   0x08001a14   0x00000090   Code   RO           19    i.SystemClock_Config  main.o
    0x08001aa4   0x08001aa4   0x00000010   Code   RO         2954    i.SystemInit        system_stm32f4xx.o
    0x08001ab4   0x08001ab4   0x0000000c   Code   RO          317    i.TIM1_TRG_COM_TIM11_IRQHandler  stm32f4xx_it.o
    0x08001ac0   0x08001ac0   0x0000000c   Code   RO          318    i.TIM6_DAC_IRQHandler  stm32f4xx_it.o
    0x08001acc   0x08001acc   0x0000000c   Code   RO          319    i.TIM7_IRQHandler   stm32f4xx_it.o
    0x08001ad8   0x08001ad8   0x000000c8   Code   RO         1718    i.TIM_Base_SetConfig  stm32f4xx_hal_tim.o
    0x08001ba0   0x08001ba0   0x00000010   Code   RO         2638    i.UART_DMAAbortOnError  stm32f4xx_hal_uart.o
    0x08001bb0   0x08001bb0   0x0000004e   Code   RO         2648    i.UART_EndRxTransfer  stm32f4xx_hal_uart.o
    0x08001bfe   0x08001bfe   0x000000c0   Code   RO         2650    i.UART_Receive_IT   stm32f4xx_hal_uart.o
    0x08001cbe   0x08001cbe   0x00000002   PAD
    0x08001cc0   0x08001cc0   0x0000010c   Code   RO         2651    i.UART_SetConfig    stm32f4xx_hal_uart.o
    0x08001dcc   0x08001dcc   0x00000018   Code   RO          320    i.USART2_IRQHandler  stm32f4xx_it.o
    0x08001de4   0x08001de4   0x00000048   Code   RO         4596    i.USER_UART_IRQHandler  portserial.o
    0x08001e2c   0x08001e2c   0x00000002   Code   RO          321    i.UsageFault_Handler  stm32f4xx_it.o
    0x08001e2e   0x08001e2e   0x00000002   PAD
    0x08001e30   0x08001e30   0x00000068   Code   RO         4929    i.WriteParamToModbusStack  modbusdatahandler.o
    0x08001e98   0x08001e98   0x00000020   Code   RO         1248    i.__NVIC_SetPriority  stm32f4xx_hal_cortex.o
    0x08001eb8   0x08001eb8   0x00000010   Code   RO         4862    i.__critical_enter  mbcallbacks.o
    0x08001ec8   0x08001ec8   0x00000010   Code   RO         4863    i.__critical_exit   mbcallbacks.o
    0x08001ed8   0x08001ed8   0x00000020   Code   RO         4799    i.eMBEnable         mb.o
    0x08001ef8   0x08001ef8   0x00000072   Code   RO         4332    i.eMBFuncReadCoils  mbfunccoils.o
    0x08001f6a   0x08001f6a   0x00000072   Code   RO         4393    i.eMBFuncReadDiscreteInputs  mbfuncdisc.o
    0x08001fdc   0x08001fdc   0x0000005e   Code   RO         4417    i.eMBFuncReadHoldingRegister  mbfuncholding.o
    0x0800203a   0x0800203a   0x00000062   Code   RO         4459    i.eMBFuncReadInputRegister  mbfuncinput.o
    0x0800209c   0x0800209c   0x0000009c   Code   RO         4418    i.eMBFuncReadWriteMultipleHoldingRegister  mbfuncholding.o
    0x08002138   0x08002138   0x00000024   Code   RO         4483    i.eMBFuncReportSlaveID  mbfuncother.o
    0x0800215c   0x0800215c   0x00000056   Code   RO         4333    i.eMBFuncWriteCoil  mbfunccoils.o
    0x080021b2   0x080021b2   0x00000032   Code   RO         4419    i.eMBFuncWriteHoldingRegister  mbfuncholding.o
    0x080021e4   0x080021e4   0x00000064   Code   RO         4334    i.eMBFuncWriteMultipleCoils  mbfunccoils.o
    0x08002248   0x08002248   0x0000004e   Code   RO         4420    i.eMBFuncWriteMultipleHoldingRegister  mbfuncholding.o
    0x08002296   0x08002296   0x00000002   PAD
    0x08002298   0x08002298   0x00000080   Code   RO         4800    i.eMBInit           mb.o
    0x08002318   0x08002318   0x000000b4   Code   RO         4801    i.eMBPoll           mb.o
    0x080023cc   0x080023cc   0x0000004c   Code   RO         4717    i.eMBRTUInit        mbrtu.o
    0x08002418   0x08002418   0x00000058   Code   RO         4718    i.eMBRTUReceive     mbrtu.o
    0x08002470   0x08002470   0x0000006c   Code   RO         4719    i.eMBRTUSend        mbrtu.o
    0x080024dc   0x080024dc   0x00000024   Code   RO         4720    i.eMBRTUStart       mbrtu.o
    0x08002500   0x08002500   0x0000001a   Code   RO         4721    i.eMBRTUStop        mbrtu.o
    0x0800251a   0x0800251a   0x00000004   Code   RO         4864    i.eMBRegCoilsCB     mbcallbacks.o
    0x0800251e   0x0800251e   0x00000004   Code   RO         4865    i.eMBRegDiscreteCB  mbcallbacks.o
    0x08002522   0x08002522   0x00000002   PAD
    0x08002524   0x08002524   0x00000078   Code   RO         4866    i.eMBRegHoldingCB   mbcallbacks.o
    0x0800259c   0x0800259c   0x00000004   Code   RO         4867    i.eMBRegInputCB     mbcallbacks.o
    0x080025a0   0x080025a0   0x00000010   Code   RO         4288    i.enable_RX         bsp.o
    0x080025b0   0x080025b0   0x00000010   Code   RO         4289    i.enable_TX         bsp.o
    0x080025c0   0x080025c0   0x00000044   Code   RO           20    i.init_TEST_LEDS    main.o
    0x08002604   0x08002604   0x00000108   Code   RO           21    i.main              main.o
    0x0800270c   0x0800270c   0x0000000c   Code   RO         3774    i.makeFreeRtosPriority  cmsis_os.o
    0x08002718   0x08002718   0x0000000e   Code   RO         3776    i.osDelay           cmsis_os.o
    0x08002726   0x08002726   0x0000000a   Code   RO         3779    i.osKernelStart     cmsis_os.o
    0x08002730   0x08002730   0x00000054   Code   RO         3813    i.osThreadCreate    cmsis_os.o
    0x08002784   0x08002784   0x00000070   Code   RO         3456    i.prvAddCurrentTaskToDelayedList  tasks.o
    0x080027f4   0x080027f4   0x000000d0   Code   RO         3457    i.prvAddNewTaskToReadyList  tasks.o
    0x080028c4   0x080028c4   0x00000034   Code   RO         3458    i.prvDeleteTCB      tasks.o
    0x080028f8   0x080028f8   0x0000004c   Code   RO         4141    i.prvHeapInit       heap_4.o
    0x08002944   0x08002944   0x00000060   Code   RO         3459    i.prvIdleTask       tasks.o
    0x080029a4   0x080029a4   0x00000098   Code   RO         3460    i.prvInitialiseNewTask  tasks.o
    0x08002a3c   0x08002a3c   0x0000004c   Code   RO         4142    i.prvInsertBlockIntoFreeList  heap_4.o
    0x08002a88   0x08002a88   0x00000020   Code   RO         3461    i.prvResetNextTaskUnblockTime  tasks.o
    0x08002aa8   0x08002aa8   0x00000028   Code   RO         4210    i.prvTaskExitError  port.o
    0x08002ad0   0x08002ad0   0x00000018   Code   RO         4516    i.prveMBError2Exception  mbutils.o
    0x08002ae8   0x08002ae8   0x0000000c   Code   RO         4645    i.prvvTIMERExpiredISR  porttimer.o
    0x08002af4   0x08002af4   0x000000dc   Code   RO         4143    i.pvPortMalloc      heap_4.o
    0x08002bd0   0x08002bd0   0x0000002c   Code   RO         4211    i.pxPortInitialiseStack  port.o
    0x08002bfc   0x08002bfc   0x0000002c   Code   RO         4691    i.usMBCRC16         mbcrc.o
    0x08002c28   0x08002c28   0x00000026   Code   RO         3092    i.uxListRemove      list.o
    0x08002c4e   0x08002c4e   0x00000002   PAD
    0x08002c50   0x08002c50   0x00000014   Code   RO          276    i.vApplicationGetIdleTaskMemory  freertos.o
    0x08002c64   0x08002c64   0x00000016   Code   RO         3093    i.vListInitialise   list.o
    0x08002c7a   0x08002c7a   0x00000006   Code   RO         3094    i.vListInitialiseItem  list.o
    0x08002c80   0x08002c80   0x00000030   Code   RO         3095    i.vListInsert       list.o
    0x08002cb0   0x08002cb0   0x00000018   Code   RO         3096    i.vListInsertEnd    list.o
    0x08002cc8   0x08002cc8   0x00000030   Code   RO         4597    i.vMBPortSerialEnable  portserial.o
    0x08002cf8   0x08002cf8   0x0000000c   Code   RO         4678    i.vMBPortTimersDisable  porttimer.o
    0x08002d04   0x08002d04   0x00000014   Code   RO         4672    i.vMBPortTimersEnable  porttimer.o
    0x08002d18   0x08002d18   0x00000040   Code   RO         4213    i.vPortEnterCritical  port.o
    0x08002d58   0x08002d58   0x00000028   Code   RO         4214    i.vPortExitCritical  port.o
    0x08002d80   0x08002d80   0x00000064   Code   RO         4144    i.vPortFree         heap_4.o
    0x08002de4   0x08002de4   0x00000024   Code   RO         4215    i.vPortSetupTimerInterrupt  port.o
    0x08002e08   0x08002e08   0x0000004c   Code   RO         3470    i.vTaskDelay        tasks.o
    0x08002e54   0x08002e54   0x0000006c   Code   RO         3483    i.vTaskStartScheduler  tasks.o
    0x08002ec0   0x08002ec0   0x00000010   Code   RO         3485    i.vTaskSuspendAll   tasks.o
    0x08002ed0   0x08002ed0   0x0000005c   Code   RO         3486    i.vTaskSwitchContext  tasks.o
    0x08002f2c   0x08002f2c   0x0000001c   Code   RO         4552    i.xMBPortEventGet   portevent.o
    0x08002f48   0x08002f48   0x00000010   Code   RO         4553    i.xMBPortEventInit  portevent.o
    0x08002f58   0x08002f58   0x00000010   Code   RO         4554    i.xMBPortEventPost  portevent.o
    0x08002f68   0x08002f68   0x00000018   Code   RO         4598    i.xMBPortSerialGetByte  portserial.o
    0x08002f80   0x08002f80   0x00000058   Code   RO         4599    i.xMBPortSerialInit  portserial.o
    0x08002fd8   0x08002fd8   0x00000010   Code   RO         4600    i.xMBPortSerialPutByte  portserial.o
    0x08002fe8   0x08002fe8   0x0000000c   Code   RO         4646    i.xMBPortTimersInit  porttimer.o
    0x08002ff4   0x08002ff4   0x00000068   Code   RO         4722    i.xMBRTUReceiveFSM  mbrtu.o
    0x0800305c   0x0800305c   0x00000040   Code   RO         4723    i.xMBRTUTimerT35Expired  mbrtu.o
    0x0800309c   0x0800309c   0x00000064   Code   RO         4724    i.xMBRTUTransmitFSM  mbrtu.o
    0x08003100   0x08003100   0x000000f4   Code   RO         4217    i.xPortStartScheduler  port.o
    0x080031f4   0x080031f4   0x0000005a   Code   RO         3489    i.xTaskCreate       tasks.o
    0x0800324e   0x0800324e   0x00000056   Code   RO         3490    i.xTaskCreateStatic  tasks.o
    0x080032a4   0x080032a4   0x000000cc   Code   RO         3497    i.xTaskIncrementTick  tasks.o
    0x08003370   0x08003370   0x000000c4   Code   RO         3503    i.xTaskResumeAll    tasks.o
    0x08003434   0x08003434   0x0000000a   Code   RO         5136    x$fpl$fpinit        fz_wm.l(fpinit.o)
    0x0800343e   0x0800343e   0x00000002   PAD
    0x08003440   0x08003440   0x00000038   Data   RO           25    .constdata          main.o
    0x08003478   0x08003478   0x00000010   Data   RO         2955    .constdata          system_stm32f4xx.o
    0x08003488   0x08003488   0x00000008   Data   RO         2956    .constdata          system_stm32f4xx.o
    0x08003490   0x08003490   0x00000200   Data   RO         4692    .constdata          mbcrc.o
    0x08003690   0x08003690   0x00000018   Data   RO           26    .conststring        main.o
    0x080036a8   0x080036a8   0x00000020   Data   RO         5171    Region$$Table       anon$$obj.o


    Execution Region RW_IRAM1 (Exec base: 0x20000000, Load base: 0x080036c8, Size: 0x0000a350, Max: 0x0001c000, ABSOLUTE, COMPRESSED[0x0000004c])

    Exec Addr    Load Addr    Size         Type   Attr      Idx    E Section Name        Object

    0x20000000   COMPRESSED   0x00000008   Data   RW           27    .data               main.o
    0x20000008   COMPRESSED   0x0000000c   Data   RW         1392    .data               stm32f4xx_hal.o
    0x20000014   COMPRESSED   0x00000004   Data   RW         2957    .data               system_stm32f4xx.o
    0x20000018   COMPRESSED   0x0000003c   Data   RW         3506    .data               tasks.o
    0x20000054   COMPRESSED   0x00000020   Data   RW         4150    .data               heap_4.o
    0x20000074   COMPRESSED   0x0000000c   Data   RW         4218    .data               port.o
    0x20000080   COMPRESSED   0x00000004   Data   RW         4290    .data               bsp.o
    0x20000084   COMPRESSED   0x00000004   Data   RW         4291    .data               bsp.o
    0x20000088   COMPRESSED   0x00000004   Data   RW         4292    .data               bsp.o
    0x2000008c   COMPRESSED   0x00000004   Data   RW         4293    .data               bsp.o
    0x20000090   COMPRESSED   0x00000002   Data   RW         4294    .data               bsp.o
    0x20000092   COMPRESSED   0x00000002   Data   RW         4295    .data               bsp.o
    0x20000094   COMPRESSED   0x00000004   Data   RW         4296    .data               bsp.o
    0x20000098   COMPRESSED   0x00000004   Data   RW         4297    .data               bsp.o
    0x2000009c   COMPRESSED   0x00000002   Data   RW         4486    .data               mbfuncother.o
    0x2000009e   COMPRESSED   0x00000002   Data   RW         4555    .data               portevent.o
    0x200000a0   COMPRESSED   0x00000004   Data   RW         4647    .data               porttimer.o
    0x200000a4   COMPRESSED   0x0000000c   Data   RW         4726    .data               mbrtu.o
    0x200000b0   COMPRESSED   0x000000ac   Data   RW         4803    .data               mb.o
    0x2000015c   COMPRESSED   0x00000004   Data   RW         4871    .data               mbcallbacks.o
    0x20000160        -       0x000000d4   Zero   RW           24    .bss                main.o
    0x20000234        -       0x00000254   Zero   RW          277    .bss                freertos.o
    0x20000488        -       0x00000048   Zero   RW          455    .bss                stm32f4xx_hal_timebase_tim.o
    0x200004d0        -       0x000000f0   Zero   RW         3505    .bss                tasks.o
    0x200005c0        -       0x00003c00   Zero   RW         4149    .bss                heap_4.o
    0x200041c0        -       0x00000020   Zero   RW         4485    .bss                mbfuncother.o
    0x200041e0        -       0x00000100   Zero   RW         4725    .bss                mbrtu.o
    0x200042e0        -       0x00000010   Zero   RW         4868    .bss                mbcallbacks.o
    0x200042f0        -       0x00000060   Zero   RW         5060    .bss                c_w.l(libspace.o)
    0x20004350        -       0x00002000   Zero   RW            2    HEAP                startup_stm32f407xx.o
    0x20006350        -       0x00004000   Zero   RW            1    STACK               startup_stm32f407xx.o


    Execution Region RW_IRAM2 (Exec base: 0x2001c000, Load base: 0x08003714, Size: 0x00000000, Max: 0x00004000, ABSOLUTE)

    **** No section assigned to this execution region ****


==============================================================================

Image component sizes


      Code (inc. data)   RO Data    RW Data    ZI Data      Debug   Object Name

        32         12          0         28          0       2005   bsp.o
       120          0          0          0          0      23485   cmsis_os.o
         0          0          0          0          0      16972   event_groups.o
        20          4          0          0        596       1304   freertos.o
       472         24          0         32      15360       7567   heap_4.o
       138          0          0          0          0       3678   list.o
       872        110         80          8        212     728913   main.o
       340         40          0        172          0       4204   mb.o
       164         18          0          4         16       4329   mbcallbacks.o
        44          4        512          0          0       1260   mbcrc.o
       300          0          0          0          0       7675   mbfunccoils.o
       114          0          0          0          0       1576   mbfuncdisc.o
       378          0          0          0          0       5259   mbfuncholding.o
        98          0          0          0          0       1567   mbfuncinput.o
        36         10          0          2         32       1399   mbfuncother.o
       602         46          0         12        256       6615   mbrtu.o
        24          0          0          0          0        660   mbutils.o
       268         70          0          0          0       1813   modbusdatahandler.o
       702         72          0         12          0      11232   port.o
        60         14          0          2          0       2256   portevent.o
       248         32          0          0          0       3860   portserial.o
        56         24          0          4          0       2803   porttimer.o
        64         26        392          0      24576        864   startup_stm32f407xx.o
        80         14          0         12          0       8210   stm32f4xx_hal.o
       158         14          0          0          0      33266   stm32f4xx_hal_cortex.o
       182          0          0          0          0       2163   stm32f4xx_hal_dma.o
       542         52          0          0          0       4163   stm32f4xx_hal_gpio.o
       296         32          0          0          0       2404   stm32f4xx_hal_msp.o
      1408         82          0          0          0       6053   stm32f4xx_hal_rcc.o
       832         72          0          0          0       7648   stm32f4xx_hal_tim.o
       148         28          0          0          0       2545   stm32f4xx_hal_tim_ex.o
       116         16          0          0         72       1488   stm32f4xx_hal_timebase_tim.o
      1276         16          0          0          0       8524   stm32f4xx_hal_uart.o
       162         40          0          0          0       6047   stm32f4xx_it.o
         0          0          0          0          0        392   stream_buffer.o
        16          4         24          4          0       1195   system_stm32f4xx.o
      1520        112          0         60        240      19850   tasks.o

    ----------------------------------------------------------------------
     11912        988       1040        352      41360     945244   Object Totals
         0          0         32          0          0          0   (incl. Generated)
        24          0          0          0          0          0   (incl. Padding)

    ----------------------------------------------------------------------

      Code (inc. data)   RO Data    RW Data    ZI Data      Debug   Library Member Name

        90          0          0          0          0          0   __dczerorl2.o
         8          0          0          0          0         68   __main.o
         0          0          0          0          0          0   __rtentry.o
        12          0          0          0          0          0   __rtentry2.o
         6          0          0          0          0          0   __rtentry4.o
        52          8          0          0          0          0   __scatter.o
        28          0          0          0          0          0   __scatter_zi.o
        22          0          0          0          0         80   abort.o
        48         34          0          0          0         76   defsig_abrt_inner.o
        14          0          0          0          0         80   defsig_abrt_outer.o
        10          0          0          0          0         68   defsig_exit.o
        50          0          0          0          0         88   defsig_general.o
        18          0          0          0          0         80   exit.o
         6          0          0          0          0        152   heapauxi.o
         0          0          0          0          0          0   indicate_semi.o
         2          0          0          0          0          0   libinit.o
         6          0          0          0          0          0   libinit2.o
         2          0          0          0          0          0   libshutdown.o
         2          0          0          0          0          0   libshutdown2.o
         8          4          0          0         96         68   libspace.o
       238          0          0          0          0        100   lludivv7m.o
        78          0          0          0          0         80   rt_memclr_w.o
       138          0          0          0          0         68   rt_memcpy_v6.o
       100          0          0          0          0         80   rt_memcpy_w.o
         2          0          0          0          0          0   rtexit.o
        10          0          0          0          0          0   rtexit2.o
        12          4          0          0          0         68   sys_exit.o
        74          0          0          0          0         80   sys_stackheap_outer.o
        14          0          0          0          0         76   sys_wrch.o
         2          0          0          0          0         68   use_no_semi.o
        10          0          0          0          0        116   fpinit.o

    ----------------------------------------------------------------------
      1072         50          0          0         96       1496   Library Totals
        10          0          0          0          0          0   (incl. Padding)

    ----------------------------------------------------------------------

      Code (inc. data)   RO Data    RW Data    ZI Data      Debug   Library Name

      1052         50          0          0         96       1380   c_w.l
        10          0          0          0          0        116   fz_wm.l

    ----------------------------------------------------------------------
      1072         50          0          0         96       1496   Library Totals

    ----------------------------------------------------------------------

==============================================================================


      Code (inc. data)   RO Data    RW Data    ZI Data      Debug   

     12984       1038       1040        352      41456     932064   Grand Totals
     12984       1038       1040         76      41456     932064   ELF Image Totals (compressed)
     12984       1038       1040         76          0          0   ROM Totals

==============================================================================

    Total RO  Size (Code + RO Data)                14024 (  13.70kB)
    Total RW  Size (RW Data + ZI Data)             41808 (  40.83kB)
    Total ROM Size (Code + RO Data + RW Data)      14100 (  13.77kB)

==============================================================================

